Component: ARM Compiler 5.06 update 6 (build 750) Tool: armlink [4d35ed]

==============================================================================

Section Cross References

    startup_hc32f003.o(STACK) refers (Special) to heapauxi.o(.text) for __use_two_region_memory
    startup_hc32f003.o(HEAP) refers (Special) to heapauxi.o(.text) for __use_two_region_memory
    startup_hc32f003.o(RESET) refers (Special) to heapauxi.o(.text) for __use_two_region_memory
    startup_hc32f003.o(RESET) refers to startup_hc32f003.o(STACK) for __initial_sp
    startup_hc32f003.o(RESET) refers to startup_hc32f003.o(.text) for Reset_Handler
    startup_hc32f003.o(RESET) refers to interrupts_hc32f003.o(i.HardFault_Handler) for HardFault_Handler
    startup_hc32f003.o(RESET) refers to interrupts_hc32f003.o(i.IRQ000_Handler) for IRQ000_Handler
    startup_hc32f003.o(RESET) refers to interrupts_hc32f003.o(i.IRQ001_Handler) for IRQ001_Handler
    startup_hc32f003.o(RESET) refers to interrupts_hc32f003.o(i.IRQ002_Handler) for IRQ002_Handler
    startup_hc32f003.o(RESET) refers to interrupts_hc32f003.o(i.IRQ003_Handler) for IRQ003_Handler
    startup_hc32f003.o(RESET) refers to interrupts_hc32f003.o(i.IRQ006_Handler) for IRQ006_Handler
    startup_hc32f003.o(RESET) refers to interrupts_hc32f003.o(i.IRQ007_Handler) for IRQ007_Handler
    startup_hc32f003.o(RESET) refers to interrupts_hc32f003.o(i.IRQ010_Handler) for IRQ010_Handler
    startup_hc32f003.o(RESET) refers to interrupts_hc32f003.o(i.IRQ012_Handler) for IRQ012_Handler
    startup_hc32f003.o(RESET) refers to interrupts_hc32f003.o(i.IRQ014_Handler) for IRQ014_Handler
    startup_hc32f003.o(RESET) refers to interrupts_hc32f003.o(i.IRQ015_Handler) for IRQ015_Handler
    startup_hc32f003.o(RESET) refers to interrupts_hc32f003.o(i.IRQ016_Handler) for IRQ016_Handler
    startup_hc32f003.o(RESET) refers to interrupts_hc32f003.o(i.IRQ018_Handler) for IRQ018_Handler
    startup_hc32f003.o(RESET) refers to interrupts_hc32f003.o(i.IRQ019_Handler) for IRQ019_Handler
    startup_hc32f003.o(RESET) refers to interrupts_hc32f003.o(i.IRQ020_Handler) for IRQ020_Handler
    startup_hc32f003.o(RESET) refers to interrupts_hc32f003.o(i.IRQ021_Handler) for IRQ021_Handler
    startup_hc32f003.o(RESET) refers to interrupts_hc32f003.o(i.IRQ022_Handler) for IRQ022_Handler
    startup_hc32f003.o(RESET) refers to interrupts_hc32f003.o(i.IRQ024_Handler) for IRQ024_Handler
    startup_hc32f003.o(RESET) refers to interrupts_hc32f003.o(i.IRQ026_Handler) for IRQ026_Handler
    startup_hc32f003.o(RESET) refers to interrupts_hc32f003.o(i.IRQ027_Handler) for IRQ027_Handler
    startup_hc32f003.o(RESET) refers to interrupts_hc32f003.o(i.IRQ028_Handler) for IRQ028_Handler
    startup_hc32f003.o(RESET) refers to interrupts_hc32f003.o(i.IRQ030_Handler) for IRQ030_Handler
    startup_hc32f003.o(RESET) refers to interrupts_hc32f003.o(i.IRQ031_Handler) for IRQ031_Handler
    startup_hc32f003.o(.text) refers (Special) to heapauxi.o(.text) for __use_two_region_memory
    startup_hc32f003.o(.text) refers to system_hc32f003.o(i.SystemInit) for SystemInit
    startup_hc32f003.o(.text) refers to __main.o(!!!main) for __main
    startup_hc32f003.o(.text) refers to startup_hc32f003.o(HEAP) for Heap_Mem
    startup_hc32f003.o(.text) refers to startup_hc32f003.o(STACK) for Stack_Mem
    system_hc32f003.o(i.SystemCoreClockUpdate) refers to clk.o(i.Clk_GetHClkFreq) for Clk_GetHClkFreq
    system_hc32f003.o(i.SystemCoreClockUpdate) refers to system_hc32f003.o(.data) for .data
    system_hc32f003.o(i.SystemInit) refers to clk.o(i.Clk_Enable) for Clk_Enable
    system_hc32f003.o(i.SystemInit) refers to clk.o(i.Clk_SetRCHFreq) for Clk_SetRCHFreq
    system_hc32f003.o(i.SystemInit) refers to system_hc32f003.o(i.SystemCoreClockUpdate) for SystemCoreClockUpdate
    system_hc32f003.o(i.SystemInit) refers to ddl.o(i.ddl_memclr) for ddl_memclr
    system_hc32f003.o(i.SystemInit) refers to clk.o(i.Clk_SysTickConfig) for Clk_SysTickConfig
    main.o(i.CALCULATERPARAMETER) refers to main.o(.bss) for .bss
    main.o(i.host_receive_task) refers to uart_host.o(i.HostRS232GetChar) for HostRS232GetChar
    main.o(i.host_receive_task) refers to uart_host.o(i.HostRS232RXBufferCount) for HostRS232RXBufferCount
    main.o(i.host_receive_task) refers to uart_host.o(i.reset_host_rx_buf) for reset_host_rx_buf
    main.o(i.host_receive_task) refers to main.o(i.ChkHostSum) for ChkHostSum
    main.o(i.host_receive_task) refers to main.o(.bss) for .bss
    main.o(i.host_send_data) refers to main.o(i.ChkHostSum) for ChkHostSum
    main.o(i.host_send_data) refers to uart_host.o(i.host_rs232_send_bytes) for host_rs232_send_bytes
    main.o(i.host_send_data) refers to main.o(.bss) for .bss
    main.o(i.main) refers to clk.o(i.Clk_SetRCHFreq) for Clk_SetRCHFreq
    main.o(i.main) refers to clk.o(i.Clk_Init) for Clk_Init
    main.o(i.main) refers to rn8209.o(i.rn8209_init) for rn8209_init
[...]
    __rtentry4.o(.ARM.Collect$$rtentry$$00000004) refers to sys_stackheap_outer.o(.text) for __user_setup_stackheap
    __rtentry4.o(.ARM.exidx) refers to __rtentry4.o(.ARM.Collect$$rtentry$$00000004) for .ARM.Collect$$rtentry$$00000004
    rt_div0.o(.text) refers to defsig_fpe_outer.o(.text) for __rt_SIGFPE
    defsig_abrt_outer.o(.text) refers to defsig_abrt_inner.o(.text) for __rt_SIGABRT_inner
    defsig_abrt_outer.o(.text) refers to defsig_exit.o(.text) for __sig_exit
    defsig_abrt_formal.o(.text) refers to rt_raise.o(.text) for __rt_raise
    sys_stackheap_outer.o(.text) refers to libspace.o(.text) for __user_perproc_libspace
    sys_stackheap_outer.o(.text) refers to startup_hc32f003.o(.text) for __user_initial_stackheap
    sys_stackheap_outer.o(__vectab_stack_and_reset_area) refers to tempstk.o(.text) for __temporary_stack_top
    sys_stackheap_outer.o(__vectab_stack_and_reset_area) refers to __main.o(!!!main) for __main
    rt_raise.o(.text) refers to __raise.o(.text) for __raise
    rt_raise.o(.text) refers to ddl.o(i._sys_exit) for _sys_exit
    exit.o(.text) refers to rtexit.o(.ARM.Collect$$rtexit$$00000000) for __rt_exit
    defsig_exit.o(.text) refers to ddl.o(i._sys_exit) for _sys_exit
    defsig_abrt_inner.o(.text) refers to defsig_general.o(.text) for __default_signal_display
    defsig_fpe_outer.o(.text) refers to defsig_fpe_inner.o(.text) for __rt_SIGFPE_inner
    defsig_fpe_outer.o(.text) refers to defsig_exit.o(.text) for __sig_exit
    defsig_fpe_formal.o(.text) refers to rt_raise.o(.text) for __rt_raise
    libinit.o(.ARM.Collect$$libinit$$00000000) refers (Special) to libinit2.o(.ARM.Collect$$libinit$$0000002E) for __rt_lib_init_alloca_1
    libinit.o(.ARM.Collect$$libinit$$00000000) refers (Special) to libinit2.o(.ARM.Collect$$libinit$$0000002C) for __rt_lib_init_argv_1
    libinit.o(.ARM.Collect$$libinit$$00000000) refers (Special) to libinit2.o(.ARM.Collect$$libinit$$0000001B) for __rt_lib_init_atexit_1
    libinit.o(.ARM.Collect$$libinit$$00000000) refers (Special) to libinit2.o(.ARM.Collect$$libinit$$00000021) for __rt_lib_init_clock_1
    libinit.o(.ARM.Collect$$libinit$$00000000) refers (Special) to libinit2.o(.ARM.Collect$$libinit$$00000032) for __rt_lib_init_cpp_1
    libinit.o(.ARM.Collect$$libinit$$00000000) refers (Special) to libinit2.o(.ARM.Collect$$libinit$$00000030) for __rt_lib_init_exceptions_1
    libinit.o(.ARM.Collect$$libinit$$00000000) refers (Special) to libinit2.o(.ARM.Collect$$libinit$$00000002) for __rt_lib_init_fp_1
    libinit.o(.ARM.Collect$$libinit$$00000000) refers (Special) to libinit2.o(.ARM.Collect$$libinit$$0000001F) for __rt_lib_init_fp_trap_1
    libinit.o(.ARM.Collect$$libinit$$00000000) refers (Special) to libinit2.o(.ARM.Collect$$libinit$$00000023) for __rt_lib_init_getenv_1
    libinit.o(.ARM.Collect$$libinit$$00000000) refers (Special) to libinit2.o(.ARM.Collect$$libinit$$0000000A) for __rt_lib_init_heap_1
    libinit.o(.ARM.Collect$$libinit$$00000000) refers (Special) to libinit2.o(.ARM.Collect$$libinit$$00000011) for __rt_lib_init_lc_collate_1
    libinit.o(.ARM.Collect$$libinit$$00000000) refers (Special) to libinit2.o(.ARM.Collect$$libinit$$00000013) for __rt_lib_init_lc_ctype_1
    libinit.o(.ARM.Collect$$libinit$$00000000) refers (Special) to libinit2.o(.ARM.Collect$$libinit$$00000015) for __rt_lib_init_lc_monetary_1
    libinit.o(.ARM.Collect$$libinit$$00000000) refers (Special) to libinit2.o(.ARM.Collect$$libinit$$00000017) for __rt_lib_init_lc_numeric_1
    libinit.o(.ARM.Collect$$libinit$$00000000) refers (Special) to libinit2.o(.ARM.Collect$$libinit$$00000019) for __rt_lib_init_lc_time_1
    libinit.o(.ARM.Collect$$libinit$$00000000) refers (Special) to libinit2.o(.ARM.Collect$$libinit$$00000004) for __rt_lib_init_preinit_1
    libinit.o(.ARM.Collect$$libinit$$00000000) refers (Special) to libinit2.o(.ARM.Collect$$libinit$$0000000E) for __rt_lib_init_rand_1
    libinit.o(.ARM.Collect$$libinit$$00000000) refers (Special) to libinit2.o(.ARM.Collect$$libinit$$00000033) for __rt_lib_init_return
    libinit.o(.ARM.Collect$$libinit$$00000000) refers (Special) to libinit2.o(.ARM.Collect$$libinit$$0000001D) for __rt_lib_init_signal_1
    libinit.o(.ARM.Collect$$libinit$$00000000) refers (Special) to libinit2.o(.ARM.Collect$$libinit$$00000025) for __rt_lib_init_stdio_1
    libinit.o(.ARM.Collect$$libinit$$00000000) refers (Special) to libinit2.o(.ARM.Collect$$libinit$$0000000C) for __rt_lib_init_user_alloc_1
    libspace.o(.text) refers to libspace.o(.bss) for __libspace_start
    rtexit.o(.ARM.Collect$$rtexit$$00000000) refers (Special) to rtexit2.o(.ARM.Collect$$rtexit$$00000004) for __rt_exit_exit
    rtexit.o(.ARM.Collect$$rtexit$$00000000) refers (Special) to rtexit2.o(.ARM.Collect$$rtexit$$00000003) for __rt_exit_ls
    rtexit.o(.ARM.Collect$$rtexit$$00000000) refers (Special) to rtexit2.o(.ARM.Collect$$rtexit$$00000002) for __rt_exit_prels_1
    rtexit.o(.ARM.exidx) refers (Special) to rtexit2.o(.ARM.Collect$$rtexit$$00000004) for __rt_exit_exit
    rtexit.o(.ARM.exidx) refers (Special) to rtexit2.o(.ARM.Collect$$rtexit$$00000003) for __rt_exit_ls
    rtexit.o(.ARM.exidx) refers (Special) to rtexit2.o(.ARM.Collect$$rtexit$$00000002) for __rt_exit_prels_1
    rtexit.o(.ARM.exidx) refers to rtexit.o(.ARM.Collect$$rtexit$$00000000) for .ARM.Collect$$rtexit$$00000000
    __raise.o(.text) refers to defsig.o(CL$$defsig) for __default_signal_handler
    defsig_general.o(.text) refers to ddl.o(i._ttywrch) for _ttywrch
    defsig_fpe_inner.o(.text) refers to defsig_general.o(.text) for __default_signal_display
    libinit2.o(.ARM.Collect$$libinit$$00000010) refers to libinit2.o(.ARM.Collect$$libinit$$0000000F) for .ARM.Collect$$libinit$$0000000F
    libinit2.o(.ARM.Collect$$libinit$$00000012) refers to libinit2.o(.ARM.Collect$$libinit$$0000000F) for .ARM.Collect$$libinit$$0000000F
    libinit2.o(.ARM.Collect$$libinit$$00000014) refers to libinit2.o(.ARM.Collect$$libinit$$0000000F) for .ARM.Collect$$libinit$$0000000F
    libinit2.o(.ARM.Collect$$libinit$$00000016) refers to libinit2.o(.ARM.Collect$$libinit$$0000000F) for .ARM.Collect$$libinit$$0000000F
    libinit2.o(.ARM.Collect$$libinit$$00000018) refers to libinit2.o(.ARM.Collect$$libinit$$0000000F) for .ARM.Collect$$libinit$$0000000F
    libinit2.o(.ARM.Collect$$libinit$$00000026) refers to argv_veneer.o(.text) for __ARM_argv_veneer
    libinit2.o(.ARM.Collect$$libinit$$00000027) refers to argv_veneer.o(.text) for __ARM_argv_veneer
    rtexit2.o(.ARM.Collect$$rtexit$$00000003) refers to libshutdown.o(.ARM.Collect$$libshutdown$$00000000) for __rt_lib_shutdown
    rtexit2.o(.ARM.Collect$$rtexit$$00000004) refers to ddl.o(i._sys_exit) for _sys_exit
    rtexit2.o(.ARM.exidx) refers to rtexit2.o(.ARM.Collect$$rtexit$$00000001) for .ARM.Collect$$rtexit$$00000001
    rtexit2.o(.ARM.exidx) refers to rtexit2.o(.ARM.Collect$$rtexit$$00000003) for .ARM.Collect$$rtexit$$00000003
    rtexit2.o(.ARM.exidx) refers to rtexit2.o(.ARM.Collect$$rtexit$$00000004) for .ARM.Collect$$rtexit$$00000004
    defsig.o(CL$$defsig) refers to defsig_abrt_inner.o(.text) for __rt_SIGABRT_inner
    defsig.o(CL$$defsig) refers to defsig_fpe_inner.o(.text) for __rt_SIGFPE_inner
    defsig.o(CL$$defsig) refers to defsig_rtmem_inner.o(.text) for __rt_SIGRTMEM_inner
    defsig_rtred_inner.o(.text) refers to defsig_general.o(.text) for __default_signal_display
    defsig_rtmem_inner.o(.text) refers to defsig_general.o(.text) for __default_signal_display
    defsig_stak_inner.o(.text) refers to defsig_general.o(.text) for __default_signal_display
    defsig_pvfn_inner.o(.text) refers to defsig_general.o(.text) for __default_signal_display
    defsig_cppl_inner.o(.text) refers to defsig_general.o(.text) for __default_signal_display
    defsig_segv_inner.o(.text) refers to defsig_general.o(.text) for __default_signal_display
    defsig_other.o(.text) refers to defsig_general.o(.text) for __default_signal_display
    _get_argv_nomalloc.o(.text) refers (Special) to hrguard.o(.text) for __heap_region$guard
    _get_argv_nomalloc.o(.text) refers to defsig_rtmem_outer.o(.text) for __rt_SIGRTMEM
    _get_argv_nomalloc.o(.text) refers to sys_command.o(.text) for _sys_command_string
    libshutdown.o(.ARM.Collect$$libshutdown$$00000000) refers (Special) to libshutdown2.o(.ARM.Collect$$libshutdown$$00000002) for __rt_lib_shutdown_cpp_1
    libshutdown.o(.ARM.Collect$$libshutdown$$00000000) refers (Special) to libshutdown2.o(.ARM.Collect$$libshutdown$$00000007) for __rt_lib_shutdown_fp_trap_1
    libshutdown.o(.ARM.Collect$$libshutdown$$00000000) refers (Special) to libshutdown2.o(.ARM.Collect$$libshutdown$$0000000F) for __rt_lib_shutdown_heap_1
    libshutdown.o(.ARM.Collect$$libshutdown$$00000000) refers (Special) to libshutdown2.o(.ARM.Collect$$libshutdown$$00000010) for __rt_lib_shutdown_return
    libshutdown.o(.ARM.Collect$$libshutdown$$00000000) refers (Special) to libshutdown2.o(.ARM.Collect$$libshutdown$$0000000A) for __rt_lib_shutdown_signal_1
    libshutdown.o(.ARM.Collect$$libshutdown$$00000000) refers (Special) to libshutdown2.o(.ARM.Collect$$libshutdown$$00000004) for __rt_lib_shutdown_stdio_1
    libshutdown.o(.ARM.Collect$$libshutdown$$00000000) refers (Special) to libshutdown2.o(.ARM.Collect$$libshutdown$$0000000C) for __rt_lib_shutdown_user_alloc_1
    sys_command.o(.text) refers (Special) to use_no_semi.o(.text) for __I$use$semihosting
    sys_command.o(.text) refers (Special) to indicate_semi.o(.text) for __semihosting_library_function
    defsig_rtmem_outer.o(.text) refers to defsig_rtmem_inner.o(.text) for __rt_SIGRTMEM_inner
    defsig_rtmem_outer.o(.text) refers to defsig_exit.o(.text) for __sig_exit
    defsig_rtmem_formal.o(.text) refers to rt_raise.o(.text) for __rt_raise


==============================================================================

Removing Unused input sections from the image.

    Removing system_hc32f003.o(.rev16_text), (4 bytes).
    Removing system_hc32f003.o(.revsh_text), (4 bytes).
    Removing main.o(.rev16_text), (4 bytes).
    Removing main.o(.revsh_text), (4 bytes).
    Removing main.o(.constdata), (2 bytes).
    Removing main.o(.data), (10 bytes).
    Removing main.o(.data), (4 bytes).
    Removing main.o(.data), (4 bytes).
    Removing main.o(.data), (4 bytes).
    Removing rn8209.o(.rev16_text), (4 bytes).
    Removing rn8209.o(.revsh_text), (4 bytes).
    Removing rn8209.o(i.write_disable), (20 bytes).
    Removing rn8209.o(i.write_enable), (20 bytes).
    Removing rn8209.o(.data), (1 bytes).
    Removing rn8209.o(.data), (1 bytes).
    Removing btimer.o(.rev16_text), (4 bytes).
    Removing btimer.o(.revsh_text), (4 bytes).
    Removing uart_host.o(.rev16_text), (4 bytes).
    Removing uart_host.o(.revsh_text), (4 bytes).
    Removing clk.o(.rev16_text), (4 bytes).
    Removing clk.o(.revsh_text), (4 bytes).
    Removing clk.o(i.Clk_DeInit), (30 bytes).
    Removing clk.o(i.Clk_DebugClk), (48 bytes).
    Removing clk.o(i.Clk_GetPeripheralGate), (16 bytes).
    Removing clk.o(i.Clk_SetFunc), (188 bytes).
    Removing clk.o(i.Clk_SetRCLFreq), (72 bytes).
    Removing clk.o(i.Clk_SetXTLDrive), (32 bytes).
    Removing clk.o(i.Clk_SysTickSkewGet), (16 bytes).
    Removing clk.o(i.Clk_SysTickStcalibGet), (16 bytes).
    Removing bt.o(.rev16_text), (4 bytes).
    Removing bt.o(.revsh_text), (4 bytes).
    Removing bt.o(i.Bt_Cnt16Get), (104 bytes).
    Removing bt.o(i.Bt_Cnt32Get), (100 bytes).
    Removing bt.o(i.Bt_Cnt32Set), (108 bytes).
    Removing bt.o(i.Bt_DisableIrq), (112 bytes).
    Removing bt.o(i.Bt_Stop), (120 bytes).
    Removing ddl.o(.rev16_text), (4 bytes).
    Removing ddl.o(.revsh_text), (4 bytes).
    Removing ddl.o(i.DDL_WAIT_LOOP_HOOK), (2 bytes).
    Removing ddl.o(i.Debug_Output), (30 bytes).
    Removing ddl.o(i.Debug_UartInit), (132 bytes).
    Removing ddl.o(i.__backspace), (4 bytes).
    Removing ddl.o(i.delay100us), (60 bytes).
    Removing ddl.o(i.fputc), (26 bytes).
    Removing ddl.o(.data), (4 bytes).
    Removing interrupts_hc32f003.o(.rev16_text), (4 bytes).
    Removing interrupts_hc32f003.o(.revsh_text), (4 bytes).
    Removing uart.o(.rev16_text), (4 bytes).
    Removing uart.o(.revsh_text), (4 bytes).
    Removing uart.o(i.Uart_GetRb8), (128 bytes).
    Removing uart.o(i.Uart_SetSaddr), (128 bytes).
    Removing uart.o(i.Uart_SetSaddrEn), (128 bytes).
    Removing gpio.o(.rev16_text), (4 bytes).
    Removing gpio.o(.revsh_text), (4 bytes).
    Removing gpio.o(i.Gpio_ClearIrq), (24 bytes).
    Removing gpio.o(i.Gpio_DisableIrq), (12 bytes).
    Removing gpio.o(i.Gpio_EnableIrq), (12 bytes).
    Removing gpio.o(i.Gpio_GetIO), (20 bytes).
    Removing gpio.o(i.Gpio_GetIrqStat), (20 bytes).
    Removing gpio.o(i.Gpio_InitIO), (104 bytes).
    Removing gpio.o(i.Gpio_SetCtrlExt), (212 bytes).
    Removing gpio.o(i.Gpio_SetExtClkSel), (56 bytes).
    Removing gpio.o(i.Gpio_SetIO), (48 bytes).
    Removing gpio.o(i.Gpio_SetSignalSource), (232 bytes).
    Removing gpio.o(i.Gpio_SetSsnSel), (56 bytes).
    Removing gpio.o(i._GpioEnableIrq), (112 bytes).

66 unused section(s) (total 2666 bytes) removed from the image.

==============================================================================

Image Symbol Table

    Local Symbols

    Symbol Name                              Value     Ov Type        Size  Object(Section)

    RESET                                    0x00000000   Section      192  startup_hc32f003.o(RESET)
    ../clib/angel/boardlib.s                 0x00000000   Number         0  boardinit2.o ABSOLUTE
    ../clib/angel/boardlib.s                 0x00000000   Number         0  boardinit1.o ABSOLUTE
    ../clib/angel/boardlib.s                 0x00000000   Number         0  boardshut.o ABSOLUTE
    ../clib/angel/boardlib.s                 0x00000000   Number         0  boardinit3.o ABSOLUTE
    ../clib/angel/handlers.s                 0x00000000   Number         0  __scatter_zi.o ABSOLUTE
    ../clib/angel/handlers.s                 0x00000000   Number         0  __scatter_copy.o ABSOLUTE
    ../clib/angel/kernel.s                   0x00000000   Number         0  __rtentry2.o ABSOLUTE
    ../clib/angel/kernel.s                   0x00000000   Number         0  __rtentry4.o ABSOLUTE
    ../clib/angel/kernel.s                   0x00000000   Number         0  rtexit.o ABSOLUTE
    ../clib/angel/kernel.s                   0x00000000   Number         0  rtexit2.o ABSOLUTE
    ../clib/angel/kernel.s                   0x00000000   Number         0  __rtentry.o ABSOLUTE
    ../clib/angel/rt.s                       0x00000000   Number         0  aeabi_idiv0.o ABSOLUTE
    ../clib/angel/rt.s                       0x00000000   Number         0  aeabi_idiv0_sigfpe.o ABSOLUTE
    ../clib/angel/rt.s                       0x00000000   Number         0  rt_div0.o ABSOLUTE
    ../clib/angel/rt.s                       0x00000000   Number         0  rt_raise.o ABSOLUTE
    ../clib/angel/scatterp.s                 0x00000000   Number         0  __scatter.o ABSOLUTE
    ../clib/angel/startup.s                  0x00000000   Number         0  __main.o ABSOLUTE
    ../clib/angel/sys.s                      0x00000000   Number         0  libspace.o ABSOLUTE
    ../clib/angel/sys.s                      0x00000000   Number         0  use_no_semi.o ABSOLUTE
    ../clib/angel/sys.s                      0x00000000   Number         0  use_no_semi_2.o ABSOLUTE
    ../clib/angel/sys.s                      0x00000000   Number         0  indicate_semi.o ABSOLUTE
    ../clib/angel/sys.s                      0x00000000   Number         0  tempstk.o ABSOLUTE
    ../clib/angel/sys.s                      0x00000000   Number         0  sys_stackheap_outer.o ABSOLUTE
    ../clib/angel/sysapp.c                   0x00000000   Number         0  sys_command.o ABSOLUTE
    ../clib/armsys.c                         0x00000000   Number         0  no_argv.o ABSOLUTE
    ../clib/armsys.c                         0x00000000   Number         0  _get_argv_nomalloc.o ABSOLUTE
    ../clib/armsys.c                         0x00000000   Number         0  argv_veneer.o ABSOLUTE
    ../clib/assert.c                         0x00000000   Number         0  assert_puts.o ABSOLUTE
    ../clib/assert.c                         0x00000000   Number         0  assert.o ABSOLUTE
    ../clib/division.s                       0x00000000   Number         0  aeabi_sdiv.o ABSOLUTE
    ../clib/division.s                       0x00000000   Number         0  aeabi_sdiv_div0.o ABSOLUTE
    ../clib/heapalloc.c                      0x00000000   Number         0  hrguard.o ABSOLUTE
    ../clib/heapaux.c                        0x00000000   Number         0  heapauxi.o ABSOLUTE
    ../clib/libinit.s                        0x00000000   Number         0  libshutdown.o ABSOLUTE
    ../clib/libinit.s                        0x00000000   Number         0  libinit.o ABSOLUTE
    ../clib/libinit.s                        0x00000000   Number         0  libinit2.o ABSOLUTE
    ../clib/libinit.s                        0x00000000   Number         0  libshutdown2.o ABSOLUTE
    ../clib/memcpset.c                       0x00000000   Number         0  rt_memclr.o ABSOLUTE
    ../clib/signal.c                         0x00000000   Number         0  defsig_other.o ABSOLUTE
    ../clib/signal.c                         0x00000000   Number         0  defsig_segv_inner.o ABSOLUTE
    ../clib/signal.c                         0x00000000   Number         0  defsig_fpe_outer.o ABSOLUTE
    ../clib/signal.c                         0x00000000   Number         0  defsig_cppl_inner.o ABSOLUTE
    ../clib/signal.c                         0x00000000   Number         0  defsig_abrt_formal.o ABSOLUTE
    ../clib/signal.c                         0x00000000   Number         0  defsig_stak_inner.o ABSOLUTE
    ../clib/signal.c                         0x00000000   Number         0  defsig_rtmem_inner.o ABSOLUTE
    ../clib/signal.c                         0x00000000   Number         0  defsig_rtred_inner.o ABSOLUTE
    ../clib/signal.c                         0x00000000   Number         0  defsig_abrt_outer.o ABSOLUTE
    ../clib/signal.c                         0x00000000   Number         0  defsig_rtmem_formal.o ABSOLUTE
    ../clib/signal.c                         0x00000000   Number         0  defsig_fpe_formal.o ABSOLUTE
    ../clib/signal.c                         0x00000000   Number         0  defsig_rtmem_outer.o ABSOLUTE
    ../clib/signal.c                         0x00000000   Number         0  defsig_fpe_inner.o ABSOLUTE
    ../clib/signal.c                         0x00000000   Number         0  defsig_general.o ABSOLUTE
    ../clib/signal.c                         0x00000000   Number         0  __raise.o ABSOLUTE
    ../clib/signal.c                         0x00000000   Number         0  defsig_pvfn_inner.o ABSOLUTE
    ../clib/signal.c                         0x00000000   Number         0  defsig_exit.o ABSOLUTE
    ../clib/signal.c                         0x00000000   Number         0  defsig_abrt_inner.o ABSOLUTE
    ../clib/signal.s                         0x00000000   Number         0  defsig.o ABSOLUTE
    ../clib/stdlib.c                         0x00000000   Number         0  abort.o ABSOLUTE
    ../clib/stdlib.c                         0x00000000   Number         0  exit.o ABSOLUTE
    ../fplib/cfplib/fpinit.c                 0x00000000   Number         0  fpinit.o ABSOLUTE
    ..\..\..\driver\src\bt.c                 0x00000000   Number         0  bt.o ABSOLUTE
    ..\..\..\driver\src\clk.c                0x00000000   Number         0  clk.o ABSOLUTE
    ..\..\..\driver\src\ddl.c                0x00000000   Number         0  ddl.o ABSOLUTE
    ..\..\..\driver\src\gpio.c               0x00000000   Number         0  gpio.o ABSOLUTE
    ..\..\..\driver\src\interrupts_hc32f003.c 0x00000000   Number         0  interrupts_hc32f003.o ABSOLUTE
    ..\..\..\driver\src\uart.c               0x00000000   Number         0  uart.o ABSOLUTE
    ..\..\..\mcu\common\system_hc32f003.c    0x00000000   Number         0  system_hc32f003.o ABSOLUTE
    ..\\..\\..\\driver\\src\\bt.c            0x00000000   Number         0  bt.o ABSOLUTE
    ..\\..\\..\\driver\\src\\clk.c           0x00000000   Number         0  clk.o ABSOLUTE
    ..\\..\\..\\driver\\src\\ddl.c           0x00000000   Number         0  ddl.o ABSOLUTE
    ..\\..\\..\\driver\\src\\gpio.c          0x00000000   Number         0  gpio.o ABSOLUTE
    ..\\..\\..\\driver\\src\\interrupts_hc32f003.c 0x00000000   Number         0  interrupts_hc32f003.o ABSOLUTE
    ..\\..\\..\\driver\\src\\uart.c          0x00000000   Number         0  uart.o ABSOLUTE
    ..\\..\\..\\mcu\\common\\system_hc32f003.c 0x00000000   Number         0  system_hc32f003.o ABSOLUTE
    dc.s                                     0x00000000   Number         0  dc.o ABSOLUTE
    source\\btimer.c                         0x00000000   Number         0  btimer.o ABSOLUTE
    source\\main.c                           0x00000000   Number         0  main.o ABSOLUTE
    source\\rn8209.c                         0x00000000   Number         0  rn8209.o ABSOLUTE
    source\\uart_host.c                      0x00000000   Number         0  uart_host.o ABSOLUTE
    source\alg.c                             0x00000000   Number         0  alg.o ABSOLUTE
    source\btimer.c                          0x00000000   Number         0  btimer.o ABSOLUTE
    source\led.c                             0x00000000   Number         0  led.o ABSOLUTE
    source\main.c                            0x00000000   Number         0  main.o ABSOLUTE
    source\rn8209.c                          0x00000000   Number         0  rn8209.o ABSOLUTE
    source\uart_host.c                       0x00000000   Number         0  uart_host.o ABSOLUTE
    source\uart_test.c                       0x00000000   Number         0  uart_test.o ABSOLUTE
    startup_hc32f003.s                       0x00000000   Number         0  startup_hc32f003.o ABSOLUTE
    !!!main                                  0x000000c0   Section        8  __main.o(!!!main)
    !!!scatter                               0x000000c8   Section       60  __scatter.o(!!!scatter)
    !!handler_copy                           0x00000104   Section       26  __scatter_copy.o(!!handler_copy)
    !!handler_zi                             0x00000120   Section       28  __scatter_zi.o(!!handler_zi)
    .ARM.Collect$$libinit$$00000000          0x0000013c   Section        2  libinit.o(.ARM.Collect$$libinit$$00000000)
    .ARM.Collect$$libinit$$00000002          0x0000013e   Section        0  libinit2.o(.ARM.Collect$$libinit$$00000002)
    .ARM.Collect$$libinit$$00000004          0x0000013e   Section        0  libinit2.o(.ARM.Collect$$libinit$$00000004)
    .ARM.Collect$$libinit$$0000000A          0x0000013e   Section        0  libinit2.o(.ARM.Collect$$libinit$$0000000A)
    .ARM.Collect$$libinit$$0000000C          0x0000013e   Section        0  libinit2.o(.ARM.Collect$$libinit$$0000000C)
    .ARM.Collect$$libinit$$0000000E          0x0000013e   Section        0  libinit2.o(.ARM.Collect$$libinit$$0000000E)
    .ARM.Collect$$libinit$$00000011          0x0000013e   Section        0  libinit2.o(.ARM.Collect$$libinit$$00000011)
    .ARM.Collect$$libinit$$00000013          0x0000013e   Section        0  libinit2.o(.ARM.Collect$$libinit$$00000013)
    .ARM.Collect$$libinit$$00000015          0x0000013e   Section        0  libinit2.o(.ARM.Collect$$libinit$$00000015)
    .ARM.Collect$$libinit$$00000017          0x0000013e   Section        0  libinit2.o(.ARM.Collect$$libinit$$00000017)
    .ARM.Collect$$libinit$$00000019          0x0000013e   Section        0  libinit2.o(.ARM.Collect$$libinit$$00000019)
    .ARM.Collect$$libinit$$0000001B          0x0000013e   Section        0  libinit2.o(.ARM.Collect$$libinit$$0000001B)
    .ARM.Collect$$libinit$$0000001D          0x0000013e   Section        0  libinit2.o(.ARM.Collect$$libinit$$0000001D)
    .ARM.Collect$$libinit$$0000001F          0x0000013e   Section        0  libinit2.o(.ARM.Collect$$libinit$$0000001F)
    .ARM.Collect$$libinit$$00000021          0x0000013e   Section        0  libinit2.o(.ARM.Collect$$libinit$$00000021)
    .ARM.Collect$$libinit$$00000023          0x0000013e   Section        0  libinit2.o(.ARM.Collect$$libinit$$00000023)
    .ARM.Collect$$libinit$$00000025          0x0000013e   Section        0  libinit2.o(.ARM.Collect$$libinit$$00000025)
    .ARM.Collect$$libinit$$0000002C          0x0000013e   Section        0  libinit2.o(.ARM.Collect$$libinit$$0000002C)
    .ARM.Collect$$libinit$$0000002E          0x0000013e   Section        0  libinit2.o(.ARM.Collect$$libinit$$0000002E)
    .ARM.Collect$$libinit$$00000030          0x0000013e   Section        0  libinit2.o(.ARM.Collect$$libinit$$00000030)
    .ARM.Collect$$libinit$$00000032          0x0000013e   Section        0  libinit2.o(.ARM.Collect$$libinit$$00000032)
    .ARM.Collect$$libinit$$00000033          0x0000013e   Section        2  libinit2.o(.ARM.Collect$$libinit$$00000033)
    .ARM.Collect$$libshutdown$$00000000      0x00000140   Section        2  libshutdown.o(.ARM.Collect$$libshutdown$$00000000)
    .ARM.Collect$$libshutdown$$00000002      0x00000142   Section        0  libshutdown2.o(.ARM.Collect$$libshutdown$$00000002)
    .ARM.Collect$$libshutdown$$00000004      0x00000142   Section        0  libshutdown2.o(.ARM.Collect$$libshutdown$$00000004)
    .ARM.Collect$$libshutdown$$00000007      0x00000142   Section        0  libshutdown2.o(.ARM.Collect$$libshutdown$$00000007)
    .ARM.Collect$$libshutdown$$0000000A      0x00000142   Section        0  libshutdown2.o(.ARM.Collect$$libshutdown$$0000000A)
    .ARM.Collect$$libshutdown$$0000000C      0x00000142   Section        0  libshutdown2.o(.ARM.Collect$$libshutdown$$0000000C)
    .ARM.Collect$$libshutdown$$0000000F      0x00000142   Section        0  libshutdown2.o(.ARM.Collect$$libshutdown$$0000000F)
    .ARM.Collect$$libshutdown$$00000010      0x00000142   Section        2  libshutdown2.o(.ARM.Collect$$libshutdown$$00000010)
    .ARM.Collect$$rtentry$$00000000          0x00000144   Section        0  __rtentry.o(.ARM.Collect$$rtentry$$00000000)
    .ARM.Collect$$rtentry$$00000002          0x00000144   Section        0  __rtentry2.o(.ARM.Collect$$rtentry$$00000002)
    .ARM.Collect$$rtentry$$00000004          0x00000144   Section        6  __rtentry4.o(.ARM.Collect$$rtentry$$00000004)
    .ARM.Collect$$rtentry$$00000009          0x0000014a   Section        0  __rtentry2.o(.ARM.Collect$$rtentry$$00000009)
    .ARM.Collect$$rtentry$$0000000A          0x0000014a   Section        4  __rtentry2.o(.ARM.Collect$$rtentry$$0000000A)
    .ARM.Collect$$rtentry$$0000000C          0x0000014e   Section        0  __rtentry2.o(.ARM.Collect$$rtentry$$0000000C)
    .ARM.Collect$$rtentry$$0000000D          0x0000014e   Section        8  __rtentry2.o(.ARM.Collect$$rtentry$$0000000D)
    .ARM.Collect$$rtexit$$00000000           0x00000156   Section        2  rtexit.o(.ARM.Collect$$rtexit$$00000000)
    .ARM.Collect$$rtexit$$00000002           0x00000158   Section        0  rtexit2.o(.ARM.Collect$$rtexit$$00000002)
    .ARM.Collect$$rtexit$$00000003           0x00000158   Section        4  rtexit2.o(.ARM.Collect$$rtexit$$00000003)
    .ARM.Collect$$rtexit$$00000004           0x0000015c   Section        6  rtexit2.o(.ARM.Collect$$rtexit$$00000004)
    .text                                    0x00000164   Section       84  startup_hc32f003.o(.text)
    .text                                    0x000001b8   Section        2  use_no_semi_2.o(.text)
    .text                                    0x000001bc   Section        0  assert.o(.text)
    .text                                    0x00000238   Section        0  rt_memclr.o(.text)
    .text                                    0x00000278   Section      346  aeabi_sdiv.o(.text)
    .text                                    0x000003d2   Section        0  heapauxi.o(.text)
    .text                                    0x000003d8   Section        2  use_no_semi.o(.text)
    .text                                    0x000003da   Section        0  abort.o(.text)
    .text                                    0x000003ee   Section        0  assert_puts.o(.text)
    .text                                    0x00000402   Section        0  defsig_abrt_outer.o(.text)
    .text                                    0x0000040e   Section       62  sys_stackheap_outer.o(.text)
    .text                                    0x0000044c   Section        0  exit.o(.text)
    .text                                    0x0000045c   Section        0  defsig_exit.o(.text)
    .text                                    0x00000468   Section        0  defsig_abrt_inner.o(.text)
    .text                                    0x00000498   Section        8  libspace.o(.text)
    .text                                    0x000004a0   Section        0  defsig_general.o(.text)
    i.Bt2Int                                 0x000004d4   Section        0  btimer.o(i.Bt2Int)
    i.BtTimerTest1ms                         0x00000564   Section        0  btimer.o(i.BtTimerTest1ms)
    i.Bt_ARRSet                              0x000005c8   Section        0  bt.o(i.Bt_ARRSet)
    i.Bt_ClearIntFlag                        0x00000644   Section        0  bt.o(i.Bt_ClearIntFlag)
    i.Bt_Cnt16Set                            0x000006b8   Section        0  bt.o(i.Bt_Cnt16Set)
    i.Bt_EnableIrq                           0x00000734   Section        0  bt.o(i.Bt_EnableIrq)
    i.Bt_GetIntFlag                          0x000007a4   Section        0  bt.o(i.Bt_GetIntFlag)
    i.Bt_Init                                0x00000810   Section        0  bt.o(i.Bt_Init)
    i.Bt_Run                                 0x00000994   Section        0  bt.o(i.Bt_Run)
    i.CALCULATERPARAMETER                    0x00000a08   Section        0  main.o(i.CALCULATERPARAMETER)
    CALCULATERPARAMETER                      0x00000a09   Thumb Code    36  main.o(i.CALCULATERPARAMETER)
    i.ChkHostSum                             0x00000a30   Section        0  main.o(i.ChkHostSum)
    i.ChkRnSum                               0x00000a46   Section        0  main.o(i.ChkRnSum)
    i.ClkUnlock                              0x00000a5c   Section        0  clk.o(i.ClkUnlock)
    ClkUnlock                                0x00000a5d   Thumb Code    12  clk.o(i.ClkUnlock)
    i.ClkWriteDummy                          0x00000a74   Section        0  clk.o(i.ClkWriteDummy)
    ClkWriteDummy                            0x00000a75   Thumb Code    14  clk.o(i.ClkWriteDummy)
    i.Clk_Enable                             0x00000a88   Section        0  clk.o(i.Clk_Enable)
    i.Clk_GetClkRdy                          0x00000b48   Section        0  clk.o(i.Clk_GetClkRdy)
    i.Clk_GetHClkFreq                        0x00000b84   Section        0  clk.o(i.Clk_GetHClkFreq)
    i.Clk_GetPClkFreq                        0x00000bf8   Section        0  clk.o(i.Clk_GetPClkFreq)
    i.Clk_Init                               0x00000c10   Section        0  clk.o(i.Clk_Init)
    i.Clk_SetHClkDiv                         0x00000cdc   Section        0  clk.o(i.Clk_SetHClkDiv)
    i.Clk_SetPClkDiv                         0x00000d2c   Section        0  clk.o(i.Clk_SetPClkDiv)
    i.Clk_SetPeripheralGate                  0x00000d68   Section        0  clk.o(i.Clk_SetPeripheralGate)
    i.Clk_SetRCHFreq                         0x00000d98   Section        0  clk.o(i.Clk_SetRCHFreq)
    i.Clk_SetRCL_StableTime                  0x00000e20   Section        0  clk.o(i.Clk_SetRCL_StableTime)
    i.Clk_SetSource                          0x00000e70   Section        0  clk.o(i.Clk_SetSource)
    i.Clk_SetXTH_StableTime                  0x00000eac   Section        0  clk.o(i.Clk_SetXTH_StableTime)
    i.Clk_SetXTL_StableTime                  0x00000ef0   Section        0  clk.o(i.Clk_SetXTL_StableTime)
    i.Clk_SwitchTo                           0x00000f34   Section        0  clk.o(i.Clk_SwitchTo)
    i.Clk_SysTickConfig                      0x00000fb4   Section        0  clk.o(i.Clk_SysTickConfig)
    i.Count_setbit                           0x0000104c   Section        0  alg.o(i.Count_setbit)
    i.EnableNvic                             0x00001064   Section        0  interrupts_hc32f003.o(i.EnableNvic)
    i.ErrIntCallback                         0x000010e4   Section        0  rn8209.o(i.ErrIntCallback)
    i.Gpio_InitIOExt                         0x000010f4   Section        0  gpio.o(i.Gpio_InitIOExt)
    i.Gpio_SetAnalog                         0x00001198   Section        0  gpio.o(i.Gpio_SetAnalog)
    i.HardFault_Handler                      0x000011c0   Section        0  interrupts_hc32f003.o(i.HardFault_Handler)
    i.HostErrIntCallback                     0x000011d0   Section        0  uart_host.o(i.HostErrIntCallback)
    i.HostRS232GetChar                       0x000011e0   Section        0  uart_host.o(i.HostRS232GetChar)
    i.HostRS232RXBufferCount                 0x00001214   Section        0  uart_host.o(i.HostRS232RXBufferCount)
    i.HostRxIntCallback                      0x00001220   Section        0  uart_host.o(i.HostRxIntCallback)
    i.HostTxIntCallback                      0x00001254   Section        0  uart_host.o(i.HostTxIntCallback)
    i.IRQ000_Handler                         0x00001256   Section        0  interrupts_hc32f003.o(i.IRQ000_Handler)
    i.IRQ001_Handler                         0x00001260   Section        0  interrupts_hc32f003.o(i.IRQ001_Handler)
    i.IRQ002_Handler                         0x0000126a   Section        0  interrupts_hc32f003.o(i.IRQ002_Handler)
    i.IRQ003_Handler                         0x00001274   Section        0  interrupts_hc32f003.o(i.IRQ003_Handler)
    i.IRQ006_Handler                         0x0000127e   Section        0  interrupts_hc32f003.o(i.IRQ006_Handler)
    i.IRQ007_Handler                         0x00001288   Section        0  interrupts_hc32f003.o(i.IRQ007_Handler)
    i.IRQ010_Handler                         0x00001292   Section        0  interrupts_hc32f003.o(i.IRQ010_Handler)
    i.IRQ012_Handler                         0x0000129c   Section        0  interrupts_hc32f003.o(i.IRQ012_Handler)
    i.IRQ014_Handler                         0x000012a6   Section        0  interrupts_hc32f003.o(i.IRQ014_Handler)
    i.IRQ015_Handler                         0x000012b0   Section        0  interrupts_hc32f003.o(i.IRQ015_Handler)
    i.IRQ016_Handler                         0x000012ba   Section        0  interrupts_hc32f003.o(i.IRQ016_Handler)
    i.IRQ018_Handler                         0x000012c4   Section        0  interrupts_hc32f003.o(i.IRQ018_Handler)
    i.IRQ019_Handler                         0x000012ce   Section        0  interrupts_hc32f003.o(i.IRQ019_Handler)
    i.IRQ020_Handler                         0x000012d8   Section        0  interrupts_hc32f003.o(i.IRQ020_Handler)
    i.IRQ021_Handler                         0x000012e2   Section        0  interrupts_hc32f003.o(i.IRQ021_Handler)
    i.IRQ022_Handler                         0x000012ec   Section        0  interrupts_hc32f003.o(i.IRQ022_Handler)
    i.IRQ024_Handler                         0x000012f6   Section        0  interrupts_hc32f003.o(i.IRQ024_Handler)
    i.IRQ026_Handler                         0x00001300   Section        0  interrupts_hc32f003.o(i.IRQ026_Handler)
    i.IRQ027_Handler                         0x0000130a   Section        0  interrupts_hc32f003.o(i.IRQ027_Handler)
    i.IRQ028_Handler                         0x00001314   Section        0  interrupts_hc32f003.o(i.IRQ028_Handler)
    i.IRQ030_Handler                         0x0000131e   Section        0  interrupts_hc32f003.o(i.IRQ030_Handler)
    i.IRQ031_Handler                         0x00001328   Section        0  interrupts_hc32f003.o(i.IRQ031_Handler)
    i.Log2                                   0x00001332   Section        0  ddl.o(i.Log2)
    i.RnRS232GetChar                         0x00001348   Section        0  rn8209.o(i.RnRS232GetChar)
    i.RnRS232RXBufferCount                   0x0000137c   Section        0  rn8209.o(i.RnRS232RXBufferCount)
    i.RxIntCallback                          0x00001388   Section        0  rn8209.o(i.RxIntCallback)
    i.SystemCoreClockUpdate                  0x000013bc   Section        0  system_hc32f003.o(i.SystemCoreClockUpdate)
    i.SystemInit                             0x000013cc   Section        0  system_hc32f003.o(i.SystemInit)
    i.Tim_IRQHandler                         0x00001400   Section        0  bt.o(i.Tim_IRQHandler)
    i.TxIntCallback                          0x00001420   Section        0  rn8209.o(i.TxIntCallback)
    i.UartDeInitNvic                         0x00001464   Section        0  uart.o(i.UartDeInitNvic)
    UartDeInitNvic                           0x00001465   Thumb Code    66  uart.o(i.UartDeInitNvic)
    i.UartGetInternDataPtr                   0x00001500   Section        0  uart.o(i.UartGetInternDataPtr)
    UartGetInternDataPtr                     0x00001501   Thumb Code    38  uart.o(i.UartGetInternDataPtr)
    i.UartInitNvic                           0x0000152c   Section        0  uart.o(i.UartInitNvic)
    UartInitNvic                             0x0000152d   Thumb Code    58  uart.o(i.UartInitNvic)
    i.Uart_ClrStatus                         0x000015c0   Section        0  uart.o(i.Uart_ClrStatus)
    i.Uart_DisableIrq                        0x0000168c   Section        0  uart.o(i.Uart_DisableIrq)
    i.Uart_EnableFunc                        0x0000177c   Section        0  uart.o(i.Uart_EnableFunc)
    i.Uart_EnableIrq                         0x00001808   Section        0  uart.o(i.Uart_EnableIrq)
    i.Uart_GetStatus                         0x000018f8   Section        0  uart.o(i.Uart_GetStatus)
    i.Uart_IRQHandler                        0x000019bc   Section        0  uart.o(i.Uart_IRQHandler)
    i.Uart_Init                              0x00001a18   Section        0  uart.o(i.Uart_Init)
    i.Uart_ReceiveData                       0x00001ae4   Section        0  uart.o(i.Uart_ReceiveData)
    i.Uart_SendData                          0x00001b64   Section        0  uart.o(i.Uart_SendData)
    i.Uart_SetBaudRate                       0x00001bfc   Section        0  uart.o(i.Uart_SetBaudRate)
    i.Uart_SetMMDOrCk                        0x00001cc0   Section        0  uart.o(i.Uart_SetMMDOrCk)
    i.Uart_SetMode                           0x00001d4c   Section        0  uart.o(i.Uart_SetMode)
    i.Uart_SetMultiMode                      0x00001df4   Section        0  uart.o(i.Uart_SetMultiMode)
    i.__ARM_common_switch8                   0x00001e98   Section        0  clk.o(i.__ARM_common_switch8)
    i.__NVIC_ClearPendingIRQ                 0x00001eb4   Section        0  uart.o(i.__NVIC_ClearPendingIRQ)
    __NVIC_ClearPendingIRQ                   0x00001eb5   Thumb Code    18  uart.o(i.__NVIC_ClearPendingIRQ)
    i.__NVIC_SetPriority                     0x00001ecc   Section        0  uart.o(i.__NVIC_SetPriority)
    __NVIC_SetPriority                       0x00001ecd   Thumb Code    60  uart.o(i.__NVIC_SetPriority)
    i._sys_exit                              0x00001f10   Section        0  ddl.o(i._sys_exit)
    i._ttywrch                               0x00001f12   Section        0  ddl.o(i._ttywrch)
    i.ddl_memclr                             0x00001f14   Section        0  ddl.o(i.ddl_memclr)
    i.delay1ms                               0x00001f28   Section        0  ddl.o(i.delay1ms)
    i.host_receive_task                      0x00001f60   Section        0  main.o(i.host_receive_task)
    i.host_rs232_send_bytes                  0x00001fb0   Section        0  uart_host.o(i.host_rs232_send_bytes)
    i.host_send_data                         0x00001fcc   Section        0  main.o(i.host_send_data)
    i.main                                   0x00001ff4   Section        0  main.o(i.main)
    i.reset_host_rx_buf                      0x00002104   Section        0  uart_host.o(i.reset_host_rx_buf)
    i.rn8209_init                            0x00002114   Section        0  rn8209.o(i.rn8209_init)
    i.rn_read                                0x0000225c   Section        0  rn8209.o(i.rn_read)
    i.rn_reset                               0x00002298   Section        0  rn8209.o(i.rn_reset)
    i.rn_uart_task                           0x000022ac   Section        0  main.o(i.rn_uart_task)
    i.rn_write                               0x00002314   Section        0  rn8209.o(i.rn_write)
    i.uart_host_init                         0x00002370   Section        0  uart_host.o(i.uart_host_init)
    .constdata                               0x00002490   Section        4  clk.o(.constdata)
    .conststring                             0x00002494   Section       65  bt.o(.conststring)
    .conststring                             0x000024d8   Section      203  uart.o(.conststring)
    .data                                    0x20000000   Section        4  system_hc32f003.o(.data)
    .data                                    0x20000004   Section        2  main.o(.data)
    .data                                    0x20000008   Section       12  rn8209.o(.data)
    ucRnRxCnt                                0x20000009   Data           1  rn8209.o(.data)
    ucRnRXWriteIndex                         0x2000000a   Data           1  rn8209.o(.data)
    ucRnRXReadIndex                          0x2000000b   Data           1  rn8209.o(.data)
    errCount                                 0x20000010   Data           4  rn8209.o(.data)
    .data                                    0x20000014   Section        4  btimer.o(.data)
    led_val                                  0x20000014   Data           4  btimer.o(.data)
    .data                                    0x20000018   Section        8  uart_host.o(.data)
    ucHostRxCnt                              0x20000018   Data           1  uart_host.o(.data)
    ucHostRXWriteIndex                       0x20000019   Data           1  uart_host.o(.data)
    ucHostRXReadIndex                        0x2000001a   Data           1  uart_host.o(.data)
    errCount                                 0x2000001c   Data           4  uart_host.o(.data)
    .data                                    0x20000020   Section       12  bt.o(.data)
    pfnTim0Callback                          0x20000020   Data           4  bt.o(.data)
    pfnTim1Callback                          0x20000024   Data           4  bt.o(.data)
    pfnTim2Callback                          0x20000028   Data           4  bt.o(.data)
    .data                                    0x2000002c   Section       40  uart.o(.data)
    m_astcUartInstanceDataLut                0x2000002c   Data          40  uart.o(.data)
    .bss                                     0x20000054   Section       40  main.o(.bss)
    .bss                                     0x2000007c   Section       64  rn8209.o(.bss)
    .bss                                     0x200000bc   Section       64  uart_host.o(.bss)
    .bss                                     0x200000fc   Section       96  libspace.o(.bss)
    HEAP                                     0x20000160   Section        0  startup_hc32f003.o(HEAP)
    STACK                                    0x20000160   Section      256  startup_hc32f003.o(STACK)
    Heap_Mem                                 0x20000160   Data           0  startup_hc32f003.o(HEAP)
    Stack_Mem                                0x20000160   Data         256  startup_hc32f003.o(STACK)
    __initial_sp                             0x20000260   Data           0  startup_hc32f003.o(STACK)

    Global Symbols

    Symbol Name                              Value     Ov Type        Size  Object(Section)

    BuildAttributes$$THM_ISAv3M$S$PE$A:L22$X:L11$S22$IEEE1$IW$USESV6$~STKCKD$USESV7$~SHL$OSPACE$ROPI$EBA8$UX$STANDARDLIB$REQ8$PRES8$EABIv2 0x00000000   Number         0  anon$$obj.o ABSOLUTE
    __ARM_use_no_argv                        0x00000000   Number         0  main.o ABSOLUTE
    __Vectors                                0x00000000   Data           4  startup_hc32f003.o(RESET)
    Adc_IRQHandler                            - Undefined Weak Reference
    Adt_IRQHandler                            - Undefined Weak Reference
    ClkTrim_IRQHandler                        - Undefined Weak Reference
    EfRam_IRQHandler                          - Undefined Weak Reference
    Gpio_IRQHandler                           - Undefined Weak Reference
    I2c_IRQHandler                            - Undefined Weak Reference
    Lvd_IRQHandler                            - Undefined Weak Reference
    Pca_IRQHandler                            - Undefined Weak Reference
    Spi_IRQHandler                            - Undefined Weak Reference
    Vc_IRQHandler                             - Undefined Weak Reference
    Wdt_IRQHandler                            - Undefined Weak Reference
    __ARM_exceptions_init                     - Undefined Weak Reference
    __alloca_initialize                       - Undefined Weak Reference
    __arm_preinit_                            - Undefined Weak Reference
    __cpp_initialize__aeabi_                  - Undefined Weak Reference
    __cxa_finalize                            - Undefined Weak Reference
    __rt_locale                               - Undefined Weak Reference
    __sigvec_lookup                           - Undefined Weak Reference
    _atexit_init                              - Undefined Weak Reference
    _call_atexit_fns                          - Undefined Weak Reference
    _clock_init                               - Undefined Weak Reference
    _fp_trap_init                             - Undefined Weak Reference
    _fp_trap_shutdown                         - Undefined Weak Reference
    _get_lc_collate                           - Undefined Weak Reference
    _get_lc_ctype                             - Undefined Weak Reference
    _get_lc_monetary                          - Undefined Weak Reference
    _get_lc_numeric                           - Undefined Weak Reference
    _get_lc_time                              - Undefined Weak Reference
    _getenv_init                              - Undefined Weak Reference
    _handle_redirection                       - Undefined Weak Reference
    _init_alloc                               - Undefined Weak Reference
    _init_user_alloc                          - Undefined Weak Reference
    _initio                                   - Undefined Weak Reference
    _rand_init                                - Undefined Weak Reference
    _signal_finish                            - Undefined Weak Reference
    _signal_init                              - Undefined Weak Reference
    _terminate_alloc                          - Undefined Weak Reference
    _terminate_user_alloc                     - Undefined Weak Reference
    _terminateio                              - Undefined Weak Reference
    __Vectors_End                            0x000000c0   Data           0  startup_hc32f003.o(RESET)
    __Vectors_Size                           0x000000c0   Number         0  startup_hc32f003.o ABSOLUTE
    __main                                   0x000000c1   Thumb Code     8  __main.o(!!!main)
    __scatterload                            0x000000c9   Thumb Code     0  __scatter.o(!!!scatter)
    __scatterload_rt2                        0x000000c9   Thumb Code    52  __scatter.o(!!!scatter)
    __scatterload_rt2_thumb_only             0x000000c9   Thumb Code     0  __scatter.o(!!!scatter)
    __scatterload_null                       0x000000d9   Thumb Code     0  __scatter.o(!!!scatter)
    __scatterload_copy                       0x00000105   Thumb Code    26  __scatter_copy.o(!!handler_copy)
    __scatterload_zeroinit                   0x00000121   Thumb Code    28  __scatter_zi.o(!!handler_zi)
    __rt_lib_init                            0x0000013d   Thumb Code     0  libinit.o(.ARM.Collect$$libinit$$00000000)
    __rt_lib_init_alloca_1                   0x0000013f   Thumb Code     0  libinit2.o(.ARM.Collect$$libinit$$0000002E)
    __rt_lib_init_argv_1                     0x0000013f   Thumb Code     0  libinit2.o(.ARM.Collect$$libinit$$0000002C)
    __rt_lib_init_atexit_1                   0x0000013f   Thumb Code     0  libinit2.o(.ARM.Collect$$libinit$$0000001B)
    __rt_lib_init_clock_1                    0x0000013f   Thumb Code     0  libinit2.o(.ARM.Collect$$libinit$$00000021)
    __rt_lib_init_cpp_1                      0x0000013f   Thumb Code     0  libinit2.o(.ARM.Collect$$libinit$$00000032)
    __rt_lib_init_exceptions_1               0x0000013f   Thumb Code     0  libinit2.o(.ARM.Collect$$libinit$$00000030)
    __rt_lib_init_fp_1                       0x0000013f   Thumb Code     0  libinit2.o(.ARM.Collect$$libinit$$00000002)
    __rt_lib_init_fp_trap_1                  0x0000013f   Thumb Code     0  libinit2.o(.ARM.Collect$$libinit$$0000001F)
    __rt_lib_init_getenv_1                   0x0000013f   Thumb Code     0  libinit2.o(.ARM.Collect$$libinit$$00000023)
    __rt_lib_init_heap_1                     0x0000013f   Thumb Code     0  libinit2.o(.ARM.Collect$$libinit$$0000000A)
    __rt_lib_init_lc_collate_1               0x0000013f   Thumb Code     0  libinit2.o(.ARM.Collect$$libinit$$00000011)
    __rt_lib_init_lc_ctype_1                 0x0000013f   Thumb Code     0  libinit2.o(.ARM.Collect$$libinit$$00000013)
    __rt_lib_init_lc_monetary_1              0x0000013f   Thumb Code     0  libinit2.o(.ARM.Collect$$libinit$$00000015)
    __rt_lib_init_lc_numeric_1               0x0000013f   Thumb Code     0  libinit2.o(.ARM.Collect$$libinit$$00000017)
    __rt_lib_init_lc_time_1                  0x0000013f   Thumb Code     0  libinit2.o(.ARM.Collect$$libinit$$00000019)
    __rt_lib_init_preinit_1                  0x0000013f   Thumb Code     0  libinit2.o(.ARM.Collect$$libinit$$00000004)
    __rt_lib_init_rand_1                     0x0000013f   Thumb Code     0  libinit2.o(.ARM.Collect$$libinit$$0000000E)
    __rt_lib_init_return                     0x0000013f   Thumb Code     0  libinit2.o(.ARM.Collect$$libinit$$00000033)
    __rt_lib_init_signal_1                   0x0000013f   Thumb Code     0  libinit2.o(.ARM.Collect$$libinit$$0000001D)
    __rt_lib_init_stdio_1                    0x0000013f   Thumb Code     0  libinit2.o(.ARM.Collect$$libinit$$00000025)
    __rt_lib_init_user_alloc_1               0x0000013f   Thumb Code     0  libinit2.o(.ARM.Collect$$libinit$$0000000C)
    __rt_lib_shutdown                        0x00000141   Thumb Code     0  libshutdown.o(.ARM.Collect$$libshutdown$$00000000)
    __rt_lib_shutdown_cpp_1                  0x00000143   Thumb Code     0  libshutdown2.o(.ARM.Collect$$libshutdown$$00000002)
    __rt_lib_shutdown_fp_trap_1              0x00000143   Thumb Code     0  libshutdown2.o(.ARM.Collect$$libshutdown$$00000007)
    __rt_lib_shutdown_heap_1                 0x00000143   Thumb Code     0  libshutdown2.o(.ARM.Collect$$libshutdown$$0000000F)
    __rt_lib_shutdown_return                 0x00000143   Thumb Code     0  libshutdown2.o(.ARM.Collect$$libshutdown$$00000010)
    __rt_lib_shutdown_signal_1               0x00000143   Thumb Code     0  libshutdown2.o(.ARM.Collect$$libshutdown$$0000000A)
    __rt_lib_shutdown_stdio_1                0x00000143   Thumb Code     0  libshutdown2.o(.ARM.Collect$$libshutdown$$00000004)
    __rt_lib_shutdown_user_alloc_1           0x00000143   Thumb Code     0  libshutdown2.o(.ARM.Collect$$libshutdown$$0000000C)
    __rt_entry                               0x00000145   Thumb Code     0  __rtentry.o(.ARM.Collect$$rtentry$$00000000)
    __rt_entry_presh_1                       0x00000145   Thumb Code     0  __rtentry2.o(.ARM.Collect$$rtentry$$00000002)
    __rt_entry_sh                            0x00000145   Thumb Code     0  __rtentry4.o(.ARM.Collect$$rtentry$$00000004)
    __rt_entry_li                            0x0000014b   Thumb Code     0  __rtentry2.o(.ARM.Collect$$rtentry$$0000000A)
    __rt_entry_postsh_1                      0x0000014b   Thumb Code     0  __rtentry2.o(.ARM.Collect$$rtentry$$00000009)
    __rt_entry_main                          0x0000014f   Thumb Code     0  __rtentry2.o(.ARM.Collect$$rtentry$$0000000D)
    __rt_entry_postli_1                      0x0000014f   Thumb Code     0  __rtentry2.o(.ARM.Collect$$rtentry$$0000000C)
    __rt_exit                                0x00000157   Thumb Code     0  rtexit.o(.ARM.Collect$$rtexit$$00000000)
    __rt_exit_ls                             0x00000159   Thumb Code     0  rtexit2.o(.ARM.Collect$$rtexit$$00000003)
    __rt_exit_prels_1                        0x00000159   Thumb Code     0  rtexit2.o(.ARM.Collect$$rtexit$$00000002)
    __rt_exit_exit                           0x0000015d   Thumb Code     0  rtexit2.o(.ARM.Collect$$rtexit$$00000004)
    Reset_Handler                            0x00000165   Thumb Code    26  startup_hc32f003.o(.text)
    NMI_Handler                              0x0000017f   Thumb Code     2  startup_hc32f003.o(.text)
    SVC_Handler                              0x00000183   Thumb Code     2  startup_hc32f003.o(.text)
    PendSV_Handler                           0x00000185   Thumb Code     2  startup_hc32f003.o(.text)
    SysTick_Handler                          0x00000187   Thumb Code     2  startup_hc32f003.o(.text)
    IRQ004_Handler                           0x00000189   Thumb Code     0  startup_hc32f003.o(.text)
    IRQ005_Handler                           0x00000189   Thumb Code     0  startup_hc32f003.o(.text)
    IRQ008_Handler                           0x00000189   Thumb Code     0  startup_hc32f003.o(.text)
    IRQ009_Handler                           0x00000189   Thumb Code     0  startup_hc32f003.o(.text)
    IRQ011_Handler                           0x00000189   Thumb Code     0  startup_hc32f003.o(.text)
    IRQ013_Handler                           0x00000189   Thumb Code     0  startup_hc32f003.o(.text)
    IRQ017_Handler                           0x00000189   Thumb Code     0  startup_hc32f003.o(.text)
    IRQ023_Handler                           0x00000189   Thumb Code     0  startup_hc32f003.o(.text)
    IRQ025_Handler                           0x00000189   Thumb Code     0  startup_hc32f003.o(.text)
    IRQ029_Handler                           0x00000189   Thumb Code     0  startup_hc32f003.o(.text)
    __user_initial_stackheap                 0x0000018d   Thumb Code     0  startup_hc32f003.o(.text)
    __use_no_semihosting                     0x000001b9   Thumb Code     2  use_no_semi_2.o(.text)
    __aeabi_assert                           0x000001bd   Thumb Code    82  assert.o(.text)
    __assert                                 0x000001bd   Thumb Code     0  assert.o(.text)
    _memset_w                                0x00000239   Thumb Code    26  rt_memclr.o(.text)
    _memset                                  0x00000253   Thumb Code    30  rt_memclr.o(.text)
    __aeabi_memclr                           0x00000271   Thumb Code     4  rt_memclr.o(.text)
    __rt_memclr                              0x00000271   Thumb Code     0  rt_memclr.o(.text)
    __aeabi_memclr4                          0x00000275   Thumb Code     0  rt_memclr.o(.text)
    __aeabi_memclr8                          0x00000275   Thumb Code     0  rt_memclr.o(.text)
    __rt_memclr_w                            0x00000275   Thumb Code     4  rt_memclr.o(.text)
    __aeabi_uidiv                            0x00000279   Thumb Code     0  aeabi_sdiv.o(.text)
    __aeabi_uidivmod                         0x00000279   Thumb Code    20  aeabi_sdiv.o(.text)
    __aeabi_idiv                             0x0000028d   Thumb Code     0  aeabi_sdiv.o(.text)
    __aeabi_idivmod                          0x0000028d   Thumb Code   326  aeabi_sdiv.o(.text)
    __use_two_region_memory                  0x000003d3   Thumb Code     2  heapauxi.o(.text)
    __rt_heap_escrow$2region                 0x000003d5   Thumb Code     2  heapauxi.o(.text)
    __rt_heap_expand$2region                 0x000003d7   Thumb Code     2  heapauxi.o(.text)
    __I$use$semihosting                      0x000003d9   Thumb Code     0  use_no_semi.o(.text)
    __use_no_semihosting_swi                 0x000003d9   Thumb Code     2  use_no_semi.o(.text)
    abort                                    0x000003db   Thumb Code    20  abort.o(.text)
    __assert_puts                            0x000003ef   Thumb Code    20  assert_puts.o(.text)
    __rt_SIGABRT                             0x00000403   Thumb Code    12  defsig_abrt_outer.o(.text)
    __user_setup_stackheap                   0x0000040f   Thumb Code    62  sys_stackheap_outer.o(.text)
    exit                                     0x0000044d   Thumb Code    16  exit.o(.text)
    __sig_exit                               0x0000045d   Thumb Code    12  defsig_exit.o(.text)
    __rt_SIGABRT_inner                       0x00000469   Thumb Code    14  defsig_abrt_inner.o(.text)
    __user_libspace                          0x00000499   Thumb Code     8  libspace.o(.text)
    __user_perproc_libspace                  0x00000499   Thumb Code     0  libspace.o(.text)
    __user_perthread_libspace                0x00000499   Thumb Code     0  libspace.o(.text)
    __default_signal_display                 0x000004a1   Thumb Code    52  defsig_general.o(.text)
    Bt2Int                                   0x000004d5   Thumb Code   118  btimer.o(i.Bt2Int)
    BtTimerTest1ms                           0x00000565   Thumb Code    90  btimer.o(i.BtTimerTest1ms)
    Bt_ARRSet                                0x000005c9   Thumb Code    88  bt.o(i.Bt_ARRSet)
    Bt_ClearIntFlag                          0x00000645   Thumb Code    80  bt.o(i.Bt_ClearIntFlag)
    Bt_Cnt16Set                              0x000006b9   Thumb Code    88  bt.o(i.Bt_Cnt16Set)
    Bt_EnableIrq                             0x00000735   Thumb Code    76  bt.o(i.Bt_EnableIrq)
    Bt_GetIntFlag                            0x000007a5   Thumb Code    70  bt.o(i.Bt_GetIntFlag)
    Bt_Init                                  0x00000811   Thumb Code   348  bt.o(i.Bt_Init)
    Bt_Run                                   0x00000995   Thumb Code    78  bt.o(i.Bt_Run)
    ChkHostSum                               0x00000a31   Thumb Code    22  main.o(i.ChkHostSum)
    ChkRnSum                                 0x00000a47   Thumb Code    20  main.o(i.ChkRnSum)
    Clk_Enable                               0x00000a89   Thumb Code   182  clk.o(i.Clk_Enable)
    Clk_GetClkRdy                            0x00000b49   Thumb Code    54  clk.o(i.Clk_GetClkRdy)
    Clk_GetHClkFreq                          0x00000b85   Thumb Code    94  clk.o(i.Clk_GetHClkFreq)
    Clk_GetPClkFreq                          0x00000bf9   Thumb Code    18  clk.o(i.Clk_GetPClkFreq)
    Clk_Init                                 0x00000c11   Thumb Code    78  clk.o(i.Clk_Init)
    Clk_SetHClkDiv                           0x00000cdd   Thumb Code    76  clk.o(i.Clk_SetHClkDiv)
    Clk_SetPClkDiv                           0x00000d2d   Thumb Code    56  clk.o(i.Clk_SetPClkDiv)
    Clk_SetPeripheralGate                    0x00000d69   Thumb Code    42  clk.o(i.Clk_SetPeripheralGate)
    Clk_SetRCHFreq                           0x00000d99   Thumb Code   126  clk.o(i.Clk_SetRCHFreq)
    Clk_SetRCL_StableTime                    0x00000e21   Thumb Code    74  clk.o(i.Clk_SetRCL_StableTime)
    Clk_SetSource                            0x00000e71   Thumb Code    54  clk.o(i.Clk_SetSource)
    Clk_SetXTH_StableTime                    0x00000ead   Thumb Code    64  clk.o(i.Clk_SetXTH_StableTime)
    Clk_SetXTL_StableTime                    0x00000ef1   Thumb Code    64  clk.o(i.Clk_SetXTL_StableTime)
    Clk_SwitchTo                             0x00000f35   Thumb Code   112  clk.o(i.Clk_SwitchTo)
    Clk_SysTickConfig                        0x00000fb5   Thumb Code   138  clk.o(i.Clk_SysTickConfig)
    Count_setbit                             0x0000104d   Thumb Code    24  alg.o(i.Count_setbit)
    EnableNvic                               0x00001065   Thumb Code   112  interrupts_hc32f003.o(i.EnableNvic)
    ErrIntCallback                           0x000010e5   Thumb Code    10  rn8209.o(i.ErrIntCallback)
    Gpio_InitIOExt                           0x000010f5   Thumb Code   152  gpio.o(i.Gpio_InitIOExt)
    Gpio_SetAnalog                           0x00001199   Thumb Code    34  gpio.o(i.Gpio_SetAnalog)
    HardFault_Handler                        0x000011c1   Thumb Code    14  interrupts_hc32f003.o(i.HardFault_Handler)
    HostErrIntCallback                       0x000011d1   Thumb Code    10  uart_host.o(i.HostErrIntCallback)
    HostRS232GetChar                         0x000011e1   Thumb Code    44  uart_host.o(i.HostRS232GetChar)
    HostRS232RXBufferCount                   0x00001215   Thumb Code     6  uart_host.o(i.HostRS232RXBufferCount)
    HostRxIntCallback                        0x00001221   Thumb Code    42  uart_host.o(i.HostRxIntCallback)
    HostTxIntCallback                        0x00001255   Thumb Code     2  uart_host.o(i.HostTxIntCallback)
    IRQ000_Handler                           0x00001257   Thumb Code    10  interrupts_hc32f003.o(i.IRQ000_Handler)
    IRQ001_Handler                           0x00001261   Thumb Code    10  interrupts_hc32f003.o(i.IRQ001_Handler)
    IRQ002_Handler                           0x0000126b   Thumb Code    10  interrupts_hc32f003.o(i.IRQ002_Handler)
    IRQ003_Handler                           0x00001275   Thumb Code    10  interrupts_hc32f003.o(i.IRQ003_Handler)
    IRQ006_Handler                           0x0000127f   Thumb Code    10  interrupts_hc32f003.o(i.IRQ006_Handler)
    IRQ007_Handler                           0x00001289   Thumb Code    10  interrupts_hc32f003.o(i.IRQ007_Handler)
    IRQ010_Handler                           0x00001293   Thumb Code    10  interrupts_hc32f003.o(i.IRQ010_Handler)
    IRQ012_Handler                           0x0000129d   Thumb Code    10  interrupts_hc32f003.o(i.IRQ012_Handler)
    IRQ014_Handler                           0x000012a7   Thumb Code    10  interrupts_hc32f003.o(i.IRQ014_Handler)
    IRQ015_Handler                           0x000012b1   Thumb Code    10  interrupts_hc32f003.o(i.IRQ015_Handler)
    IRQ016_Handler                           0x000012bb   Thumb Code    10  interrupts_hc32f003.o(i.IRQ016_Handler)
    IRQ018_Handler                           0x000012c5   Thumb Code    10  interrupts_hc32f003.o(i.IRQ018_Handler)
    IRQ019_Handler                           0x000012cf   Thumb Code    10  interrupts_hc32f003.o(i.IRQ019_Handler)
    IRQ020_Handler                           0x000012d9   Thumb Code    10  interrupts_hc32f003.o(i.IRQ020_Handler)
    IRQ021_Handler                           0x000012e3   Thumb Code    10  interrupts_hc32f003.o(i.IRQ021_Handler)
    IRQ022_Handler                           0x000012ed   Thumb Code    10  interrupts_hc32f003.o(i.IRQ022_Handler)
    IRQ024_Handler                           0x000012f7   Thumb Code    10  interrupts_hc32f003.o(i.IRQ024_Handler)
    IRQ026_Handler                           0x00001301   Thumb Code    10  interrupts_hc32f003.o(i.IRQ026_Handler)
    IRQ027_Handler                           0x0000130b   Thumb Code    10  interrupts_hc32f003.o(i.IRQ027_Handler)
    IRQ028_Handler                           0x00001315   Thumb Code    10  interrupts_hc32f003.o(i.IRQ028_Handler)
    IRQ030_Handler                           0x0000131f   Thumb Code    10  interrupts_hc32f003.o(i.IRQ030_Handler)
    IRQ031_Handler                           0x00001329   Thumb Code    10  interrupts_hc32f003.o(i.IRQ031_Handler)
    Log2                                     0x00001333   Thumb Code    20  ddl.o(i.Log2)
    RnRS232GetChar                           0x00001349   Thumb Code    44  rn8209.o(i.RnRS232GetChar)
    RnRS232RXBufferCount                     0x0000137d   Thumb Code     6  rn8209.o(i.RnRS232RXBufferCount)
    RxIntCallback                            0x00001389   Thumb Code    42  rn8209.o(i.RxIntCallback)
    SystemCoreClockUpdate                    0x000013bd   Thumb Code    12  system_hc32f003.o(i.SystemCoreClockUpdate)
    SystemInit                               0x000013cd   Thumb Code    46  system_hc32f003.o(i.SystemInit)
    Tim_IRQHandler                           0x00001401   Thumb Code    28  bt.o(i.Tim_IRQHandler)
    TxIntCallback                            0x00001421   Thumb Code    54  rn8209.o(i.TxIntCallback)
    Uart_ClrStatus                           0x000015c1   Thumb Code   114  uart.o(i.Uart_ClrStatus)
    Uart_DisableIrq                          0x0000168d   Thumb Code    90  uart.o(i.Uart_DisableIrq)
    Uart_EnableFunc                          0x0000177d   Thumb Code    56  uart.o(i.Uart_EnableFunc)
    Uart_EnableIrq                           0x00001809   Thumb Code    90  uart.o(i.Uart_EnableIrq)
    Uart_GetStatus                           0x000018f9   Thumb Code   108  uart.o(i.Uart_GetStatus)
    Uart_IRQHandler                          0x000019bd   Thumb Code    90  uart.o(i.Uart_IRQHandler)
    Uart_Init                                0x00001a19   Thumb Code   114  uart.o(i.Uart_Init)
    Uart_ReceiveData                         0x00001ae5   Thumb Code    42  uart.o(i.Uart_ReceiveData)
    Uart_SendData                            0x00001b65   Thumb Code    68  uart.o(i.Uart_SendData)
    Uart_SetBaudRate                         0x00001bfd   Thumb Code   110  uart.o(i.Uart_SetBaudRate)
    Uart_SetMMDOrCk                          0x00001cc1   Thumb Code    56  uart.o(i.Uart_SetMMDOrCk)
    Uart_SetMode                             0x00001d4d   Thumb Code    80  uart.o(i.Uart_SetMode)
    Uart_SetMultiMode                        0x00001df5   Thumb Code    80  uart.o(i.Uart_SetMultiMode)
    __ARM_common_switch8                     0x00001e99   Thumb Code    26  clk.o(i.__ARM_common_switch8)
    _sys_exit                                0x00001f11   Thumb Code     2  ddl.o(i._sys_exit)
    _ttywrch                                 0x00001f13   Thumb Code     2  ddl.o(i._ttywrch)
    ddl_memclr                               0x00001f15   Thumb Code    20  ddl.o(i.ddl_memclr)
    delay1ms                                 0x00001f29   Thumb Code    48  ddl.o(i.delay1ms)
    host_receive_task                        0x00001f61   Thumb Code    76  main.o(i.host_receive_task)
    host_rs232_send_bytes                    0x00001fb1   Thumb Code    28  uart_host.o(i.host_rs232_send_bytes)
    host_send_data                           0x00001fcd   Thumb Code    36  main.o(i.host_send_data)
    main                                     0x00001ff5   Thumb Code   252  main.o(i.main)
    reset_host_rx_buf                        0x00002105   Thumb Code    12  uart_host.o(i.reset_host_rx_buf)
    rn8209_init                              0x00002115   Thumb Code   306  rn8209.o(i.rn8209_init)
    rn_read                                  0x0000225d   Thumb Code    60  rn8209.o(i.rn_read)
    rn_reset                                 0x00002299   Thumb Code    14  rn8209.o(i.rn_reset)
    rn_uart_task                             0x000022ad   Thumb Code   100  main.o(i.rn_uart_task)
    rn_write                                 0x00002315   Thumb Code    92  rn8209.o(i.rn_write)
    uart_host_init                           0x00002371   Thumb Code   268  uart_host.o(i.uart_host_init)
    Region$$Table$$Base                      0x000025a4   Number         0  anon$$obj.o(Region$$Table)
    Region$$Table$$Limit                     0x000025c4   Number         0  anon$$obj.o(Region$$Table)
    SystemCoreClock                          0x20000000   Data           4  system_hc32f003.o(.data)
    RnRxFlag                                 0x20000004   Data           1  main.o(.data)
    HostRxFlag                               0x20000005   Data           1  main.o(.data)
    u8TxCnt                                  0x20000008   Data           1  rn8209.o(.data)
    ucRnTxTime                               0x2000000c   Data           1  rn8209.o(.data)
    ucHostTxTime                             0x2000001b   Data           1  uart_host.o(.data)
    u8RxBuf                                  0x20000054   Data          16  main.o(.bss)
    ch_accum                                 0x20000064   Data          12  main.o(.bss)
    adc_result                               0x20000070   Data          12  main.o(.bss)
    u32RnRxData                              0x2000007c   Data          64  rn8209.o(.bss)
    u32HostRxData                            0x200000bc   Data          64  uart_host.o(.bss)
    __libspace_start                         0x200000fc   Data          96  libspace.o(.bss)
    __temporary_stack_top$libspace           0x2000015c   Data           0  libspace.o(.bss)



==============================================================================

Memory Map of the image

  Image Entry point : 0x000000c1

  Load Region LR_IROM1 (Base: 0x00000000, Size: 0x00002618, Max: 0x00004000, ABSOLUTE)

    Execution Region ER_IROM1 (Exec base: 0x00000000, Load base: 0x00000000, Size: 0x000025c4, Max: 0x00004000, ABSOLUTE)

    Exec Addr    Load Addr    Size         Type   Attr      Idx    E Section Name        Object

    0x00000000   0x00000000   0x000000c0   Data   RO            3    RESET               startup_hc32f003.o
    0x000000c0   0x000000c0   0x00000008   Code   RO         1195  * !!!main             c_p.l(__main.o)
    0x000000c8   0x000000c8   0x0000003c   Code   RO         1368    !!!scatter          c_p.l(__scatter.o)
    0x00000104   0x00000104   0x0000001a   Code   RO         1370    !!handler_copy      c_p.l(__scatter_copy.o)
    0x0000011e   0x0000011e   0x00000002   PAD
    0x00000120   0x00000120   0x0000001c   Code   RO         1372    !!handler_zi        c_p.l(__scatter_zi.o)
    0x0000013c   0x0000013c   0x00000002   Code   RO         1249    .ARM.Collect$$libinit$$00000000  c_p.l(libinit.o)
    0x0000013e   0x0000013e   0x00000000   Code   RO         1263    .ARM.Collect$$libinit$$00000002  c_p.l(libinit2.o)
    0x0000013e   0x0000013e   0x00000000   Code   RO         1265    .ARM.Collect$$libinit$$00000004  c_p.l(libinit2.o)
    0x0000013e   0x0000013e   0x00000000   Code   RO         1268    .ARM.Collect$$libinit$$0000000A  c_p.l(libinit2.o)
    0x0000013e   0x0000013e   0x00000000   Code   RO         1270    .ARM.Collect$$libinit$$0000000C  c_p.l(libinit2.o)
    0x0000013e   0x0000013e   0x00000000   Code   RO         1272    .ARM.Collect$$libinit$$0000000E  c_p.l(libinit2.o)
    0x0000013e   0x0000013e   0x00000000   Code   RO         1275    .ARM.Collect$$libinit$$00000011  c_p.l(libinit2.o)
    0x0000013e   0x0000013e   0x00000000   Code   RO         1277    .ARM.Collect$$libinit$$00000013  c_p.l(libinit2.o)
    0x0000013e   0x0000013e   0x00000000   Code   RO         1279    .ARM.Collect$$libinit$$00000015  c_p.l(libinit2.o)
    0x0000013e   0x0000013e   0x00000000   Code   RO         1281    .ARM.Collect$$libinit$$00000017  c_p.l(libinit2.o)
    0x0000013e   0x0000013e   0x00000000   Code   RO         1283    .ARM.Collect$$libinit$$00000019  c_p.l(libinit2.o)
    0x0000013e   0x0000013e   0x00000000   Code   RO         1285    .ARM.Collect$$libinit$$0000001B  c_p.l(libinit2.o)
    0x0000013e   0x0000013e   0x00000000   Code   RO         1287    .ARM.Collect$$libinit$$0000001D  c_p.l(libinit2.o)
    0x0000013e   0x0000013e   0x00000000   Code   RO         1289    .ARM.Collect$$libinit$$0000001F  c_p.l(libinit2.o)
    0x0000013e   0x0000013e   0x00000000   Code   RO         1291    .ARM.Collect$$libinit$$00000021  c_p.l(libinit2.o)
    0x0000013e   0x0000013e   0x00000000   Code   RO         1293    .ARM.Collect$$libinit$$00000023  c_p.l(libinit2.o)
    0x0000013e   0x0000013e   0x00000000   Code   RO         1295    .ARM.Collect$$libinit$$00000025  c_p.l(libinit2.o)
    0x0000013e   0x0000013e   0x00000000   Code   RO         1299    .ARM.Collect$$libinit$$0000002C  c_p.l(libinit2.o)
    0x0000013e   0x0000013e   0x00000000   Code   RO         1301    .ARM.Collect$$libinit$$0000002E  c_p.l(libinit2.o)
    0x0000013e   0x0000013e   0x00000000   Code   RO         1303    .ARM.Collect$$libinit$$00000030  c_p.l(libinit2.o)
    0x0000013e   0x0000013e   0x00000000   Code   RO         1305    .ARM.Collect$$libinit$$00000032  c_p.l(libinit2.o)
    0x0000013e   0x0000013e   0x00000002   Code   RO         1306    .ARM.Collect$$libinit$$00000033  c_p.l(libinit2.o)
    0x00000140   0x00000140   0x00000002   Code   RO         1340    .ARM.Collect$$libshutdown$$00000000  c_p.l(libshutdown.o)
    0x00000142   0x00000142   0x00000000   Code   RO         1350    .ARM.Collect$$libshutdown$$00000002  c_p.l(libshutdown2.o)
    0x00000142   0x00000142   0x00000000   Code   RO         1352    .ARM.Collect$$libshutdown$$00000004  c_p.l(libshutdown2.o)
    0x00000142   0x00000142   0x00000000   Code   RO         1355    .ARM.Collect$$libshutdown$$00000007  c_p.l(libshutdown2.o)
    0x00000142   0x00000142   0x00000000   Code   RO         1358    .ARM.Collect$$libshutdown$$0000000A  c_p.l(libshutdown2.o)
    0x00000142   0x00000142   0x00000000   Code   RO         1360    .ARM.Collect$$libshutdown$$0000000C  c_p.l(libshutdown2.o)
    0x00000142   0x00000142   0x00000000   Code   RO         1363    .ARM.Collect$$libshutdown$$0000000F  c_p.l(libshutdown2.o)
    0x00000142   0x00000142   0x00000002   Code   RO         1364    .ARM.Collect$$libshutdown$$00000010  c_p.l(libshutdown2.o)
    0x00000144   0x00000144   0x00000000   Code   RO         1199    .ARM.Collect$$rtentry$$00000000  c_p.l(__rtentry.o)
    0x00000144   0x00000144   0x00000000   Code   RO         1209    .ARM.Collect$$rtentry$$00000002  c_p.l(__rtentry2.o)
    0x00000144   0x00000144   0x00000006   Code   RO         1221    .ARM.Collect$$rtentry$$00000004  c_p.l(__rtentry4.o)
    0x0000014a   0x0000014a   0x00000000   Code   RO         1211    .ARM.Collect$$rtentry$$00000009  c_p.l(__rtentry2.o)
    0x0000014a   0x0000014a   0x00000004   Code   RO         1212    .ARM.Collect$$rtentry$$0000000A  c_p.l(__rtentry2.o)
    0x0000014e   0x0000014e   0x00000000   Code   RO         1214    .ARM.Collect$$rtentry$$0000000C  c_p.l(__rtentry2.o)
    0x0000014e   0x0000014e   0x00000008   Code   RO         1215    .ARM.Collect$$rtentry$$0000000D  c_p.l(__rtentry2.o)
    0x00000156   0x00000156   0x00000002   Code   RO         1254    .ARM.Collect$$rtexit$$00000000  c_p.l(rtexit.o)
    0x00000158   0x00000158   0x00000000   Code   RO         1308    .ARM.Collect$$rtexit$$00000002  c_p.l(rtexit2.o)
    0x00000158   0x00000158   0x00000004   Code   RO         1309    .ARM.Collect$$rtexit$$00000003  c_p.l(rtexit2.o)
    0x0000015c   0x0000015c   0x00000006   Code   RO         1310    .ARM.Collect$$rtexit$$00000004  c_p.l(rtexit2.o)
    0x00000162   0x00000162   0x00000002   PAD
    0x00000164   0x00000164   0x00000054   Code   RO            4    .text               startup_hc32f003.o
    0x000001b8   0x000001b8   0x00000002   Code   RO         1183    .text               c_p.l(use_no_semi_2.o)
    0x000001ba   0x000001ba   0x00000002   PAD
    0x000001bc   0x000001bc   0x0000007c   Code   RO         1185    .text               c_p.l(assert.o)
    0x00000238   0x00000238   0x00000040   Code   RO         1187    .text               c_p.l(rt_memclr.o)
    0x00000278   0x00000278   0x0000015a   Code   RO         1189    .text               c_p.l(aeabi_sdiv.o)
    0x000003d2   0x000003d2   0x00000006   Code   RO         1193    .text               c_p.l(heapauxi.o)
    0x000003d8   0x000003d8   0x00000002   Code   RO         1197    .text               c_p.l(use_no_semi.o)
    0x000003da   0x000003da   0x00000014   Code   RO         1204    .text               c_p.l(abort.o)
    0x000003ee   0x000003ee   0x00000014   Code   RO         1206    .text               c_p.l(assert_puts.o)
    0x00000402   0x00000402   0x0000000c   Code   RO         1225    .text               c_p.l(defsig_abrt_outer.o)
    0x0000040e   0x0000040e   0x0000003e   Code   RO         1229    .text               c_p.l(sys_stackheap_outer.o)
    0x0000044c   0x0000044c   0x00000010   Code   RO         1234    .text               c_p.l(exit.o)
    0x0000045c   0x0000045c   0x0000000c   Code   RO         1236    .text               c_p.l(defsig_exit.o)
    0x00000468   0x00000468   0x00000030   Code   RO         1238    .text               c_p.l(defsig_abrt_inner.o)
    0x00000498   0x00000498   0x00000008   Code   RO         1250    .text               c_p.l(libspace.o)
    0x000004a0   0x000004a0   0x00000034   Code   RO         1258    .text               c_p.l(defsig_general.o)
    0x000004d4   0x000004d4   0x00000090   Code   RO          311    i.Bt2Int            btimer.o
    0x00000564   0x00000564   0x00000064   Code   RO          312    i.BtTimerTest1ms    btimer.o
    0x000005c8   0x000005c8   0x0000007c   Code   RO          585    i.Bt_ARRSet         bt.o
    0x00000644   0x00000644   0x00000074   Code   RO          586    i.Bt_ClearIntFlag   bt.o
    0x000006b8   0x000006b8   0x0000007c   Code   RO          588    i.Bt_Cnt16Set       bt.o
    0x00000734   0x00000734   0x00000070   Code   RO          592    i.Bt_EnableIrq      bt.o
    0x000007a4   0x000007a4   0x0000006c   Code   RO          593    i.Bt_GetIntFlag     bt.o
    0x00000810   0x00000810   0x00000184   Code   RO          594    i.Bt_Init           bt.o
    0x00000994   0x00000994   0x00000074   Code   RO          595    i.Bt_Run            bt.o
    0x00000a08   0x00000a08   0x00000028   Code   RO           94    i.CALCULATERPARAMETER  main.o
    0x00000a30   0x00000a30   0x00000016   Code   RO           95    i.ChkHostSum        main.o
    0x00000a46   0x00000a46   0x00000014   Code   RO           96    i.ChkRnSum          main.o
    0x00000a5a   0x00000a5a   0x00000002   PAD
    0x00000a5c   0x00000a5c   0x00000018   Code   RO          413    i.ClkUnlock         clk.o
    0x00000a74   0x00000a74   0x00000014   Code   RO          414    i.ClkWriteDummy     clk.o
    0x00000a88   0x00000a88   0x000000c0   Code   RO          417    i.Clk_Enable        clk.o
    0x00000b48   0x00000b48   0x0000003c   Code   RO          418    i.Clk_GetClkRdy     clk.o
    0x00000b84   0x00000b84   0x00000074   Code   RO          419    i.Clk_GetHClkFreq   clk.o
    0x00000bf8   0x00000bf8   0x00000018   Code   RO          420    i.Clk_GetPClkFreq   clk.o
    0x00000c10   0x00000c10   0x000000cc   Code   RO          422    i.Clk_Init          clk.o
    0x00000cdc   0x00000cdc   0x00000050   Code   RO          424    i.Clk_SetHClkDiv    clk.o
    0x00000d2c   0x00000d2c   0x0000003c   Code   RO          425    i.Clk_SetPClkDiv    clk.o
    0x00000d68   0x00000d68   0x00000030   Code   RO          426    i.Clk_SetPeripheralGate  clk.o
    0x00000d98   0x00000d98   0x00000088   Code   RO          427    i.Clk_SetRCHFreq    clk.o
    0x00000e20   0x00000e20   0x00000050   Code   RO          429    i.Clk_SetRCL_StableTime  clk.o
    0x00000e70   0x00000e70   0x0000003c   Code   RO          430    i.Clk_SetSource     clk.o
    0x00000eac   0x00000eac   0x00000044   Code   RO          431    i.Clk_SetXTH_StableTime  clk.o
    0x00000ef0   0x00000ef0   0x00000044   Code   RO          433    i.Clk_SetXTL_StableTime  clk.o
    0x00000f34   0x00000f34   0x00000080   Code   RO          434    i.Clk_SwitchTo      clk.o
    0x00000fb4   0x00000fb4   0x00000098   Code   RO          435    i.Clk_SysTickConfig  clk.o
    0x0000104c   0x0000104c   0x00000018   Code   RO          279    i.Count_setbit      alg.o
    0x00001064   0x00001064   0x00000080   Code   RO          771    i.EnableNvic        interrupts_hc32f003.o
    0x000010e4   0x000010e4   0x00000010   Code   RO          191    i.ErrIntCallback    rn8209.o
    0x000010f4   0x000010f4   0x000000a4   Code   RO         1087    i.Gpio_InitIOExt    gpio.o
    0x00001198   0x00001198   0x00000028   Code   RO         1088    i.Gpio_SetAnalog    gpio.o
    0x000011c0   0x000011c0   0x0000000e   Code   RO          772    i.HardFault_Handler  interrupts_hc32f003.o
    0x000011ce   0x000011ce   0x00000002   PAD
    0x000011d0   0x000011d0   0x00000010   Code   RO          343    i.HostErrIntCallback  uart_host.o
    0x000011e0   0x000011e0   0x00000034   Code   RO          344    i.HostRS232GetChar  uart_host.o
    0x00001214   0x00001214   0x0000000c   Code   RO          345    i.HostRS232RXBufferCount  uart_host.o
    0x00001220   0x00001220   0x00000034   Code   RO          346    i.HostRxIntCallback  uart_host.o
    0x00001254   0x00001254   0x00000002   Code   RO          347    i.HostTxIntCallback  uart_host.o
    0x00001256   0x00001256   0x0000000a   Code   RO          773    i.IRQ000_Handler    interrupts_hc32f003.o
    0x00001260   0x00001260   0x0000000a   Code   RO          774    i.IRQ001_Handler    interrupts_hc32f003.o
    0x0000126a   0x0000126a   0x0000000a   Code   RO          775    i.IRQ002_Handler    interrupts_hc32f003.o
    0x00001274   0x00001274   0x0000000a   Code   RO          776    i.IRQ003_Handler    interrupts_hc32f003.o
    0x0000127e   0x0000127e   0x0000000a   Code   RO          777    i.IRQ006_Handler    interrupts_hc32f003.o
    0x00001288   0x00001288   0x0000000a   Code   RO          778    i.IRQ007_Handler    interrupts_hc32f003.o
    0x00001292   0x00001292   0x0000000a   Code   RO          779    i.IRQ010_Handler    interrupts_hc32f003.o
    0x0000129c   0x0000129c   0x0000000a   Code   RO          780    i.IRQ012_Handler    interrupts_hc32f003.o
    0x000012a6   0x000012a6   0x0000000a   Code   RO          781    i.IRQ014_Handler    interrupts_hc32f003.o
    0x000012b0   0x000012b0   0x0000000a   Code   RO          782    i.IRQ015_Handler    interrupts_hc32f003.o
    0x000012ba   0x000012ba   0x0000000a   Code   RO          783    i.IRQ016_Handler    interrupts_hc32f003.o
    0x000012c4   0x000012c4   0x0000000a   Code   RO          784    i.IRQ018_Handler    interrupts_hc32f003.o
    0x000012ce   0x000012ce   0x0000000a   Code   RO          785    i.IRQ019_Handler    interrupts_hc32f003.o
    0x000012d8   0x000012d8   0x0000000a   Code   RO          786    i.IRQ020_Handler    interrupts_hc32f003.o
    0x000012e2   0x000012e2   0x0000000a   Code   RO          787    i.IRQ021_Handler    interrupts_hc32f003.o
    0x000012ec   0x000012ec   0x0000000a   Code   RO          788    i.IRQ022_Handler    interrupts_hc32f003.o
    0x000012f6   0x000012f6   0x0000000a   Code   RO          789    i.IRQ024_Handler    interrupts_hc32f003.o
    0x00001300   0x00001300   0x0000000a   Code   RO          790    i.IRQ026_Handler    interrupts_hc32f003.o
    0x0000130a   0x0000130a   0x0000000a   Code   RO          791    i.IRQ027_Handler    interrupts_hc32f003.o
    0x00001314   0x00001314   0x0000000a   Code   RO          792    i.IRQ028_Handler    interrupts_hc32f003.o
    0x0000131e   0x0000131e   0x0000000a   Code   RO          793    i.IRQ030_Handler    interrupts_hc32f003.o
    0x00001328   0x00001328   0x0000000a   Code   RO          794    i.IRQ031_Handler    interrupts_hc32f003.o
    0x00001332   0x00001332   0x00000014   Code   RO          687    i.Log2              ddl.o
    0x00001346   0x00001346   0x00000002   PAD
    0x00001348   0x00001348   0x00000034   Code   RO          192    i.RnRS232GetChar    rn8209.o
    0x0000137c   0x0000137c   0x0000000c   Code   RO          193    i.RnRS232RXBufferCount  rn8209.o
    0x00001388   0x00001388   0x00000034   Code   RO          194    i.RxIntCallback     rn8209.o
    0x000013bc   0x000013bc   0x00000010   Code   RO           12    i.SystemCoreClockUpdate  system_hc32f003.o
    0x000013cc   0x000013cc   0x00000034   Code   RO           13    i.SystemInit        system_hc32f003.o
    0x00001400   0x00001400   0x00000020   Code   RO          597    i.Tim_IRQHandler    bt.o
    0x00001420   0x00001420   0x00000044   Code   RO          195    i.TxIntCallback     rn8209.o
    0x00001464   0x00001464   0x0000009c   Code   RO          936    i.UartDeInitNvic    uart.o
    0x00001500   0x00001500   0x0000002c   Code   RO          937    i.UartGetInternDataPtr  uart.o
    0x0000152c   0x0000152c   0x00000094   Code   RO          938    i.UartInitNvic      uart.o
    0x000015c0   0x000015c0   0x000000cc   Code   RO          939    i.Uart_ClrStatus    uart.o
    0x0000168c   0x0000168c   0x000000f0   Code   RO          940    i.Uart_DisableIrq   uart.o
    0x0000177c   0x0000177c   0x0000008c   Code   RO          941    i.Uart_EnableFunc   uart.o
    0x00001808   0x00001808   0x000000f0   Code   RO          942    i.Uart_EnableIrq    uart.o
    0x000018f8   0x000018f8   0x000000c4   Code   RO          944    i.Uart_GetStatus    uart.o
    0x000019bc   0x000019bc   0x0000005a   Code   RO          945    i.Uart_IRQHandler   uart.o
    0x00001a16   0x00001a16   0x00000002   PAD
    0x00001a18   0x00001a18   0x000000cc   Code   RO          946    i.Uart_Init         uart.o
    0x00001ae4   0x00001ae4   0x00000080   Code   RO          947    i.Uart_ReceiveData  uart.o
    0x00001b64   0x00001b64   0x00000098   Code   RO          948    i.Uart_SendData     uart.o
    0x00001bfc   0x00001bfc   0x000000c4   Code   RO          949    i.Uart_SetBaudRate  uart.o
    0x00001cc0   0x00001cc0   0x0000008c   Code   RO          950    i.Uart_SetMMDOrCk   uart.o
    0x00001d4c   0x00001d4c   0x000000a8   Code   RO          951    i.Uart_SetMode      uart.o
    0x00001df4   0x00001df4   0x000000a4   Code   RO          952    i.Uart_SetMultiMode  uart.o
    0x00001e98   0x00001e98   0x0000001a   Code   RO          571    i.__ARM_common_switch8  clk.o
    0x00001eb2   0x00001eb2   0x00000002   PAD
    0x00001eb4   0x00001eb4   0x00000018   Code   RO          955    i.__NVIC_ClearPendingIRQ  uart.o
    0x00001ecc   0x00001ecc   0x00000044   Code   RO          956    i.__NVIC_SetPriority  uart.o
    0x00001f10   0x00001f10   0x00000002   Code   RO          689    i._sys_exit         ddl.o
    0x00001f12   0x00001f12   0x00000002   Code   RO          690    i._ttywrch          ddl.o
    0x00001f14   0x00001f14   0x00000014   Code   RO          691    i.ddl_memclr        ddl.o
    0x00001f28   0x00001f28   0x00000038   Code   RO          693    i.delay1ms          ddl.o
    0x00001f60   0x00001f60   0x00000050   Code   RO           97    i.host_receive_task  main.o
    0x00001fb0   0x00001fb0   0x0000001c   Code   RO          348    i.host_rs232_send_bytes  uart_host.o
    0x00001fcc   0x00001fcc   0x00000028   Code   RO           98    i.host_send_data    main.o
    0x00001ff4   0x00001ff4   0x00000110   Code   RO           99    i.main              main.o
    0x00002104   0x00002104   0x00000010   Code   RO          349    i.reset_host_rx_buf  uart_host.o
    0x00002114   0x00002114   0x00000148   Code   RO          196    i.rn8209_init       rn8209.o
    0x0000225c   0x0000225c   0x0000003c   Code   RO          197    i.rn_read           rn8209.o
    0x00002298   0x00002298   0x00000014   Code   RO          198    i.rn_reset          rn8209.o
    0x000022ac   0x000022ac   0x00000068   Code   RO          100    i.rn_uart_task      main.o
    0x00002314   0x00002314   0x0000005c   Code   RO          199    i.rn_write          rn8209.o
    0x00002370   0x00002370   0x00000120   Code   RO          350    i.uart_host_init    uart_host.o
    0x00002490   0x00002490   0x00000004   Data   RO          438    .constdata          clk.o
    0x00002494   0x00002494   0x00000041   Data   RO          598    .conststring        bt.o
    0x000024d5   0x000024d5   0x00000003   PAD
    0x000024d8   0x000024d8   0x000000cb   Data   RO          957    .conststring        uart.o
    0x000025a3   0x000025a3   0x00000001   PAD
    0x000025a4   0x000025a4   0x00000020   Data   RO         1366    Region$$Table       anon$$obj.o


    Execution Region RW_IRAM1 (Exec base: 0x20000000, Load base: 0x000025c4, Size: 0x00000260, Max: 0x00000800, ABSOLUTE)

    Exec Addr    Load Addr    Size         Type   Attr      Idx    E Section Name        Object

    0x20000000   0x000025c4   0x00000004   Data   RW           14    .data               system_hc32f003.o
    0x20000004   0x000025c8   0x00000002   Data   RW          107    .data               main.o
    0x20000006   0x000025ca   0x00000002   PAD
    0x20000008   0x000025cc   0x0000000c   Data   RW          203    .data               rn8209.o
    0x20000014   0x000025d8   0x00000004   Data   RW          313    .data               btimer.o
    0x20000018   0x000025dc   0x00000008   Data   RW          352    .data               uart_host.o
    0x20000020   0x000025e4   0x0000000c   Data   RW          599    .data               bt.o
    0x2000002c   0x000025f0   0x00000028   Data   RW          958    .data               uart.o
    0x20000054        -       0x00000028   Zero   RW          101    .bss                main.o
    0x2000007c        -       0x00000040   Zero   RW          202    .bss                rn8209.o
    0x200000bc        -       0x00000040   Zero   RW          351    .bss                uart_host.o
    0x200000fc        -       0x00000060   Zero   RW         1251    .bss                c_p.l(libspace.o)
    0x2000015c   0x00002618   0x00000004   PAD
    0x20000160        -       0x00000000   Zero   RW            2    HEAP                startup_hc32f003.o
    0x20000160        -       0x00000100   Zero   RW            1    STACK               startup_hc32f003.o


==============================================================================

Image component sizes


      Code (inc. data)   RO Data    RW Data    ZI Data      Debug   Object Name

        24          0          0          0          0        555   alg.o
      1120        264         65         12          0       6183   bt.o
       244         36          0          4          0       1182   btimer.o
      1546        270          4          0          0      18898   clk.o
       100          8          0          0          0       3110   ddl.o
       204         18          0          0          0       1478   gpio.o
       362         16          0          0          0      19475   interrupts_hc32f003.o
       578         36          0          2         40       8652   main.o
       700         72          0         12         64       6265   rn8209.o
        84         36        192          0        256        664   startup_hc32f003.o
        68         10          0          4          0      62783   system_hc32f003.o
      2702       1364        203         40          0      20776   uart.o
       466         54          0          8         64       5123   uart_host.o

    ----------------------------------------------------------------------
      8208       2184        500         84        424     155144   Object Totals
         0          0         32          0          0          0   (incl. Generated)
        10          0          4          2          0          0   (incl. Padding)

    ----------------------------------------------------------------------

      Code (inc. data)   RO Data    RW Data    ZI Data      Debug   Library Member Name

         8          0          0          0          0         68   __main.o
         0          0          0          0          0          0   __rtentry.o
        12          0          0          0          0          0   __rtentry2.o
         6          0          0          0          0          0   __rtentry4.o
        60          8          0          0          0          0   __scatter.o
        26          0          0          0          0          0   __scatter_copy.o
        28          0          0          0          0          0   __scatter_zi.o
        20          0          0          0          0         68   abort.o
       346          0          0          0          0         92   aeabi_sdiv.o
       124         42          0          0          0         68   assert.o
        20          0          0          0          0         68   assert_puts.o
        48         34          0          0          0         68   defsig_abrt_inner.o
        12          0          0          0          0         68   defsig_abrt_outer.o
        12          0          0          0          0         68   defsig_exit.o
        52          0          0          0          0         72   defsig_general.o
        16          0          0          0          0         68   exit.o
         6          0          0          0          0        136   heapauxi.o
         2          0          0          0          0          0   libinit.o
         2          0          0          0          0          0   libinit2.o
         2          0          0          0          0          0   libshutdown.o
         2          0          0          0          0          0   libshutdown2.o
         8          4          0          0         96         68   libspace.o
        64          0          0          0          0        108   rt_memclr.o
         2          0          0          0          0          0   rtexit.o
        10          0          0          0          0          0   rtexit2.o
        62          0          0          0          0         80   sys_stackheap_outer.o
         2          0          0          0          0         68   use_no_semi.o
         2          0          0          0          0         68   use_no_semi_2.o

    ----------------------------------------------------------------------
       960         88          0          0        100       1236   Library Totals
         6          0          0          0          4          0   (incl. Padding)

    ----------------------------------------------------------------------

      Code (inc. data)   RO Data    RW Data    ZI Data      Debug   Library Name

       954         88          0          0         96       1236   c_p.l

    ----------------------------------------------------------------------
       960         88          0          0        100       1236   Library Totals

    ----------------------------------------------------------------------

==============================================================================


      Code (inc. data)   RO Data    RW Data    ZI Data      Debug   

      9168       2272        500         84        524     151520   Grand Totals
      9168       2272        500         84        524     151520   ELF Image Totals
      9168       2272        500         84          0          0   ROM Totals

==============================================================================

    Total RO  Size (Code + RO Data)                 9668 (   9.44kB)
    Total RW  Size (RW Data + ZI Data)               608 (   0.59kB)
    Total ROM Size (Code + RO Data + RW Data)       9752 (   9.52kB)

==============================================================================

