<!doctype html public "-//w3c//dtd html 4.0 transitional//en">
<html><head>
<title>Static Call Graph - [.\Objects\uart_8209.axf]</title></head>
<body><HR>
<H1>Static Call Graph for image .\Objects\uart_8209.axf</H1><HR>
<BR><P>#&#060CALLGRAPH&#062# ARM Linker, 5060750: Last Updated: Fri Jul 06 09:14:17 2018
<BR><P>
<H3>Maximum Stack Usage =        248 bytes + Unknown(Functions without stacksize, Cycles, Untraceable Function Pointers)</H3><H3>
Call chain for Maximum Stack Depth:</H3>
__rt_entry_main &rArr; main &rArr; rn8209_init &rArr; rn_reset &rArr; rn_write &rArr; Uart_SendData &rArr; Uart_GetStatus &rArr; __aeabi_assert &rArr; abort &rArr; __rt_SIGABRT &rArr; __rt_SIGABRT_inner &rArr; __default_signal_display
<P>
<H3>
Functions with no stack information
</H3><UL>
 <LI><a href="#[51]">__user_initial_stackheap</a>
</UL>
</UL>
<P>
<H3>
Mutually Recursive functions
</H3> <LI><a href="#[6]">NMI_Handler</a>&nbsp;&nbsp;&nbsp;&rArr;&nbsp;&nbsp;&nbsp;<a href="#[6]">NMI_Handler</a><BR>
 <LI><a href="#[8]">SVC_Handler</a>&nbsp;&nbsp;&nbsp;&rArr;&nbsp;&nbsp;&nbsp;<a href="#[8]">SVC_Handler</a><BR>
 <LI><a href="#[9]">PendSV_Handler</a>&nbsp;&nbsp;&nbsp;&rArr;&nbsp;&nbsp;&nbsp;<a href="#[9]">PendSV_Handler</a><BR>
 <LI><a href="#[a]">SysTick_Handler</a>&nbsp;&nbsp;&nbsp;&rArr;&nbsp;&nbsp;&nbsp;<a href="#[a]">SysTick_Handler</a><BR>
 <LI><a href="#[f]">IRQ004_Handler</a>&nbsp;&nbsp;&nbsp;&rArr;&nbsp;&nbsp;&nbsp;<a href="#[f]">IRQ004_Handler</a><BR>
</UL>
<P>
<H3>
Function Pointers
</H3><UL>
 <LI><a href="#[2d]">Bt2Int</a> from btimer.o(i.Bt2Int) referenced from btimer.o(i.BtTimerTest1ms)
 <LI><a href="#[30]">ErrIntCallback</a> from rn8209.o(i.ErrIntCallback) referenced from rn8209.o(i.rn8209_init)
 <LI><a href="#[7]">HardFault_Handler</a> from interrupts_hc32f003.o(i.HardFault_Handler) referenced from startup_hc32f003.o(RESET)
 <LI><a href="#[33]">HostErrIntCallback</a> from uart_host.o(i.HostErrIntCallback) referenced from uart_host.o(i.uart_host_init)
 <LI><a href="#[31]">HostRxIntCallback</a> from uart_host.o(i.HostRxIntCallback) referenced from uart_host.o(i.uart_host_init)
 <LI><a href="#[32]">HostTxIntCallback</a> from uart_host.o(i.HostTxIntCallback) referenced from uart_host.o(i.uart_host_init)
 <LI><a href="#[b]">IRQ000_Handler</a> from interrupts_hc32f003.o(i.IRQ000_Handler) referenced from startup_hc32f003.o(RESET)
 <LI><a href="#[c]">IRQ001_Handler</a> from interrupts_hc32f003.o(i.IRQ001_Handler) referenced from startup_hc32f003.o(RESET)
 <LI><a href="#[d]">IRQ002_Handler</a> from interrupts_hc32f003.o(i.IRQ002_Handler) referenced from startup_hc32f003.o(RESET)
 <LI><a href="#[e]">IRQ003_Handler</a> from interrupts_hc32f003.o(i.IRQ003_Handler) referenced from startup_hc32f003.o(RESET)
 <LI><a href="#[f]">IRQ004_Handler</a> from startup_hc32f003.o(.text) referenced from startup_hc32f003.o(RESET)
 <LI><a href="#[10]">IRQ005_Handler</a> from startup_hc32f003.o(.text) referenced from startup_hc32f003.o(RESET)
 <LI><a href="#[11]">IRQ006_Handler</a> from interrupts_hc32f003.o(i.IRQ006_Handler) referenced from startup_hc32f003.o(RESET)
 <LI><a href="#[12]">IRQ007_Handler</a> from interrupts_hc32f003.o(i.IRQ007_Handler) referenced from startup_hc32f003.o(RESET)
 <LI><a href="#[13]">IRQ008_Handler</a> from startup_hc32f003.o(.text) referenced from startup_hc32f003.o(RESET)
 <LI><a href="#[14]">IRQ009_Handler</a> from startup_hc32f003.o(.text) referenced from startup_hc32f003.o(RESET)
 <LI><a href="#[15]">IRQ010_Handler</a> from interrupts_hc32f003.o(i.IRQ010_Handler) referenced from startup_hc32f003.o(RESET)
 <LI><a href="#[16]">IRQ011_Handler</a> from startup_hc32f003.o(.text) referenced from startup_hc32f003.o(RESET)
 <LI><a href="#[17]">IRQ012_Handler</a> from interrupts_hc32f003.o(i.IRQ012_Handler) referenced from startup_hc32f003.o(RESET)
 <LI><a href="#[18]">IRQ013_Handler</a> from startup_hc32f003.o(.text) referenced from startup_hc32f003.o(RESET)
 <LI><a href="#[19]">IRQ014_Handler</a> from interrupts_hc32f003.o(i.IRQ014_Handler) referenced from startup_hc32f003.o(RESET)
 <LI><a href="#[1a]">IRQ015_Handler</a> from interrupts_hc32f003.o(i.IRQ015_Handler) referenced from startup_hc32f003.o(RESET)
 <LI><a href="#[1b]">IRQ016_Handler</a> from interrupts_hc32f003.o(i.IRQ016_Handler) referenced from startup_hc32f003.o(RESET)
 <LI><a href="#[1c]">IRQ017_Handler</a> from startup_hc32f003.o(.text) referenced from startup_hc32f003.o(RESET)
 <LI><a href="#[1d]">IRQ018_Handler</a> from interrupts_hc32f003.o(i.IRQ018_Handler) referenced from startup_hc32f003.o(RESET)
 <LI><a href="#[1e]">IRQ019_Handler</a> from interrupts_hc32f003.o(i.IRQ019_Handler) referenced from startup_hc32f003.o(RESET)
 <LI><a href="#[1f]">IRQ020_Handler</a> from interrupts_hc32f003.o(i.IRQ020_Handler) referenced from startup_hc32f003.o(RESET)
 <LI><a href="#[20]">IRQ021_Handler</a> from interrupts_hc32f003.o(i.IRQ021_Handler) referenced from startup_hc32f003.o(RESET)
 <LI><a href="#[21]">IRQ022_Handler</a> from interrupts_hc32f003.o(i.IRQ022_Handler) referenced from startup_hc32f003.o(RESET)
 <LI><a href="#[22]">IRQ023_Handler</a> from startup_hc32f003.o(.text) referenced from startup_hc32f003.o(RESET)
 <LI><a href="#[23]">IRQ024_Handler</a> from interrupts_hc32f003.o(i.IRQ024_Handler) referenced from startup_hc32f003.o(RESET)
 <LI><a href="#[24]">IRQ025_Handler</a> from startup_hc32f003.o(.text) referenced from startup_hc32f003.o(RESET)
 <LI><a href="#[25]">IRQ026_Handler</a> from interrupts_hc32f003.o(i.IRQ026_Handler) referenced from startup_hc32f003.o(RESET)
 <LI><a href="#[26]">IRQ027_Handler</a> from interrupts_hc32f003.o(i.IRQ027_Handler) referenced from startup_hc32f003.o(RESET)
 <LI><a href="#[27]">IRQ028_Handler</a> from interrupts_hc32f003.o(i.IRQ028_Handler) referenced from startup_hc32f003.o(RESET)
 <LI><a href="#[28]">IRQ029_Handler</a> from startup_hc32f003.o(.text) referenced from startup_hc32f003.o(RESET)
 <LI><a href="#[29]">IRQ030_Handler</a> from interrupts_hc32f003.o(i.IRQ030_Handler) referenced from startup_hc32f003.o(RESET)
 <LI><a href="#[2a]">IRQ031_Handler</a> from interrupts_hc32f003.o(i.IRQ031_Handler) referenced from startup_hc32f003.o(RESET)
 <LI><a href="#[6]">NMI_Handler</a> from startup_hc32f003.o(.text) referenced from startup_hc32f003.o(RESET)
 <LI><a href="#[9]">PendSV_Handler</a> from startup_hc32f003.o(.text) referenced from startup_hc32f003.o(RESET)
 <LI><a href="#[5]">Reset_Handler</a> from startup_hc32f003.o(.text) referenced from startup_hc32f003.o(RESET)
 <LI><a href="#[2e]">RxIntCallback</a> from rn8209.o(i.RxIntCallback) referenced from rn8209.o(i.rn8209_init)
 <LI><a href="#[8]">SVC_Handler</a> from startup_hc32f003.o(.text) referenced from startup_hc32f003.o(RESET)
 <LI><a href="#[a]">SysTick_Handler</a> from startup_hc32f003.o(.text) referenced from startup_hc32f003.o(RESET)
 <LI><a href="#[2b]">SystemInit</a> from system_hc32f003.o(i.SystemInit) referenced from startup_hc32f003.o(.text)
 <LI><a href="#[2f]">TxIntCallback</a> from rn8209.o(i.TxIntCallback) referenced from rn8209.o(i.rn8209_init)
 <LI><a href="#[34]">__main</a> from __main.o(!!!main) referenced from startup_hc32f003.o(.text)
</UL>
<P>
<H3>
Global Symbols
</H3>
<P><STRONG><a name="[34]"></a>__main</STRONG> (Thumb, 8 bytes, Stack size 0 bytes, __main.o(!!!main))
<BR><BR>[Calls]<UL><LI><a href="#[36]">&gt;&gt;</a>&nbsp;&nbsp;&nbsp;__rt_entry
<LI><a href="#[35]">&gt;&gt;</a>&nbsp;&nbsp;&nbsp;__scatterload
</UL>

<P><STRONG><a name="[35]"></a>__scatterload</STRONG> (Thumb, 0 bytes, Stack size unknown bytes, __scatter.o(!!!scatter))
<BR><BR>[Called By]<UL><LI><a href="#[34]">&gt;&gt;</a>&nbsp;&nbsp;&nbsp;__main
</UL>

<P><STRONG><a name="[37]"></a>__scatterload_rt2</STRONG> (Thumb, 52 bytes, Stack size unknown bytes, __scatter.o(!!!scatter), UNUSED)
<BR><BR>[Calls]<UL><LI><a href="#[36]">&gt;&gt;</a>&nbsp;&nbsp;&nbsp;__rt_entry
</UL>

<P><STRONG><a name="[a8]"></a>__scatterload_rt2_thumb_only</STRONG> (Thumb, 0 bytes, Stack size unknown bytes, __scatter.o(!!!scatter), UNUSED)

<P><STRONG><a name="[a9]"></a>__scatterload_null</STRONG> (Thumb, 0 bytes, Stack size unknown bytes, __scatter.o(!!!scatter), UNUSED)

<P><STRONG><a name="[38]"></a>__scatterload_copy</STRONG> (Thumb, 26 bytes, Stack size unknown bytes, __scatter_copy.o(!!handler_copy), UNUSED)
<BR><BR>[Calls]<UL><LI><a href="#[38]">&gt;&gt;</a>&nbsp;&nbsp;&nbsp;__scatterload_copy
</UL>
<BR>[Called By]<UL><LI><a href="#[38]">&gt;&gt;</a>&nbsp;&nbsp;&nbsp;__scatterload_copy
</UL>

<P><STRONG><a name="[aa]"></a>__scatterload_zeroinit</STRONG> (Thumb, 28 bytes, Stack size unknown bytes, __scatter_zi.o(!!handler_zi), UNUSED)

<P><STRONG><a name="[3c]"></a>__rt_lib_init</STRONG> (Thumb, 0 bytes, Stack size unknown bytes, libinit.o(.ARM.Collect$$libinit$$00000000))
<BR><BR>[Called By]<UL><LI><a href="#[3b]">&gt;&gt;</a>&nbsp;&nbsp;&nbsp;__rt_entry_li
</UL>

<P><STRONG><a name="[ab]"></a>__rt_lib_init_alloca_1</STRONG> (Thumb, 0 bytes, Stack size unknown bytes, libinit2.o(.ARM.Collect$$libinit$$0000002E))

<P><STRONG><a name="[ac]"></a>__rt_lib_init_argv_1</STRONG> (Thumb, 0 bytes, Stack size unknown bytes, libinit2.o(.ARM.Collect$$libinit$$0000002C))

<P><STRONG><a name="[ad]"></a>__rt_lib_init_atexit_1</STRONG> (Thumb, 0 bytes, Stack size unknown bytes, libinit2.o(.ARM.Collect$$libinit$$0000001B))

<P><STRONG><a name="[ae]"></a>__rt_lib_init_clock_1</STRONG> (Thumb, 0 bytes, Stack size unknown bytes, libinit2.o(.ARM.Collect$$libinit$$00000021))

<P><STRONG><a name="[af]"></a>__rt_lib_init_cpp_1</STRONG> (Thumb, 0 bytes, Stack size unknown bytes, libinit2.o(.ARM.Collect$$libinit$$00000032))

<P><STRONG><a name="[b0]"></a>__rt_lib_init_exceptions_1</STRONG> (Thumb, 0 bytes, Stack size unknown bytes, libinit2.o(.ARM.Collect$$libinit$$00000030))

<P><STRONG><a name="[b1]"></a>__rt_lib_init_fp_1</STRONG> (Thumb, 0 bytes, Stack size unknown bytes, libinit2.o(.ARM.Collect$$libinit$$00000002))

<P><STRONG><a name="[b2]"></a>__rt_lib_init_fp_trap_1</STRONG> (Thumb, 0 bytes, Stack size unknown bytes, libinit2.o(.ARM.Collect$$libinit$$0000001F))

<P><STRONG><a name="[b3]"></a>__rt_lib_init_getenv_1</STRONG> (Thumb, 0 bytes, Stack size unknown bytes, libinit2.o(.ARM.Collect$$libinit$$00000023))

<P><STRONG><a name="[b4]"></a>__rt_lib_init_heap_1</STRONG> (Thumb, 0 bytes, Stack size unknown bytes, libinit2.o(.ARM.Collect$$libinit$$0000000A))

<P><STRONG><a name="[b5]"></a>__rt_lib_init_lc_collate_1</STRONG> (Thumb, 0 bytes, Stack size unknown bytes, libinit2.o(.ARM.Collect$$libinit$$00000011))

<P><STRONG><a name="[b6]"></a>__rt_lib_init_lc_ctype_1</STRONG> (Thumb, 0 bytes, Stack size unknown bytes, libinit2.o(.ARM.Collect$$libinit$$00000013))

<P><STRONG><a name="[b7]"></a>__rt_lib_init_lc_monetary_1</STRONG> (Thumb, 0 bytes, Stack size unknown bytes, libinit2.o(.ARM.Collect$$libinit$$00000015))

<P><STRONG><a name="[b8]"></a>__rt_lib_init_lc_numeric_1</STRONG> (Thumb, 0 bytes, Stack size unknown bytes, libinit2.o(.ARM.Collect$$libinit$$00000017))

<P><STRONG><a name="[b9]"></a>__rt_lib_init_lc_time_1</STRONG> (Thumb, 0 bytes, Stack size unknown bytes, libinit2.o(.ARM.Collect$$libinit$$00000019))

<P><STRONG><a name="[ba]"></a>__rt_lib_init_preinit_1</STRONG> (Thumb, 0 bytes, Stack size unknown bytes, libinit2.o(.ARM.Collect$$libinit$$00000004))

<P><STRONG><a name="[bb]"></a>__rt_lib_init_rand_1</STRONG> (Thumb, 0 bytes, Stack size unknown bytes, libinit2.o(.ARM.Collect$$libinit$$0000000E))

<P><STRONG><a name="[bc]"></a>__rt_lib_init_return</STRONG> (Thumb, 0 bytes, Stack size unknown bytes, libinit2.o(.ARM.Collect$$libinit$$00000033))

<P><STRONG><a name="[bd]"></a>__rt_lib_init_signal_1</STRONG> (Thumb, 0 bytes, Stack size unknown bytes, libinit2.o(.ARM.Collect$$libinit$$0000001D))

<P><STRONG><a name="[be]"></a>__rt_lib_init_stdio_1</STRONG> (Thumb, 0 bytes, Stack size unknown bytes, libinit2.o(.ARM.Collect$$libinit$$00000025))

<P><STRONG><a name="[bf]"></a>__rt_lib_init_user_alloc_1</STRONG> (Thumb, 0 bytes, Stack size unknown bytes, libinit2.o(.ARM.Collect$$libinit$$0000000C))

<P><STRONG><a name="[41]"></a>__rt_lib_shutdown</STRONG> (Thumb, 0 bytes, Stack size unknown bytes, libshutdown.o(.ARM.Collect$$libshutdown$$00000000))
<BR><BR>[Called By]<UL><LI><a href="#[40]">&gt;&gt;</a>&nbsp;&nbsp;&nbsp;__rt_exit_ls
<LI><a href="#[47]">&gt;&gt;</a>&nbsp;&nbsp;&nbsp;abort
</UL>

<P><STRONG><a name="[c0]"></a>__rt_lib_shutdown_cpp_1</STRONG> (Thumb, 0 bytes, Stack size unknown bytes, libshutdown2.o(.ARM.Collect$$libshutdown$$00000002))

<P><STRONG><a name="[c1]"></a>__rt_lib_shutdown_fp_trap_1</STRONG> (Thumb, 0 bytes, Stack size unknown bytes, libshutdown2.o(.ARM.Collect$$libshutdown$$00000007))

<P><STRONG><a name="[c2]"></a>__rt_lib_shutdown_heap_1</STRONG> (Thumb, 0 bytes, Stack size unknown bytes, libshutdown2.o(.ARM.Collect$$libshutdown$$0000000F))

<P><STRONG><a name="[c3]"></a>__rt_lib_shutdown_return</STRONG> (Thumb, 0 bytes, Stack size unknown bytes, libshutdown2.o(.ARM.Collect$$libshutdown$$00000010))

<P><STRONG><a name="[c4]"></a>__rt_lib_shutdown_signal_1</STRONG> (Thumb, 0 bytes, Stack size unknown bytes, libshutdown2.o(.ARM.Collect$$libshutdown$$0000000A))

<P><STRONG><a name="[c5]"></a>__rt_lib_shutdown_stdio_1</STRONG> (Thumb, 0 bytes, Stack size unknown bytes, libshutdown2.o(.ARM.Collect$$libshutdown$$00000004))

<P><STRONG><a name="[c6]"></a>__rt_lib_shutdown_user_alloc_1</STRONG> (Thumb, 0 bytes, Stack size unknown bytes, libshutdown2.o(.ARM.Collect$$libshutdown$$0000000C))

<P><STRONG><a name="[36]"></a>__rt_entry</STRONG> (Thumb, 0 bytes, Stack size unknown bytes, __rtentry.o(.ARM.Collect$$rtentry$$00000000))
<BR><BR>[Called By]<UL><LI><a href="#[34]">&gt;&gt;</a>&nbsp;&nbsp;&nbsp;__main
<LI><a href="#[37]">&gt;&gt;</a>&nbsp;&nbsp;&nbsp;__scatterload_rt2
</UL>

<P><STRONG><a name="[c7]"></a>__rt_entry_presh_1</STRONG> (Thumb, 0 bytes, Stack size unknown bytes, __rtentry2.o(.ARM.Collect$$rtentry$$00000002))

<P><STRONG><a name="[39]"></a>__rt_entry_sh</STRONG> (Thumb, 0 bytes, Stack size unknown bytes, __rtentry4.o(.ARM.Collect$$rtentry$$00000004))
<BR><BR>[Stack]<UL><LI>Max Depth = 8 + Unknown Stack Size
<LI>Call Chain = __rt_entry_sh &rArr; __user_setup_stackheap
</UL>
<BR>[Calls]<UL><LI><a href="#[3a]">&gt;&gt;</a>&nbsp;&nbsp;&nbsp;__user_setup_stackheap
</UL>

<P><STRONG><a name="[3b]"></a>__rt_entry_li</STRONG> (Thumb, 0 bytes, Stack size unknown bytes, __rtentry2.o(.ARM.Collect$$rtentry$$0000000A))
<BR><BR>[Calls]<UL><LI><a href="#[3c]">&gt;&gt;</a>&nbsp;&nbsp;&nbsp;__rt_lib_init
</UL>

<P><STRONG><a name="[c8]"></a>__rt_entry_postsh_1</STRONG> (Thumb, 0 bytes, Stack size unknown bytes, __rtentry2.o(.ARM.Collect$$rtentry$$00000009))

<P><STRONG><a name="[3d]"></a>__rt_entry_main</STRONG> (Thumb, 0 bytes, Stack size unknown bytes, __rtentry2.o(.ARM.Collect$$rtentry$$0000000D))
<BR><BR>[Stack]<UL><LI>Max Depth = 248 + Unknown Stack Size
<LI>Call Chain = __rt_entry_main &rArr; main &rArr; rn8209_init &rArr; rn_reset &rArr; rn_write &rArr; Uart_SendData &rArr; Uart_GetStatus &rArr; __aeabi_assert &rArr; abort &rArr; __rt_SIGABRT &rArr; __rt_SIGABRT_inner &rArr; __default_signal_display
</UL>
<BR>[Calls]<UL><LI><a href="#[3e]">&gt;&gt;</a>&nbsp;&nbsp;&nbsp;main
<LI><a href="#[3f]">&gt;&gt;</a>&nbsp;&nbsp;&nbsp;exit
</UL>

<P><STRONG><a name="[c9]"></a>__rt_entry_postli_1</STRONG> (Thumb, 0 bytes, Stack size unknown bytes, __rtentry2.o(.ARM.Collect$$rtentry$$0000000C))

<P><STRONG><a name="[53]"></a>__rt_exit</STRONG> (Thumb, 0 bytes, Stack size unknown bytes, rtexit.o(.ARM.Collect$$rtexit$$00000000))
<BR><BR>[Called By]<UL><LI><a href="#[3f]">&gt;&gt;</a>&nbsp;&nbsp;&nbsp;exit
</UL>

<P><STRONG><a name="[40]"></a>__rt_exit_ls</STRONG> (Thumb, 0 bytes, Stack size unknown bytes, rtexit2.o(.ARM.Collect$$rtexit$$00000003))
<BR><BR>[Calls]<UL><LI><a href="#[41]">&gt;&gt;</a>&nbsp;&nbsp;&nbsp;__rt_lib_shutdown
</UL>

<P><STRONG><a name="[ca]"></a>__rt_exit_prels_1</STRONG> (Thumb, 0 bytes, Stack size unknown bytes, rtexit2.o(.ARM.Collect$$rtexit$$00000002))

<P><STRONG><a name="[42]"></a>__rt_exit_exit</STRONG> (Thumb, 0 bytes, Stack size unknown bytes, rtexit2.o(.ARM.Collect$$rtexit$$00000004))
<BR><BR>[Calls]<UL><LI><a href="#[43]">&gt;&gt;</a>&nbsp;&nbsp;&nbsp;_sys_exit
</UL>

<P><STRONG><a name="[5]"></a>Reset_Handler</STRONG> (Thumb, 26 bytes, Stack size 0 bytes, startup_hc32f003.o(.text))
<BR>[Address Reference Count : 1]<UL><LI> startup_hc32f003.o(RESET)
</UL>
<P><STRONG><a name="[6]"></a>NMI_Handler</STRONG> (Thumb, 2 bytes, Stack size 0 bytes, startup_hc32f003.o(.text))
<BR><BR>[Calls]<UL><LI><a href="#[6]">&gt;&gt;</a>&nbsp;&nbsp;&nbsp;NMI_Handler
</UL>
<BR>[Called By]<UL><LI><a href="#[6]">&gt;&gt;</a>&nbsp;&nbsp;&nbsp;NMI_Handler
</UL>
<BR>[Address Reference Count : 1]<UL><LI> startup_hc32f003.o(RESET)
</UL>
<P><STRONG><a name="[8]"></a>SVC_Handler</STRONG> (Thumb, 2 bytes, Stack size 0 bytes, startup_hc32f003.o(.text))
<BR><BR>[Calls]<UL><LI><a href="#[8]">&gt;&gt;</a>&nbsp;&nbsp;&nbsp;SVC_Handler
</UL>
<BR>[Called By]<UL><LI><a href="#[8]">&gt;&gt;</a>&nbsp;&nbsp;&nbsp;SVC_Handler
</UL>
<BR>[Address Reference Count : 1]<UL><LI> startup_hc32f003.o(RESET)
</UL>
<P><STRONG><a name="[9]"></a>PendSV_Handler</STRONG> (Thumb, 2 bytes, Stack size 0 bytes, startup_hc32f003.o(.text))
<BR><BR>[Calls]<UL><LI><a href="#[9]">&gt;&gt;</a>&nbsp;&nbsp;&nbsp;PendSV_Handler
</UL>
<BR>[Called By]<UL><LI><a href="#[9]">&gt;&gt;</a>&nbsp;&nbsp;&nbsp;PendSV_Handler
</UL>
<BR>[Address Reference Count : 1]<UL><LI> startup_hc32f003.o(RESET)
</UL>
<P><STRONG><a name="[a]"></a>SysTick_Handler</STRONG> (Thumb, 2 bytes, Stack size 0 bytes, startup_hc32f003.o(.text))
<BR><BR>[Calls]<UL><LI><a href="#[a]">&gt;&gt;</a>&nbsp;&nbsp;&nbsp;SysTick_Handler
</UL>
<BR>[Called By]<UL><LI><a href="#[a]">&gt;&gt;</a>&nbsp;&nbsp;&nbsp;SysTick_Handler
</UL>
<BR>[Address Reference Count : 1]<UL><LI> startup_hc32f003.o(RESET)
</UL>
<P><STRONG><a name="[f]"></a>IRQ004_Handler</STRONG> (Thumb, 0 bytes, Stack size 0 bytes, startup_hc32f003.o(.text))
<BR><BR>[Calls]<UL><LI><a href="#[f]">&gt;&gt;</a>&nbsp;&nbsp;&nbsp;IRQ004_Handler
</UL>
<BR>[Called By]<UL><LI><a href="#[f]">&gt;&gt;</a>&nbsp;&nbsp;&nbsp;IRQ004_Handler
</UL>
<BR>[Address Reference Count : 1]<UL><LI> startup_hc32f003.o(RESET)
</UL>
<P><STRONG><a name="[10]"></a>IRQ005_Handler</STRONG> (Thumb, 0 bytes, Stack size 0 bytes, startup_hc32f003.o(.text))
<BR>[Address Reference Count : 1]<UL><LI> startup_hc32f003.o(RESET)
</UL>
<P><STRONG><a name="[13]"></a>IRQ008_Handler</STRONG> (Thumb, 0 bytes, Stack size 0 bytes, startup_hc32f003.o(.text))
<BR>[Address Reference Count : 1]<UL><LI> startup_hc32f003.o(RESET)
</UL>
<P><STRONG><a name="[14]"></a>IRQ009_Handler</STRONG> (Thumb, 0 bytes, Stack size 0 bytes, startup_hc32f003.o(.text))
<BR>[Address Reference Count : 1]<UL><LI> startup_hc32f003.o(RESET)
</UL>
<P><STRONG><a name="[16]"></a>IRQ011_Handler</STRONG> (Thumb, 0 bytes, Stack size 0 bytes, startup_hc32f003.o(.text))
<BR>[Address Reference Count : 1]<UL><LI> startup_hc32f003.o(RESET)
</UL>
<P><STRONG><a name="[18]"></a>IRQ013_Handler</STRONG> (Thumb, 0 bytes, Stack size 0 bytes, startup_hc32f003.o(.text))
<BR>[Address Reference Count : 1]<UL><LI> startup_hc32f003.o(RESET)
</UL>
<P><STRONG><a name="[1c]"></a>IRQ017_Handler</STRONG> (Thumb, 0 bytes, Stack size 0 bytes, startup_hc32f003.o(.text))
<BR>[Address Reference Count : 1]<UL><LI> startup_hc32f003.o(RESET)
</UL>
<P><STRONG><a name="[22]"></a>IRQ023_Handler</STRONG> (Thumb, 0 bytes, Stack size 0 bytes, startup_hc32f003.o(.text))
<BR>[Address Reference Count : 1]<UL><LI> startup_hc32f003.o(RESET)
</UL>
<P><STRONG><a name="[24]"></a>IRQ025_Handler</STRONG> (Thumb, 0 bytes, Stack size 0 bytes, startup_hc32f003.o(.text))
<BR>[Address Reference Count : 1]<UL><LI> startup_hc32f003.o(RESET)
</UL>
<P><STRONG><a name="[28]"></a>IRQ029_Handler</STRONG> (Thumb, 0 bytes, Stack size 0 bytes, startup_hc32f003.o(.text))
<BR>[Address Reference Count : 1]<UL><LI> startup_hc32f003.o(RESET)
</UL>
<P><STRONG><a name="[51]"></a>__user_initial_stackheap</STRONG> (Thumb, 0 bytes, Stack size unknown bytes, startup_hc32f003.o(.text))
<BR><BR>[Called By]<UL><LI><a href="#[3a]">&gt;&gt;</a>&nbsp;&nbsp;&nbsp;__user_setup_stackheap
</UL>

<P><STRONG><a name="[cb]"></a>__use_no_semihosting</STRONG> (Thumb, 2 bytes, Stack size 0 bytes, use_no_semi_2.o(.text), UNUSED)

<P><STRONG><a name="[44]"></a>__aeabi_assert</STRONG> (Thumb, 82 bytes, Stack size 16 bytes, assert.o(.text))
<BR><BR>[Stack]<UL><LI>Max Depth = 56 + Unknown Stack Size
<LI>Call Chain = __aeabi_assert &rArr; abort &rArr; __rt_SIGABRT &rArr; __rt_SIGABRT_inner &rArr; __default_signal_display
</UL>
<BR>[Calls]<UL><LI><a href="#[45]">&gt;&gt;</a>&nbsp;&nbsp;&nbsp;__assert_puts
<LI><a href="#[47]">&gt;&gt;</a>&nbsp;&nbsp;&nbsp;abort
<LI><a href="#[46]">&gt;&gt;</a>&nbsp;&nbsp;&nbsp;__aeabi_idivmod
</UL>
<BR>[Called By]<UL><LI><a href="#[55]">&gt;&gt;</a>&nbsp;&nbsp;&nbsp;Bt_GetIntFlag
<LI><a href="#[5a]">&gt;&gt;</a>&nbsp;&nbsp;&nbsp;Bt_EnableIrq
<LI><a href="#[56]">&gt;&gt;</a>&nbsp;&nbsp;&nbsp;Bt_ClearIntFlag
<LI><a href="#[93]">&gt;&gt;</a>&nbsp;&nbsp;&nbsp;Uart_SetMMDOrCk
<LI><a href="#[91]">&gt;&gt;</a>&nbsp;&nbsp;&nbsp;Uart_SetBaudRate
<LI><a href="#[90]">&gt;&gt;</a>&nbsp;&nbsp;&nbsp;Uart_SendData
<LI><a href="#[73]">&gt;&gt;</a>&nbsp;&nbsp;&nbsp;Uart_ReceiveData
<LI><a href="#[8d]">&gt;&gt;</a>&nbsp;&nbsp;&nbsp;Uart_Init
<LI><a href="#[85]">&gt;&gt;</a>&nbsp;&nbsp;&nbsp;Uart_EnableIrq
<LI><a href="#[8b]">&gt;&gt;</a>&nbsp;&nbsp;&nbsp;Uart_EnableFunc
<LI><a href="#[84]">&gt;&gt;</a>&nbsp;&nbsp;&nbsp;Uart_DisableIrq
<LI><a href="#[5e]">&gt;&gt;</a>&nbsp;&nbsp;&nbsp;Bt_Run
<LI><a href="#[5b]">&gt;&gt;</a>&nbsp;&nbsp;&nbsp;Bt_Init
<LI><a href="#[5d]">&gt;&gt;</a>&nbsp;&nbsp;&nbsp;Bt_Cnt16Set
<LI><a href="#[5c]">&gt;&gt;</a>&nbsp;&nbsp;&nbsp;Bt_ARRSet
<LI><a href="#[83]">&gt;&gt;</a>&nbsp;&nbsp;&nbsp;Uart_ClrStatus
<LI><a href="#[64]">&gt;&gt;</a>&nbsp;&nbsp;&nbsp;Clk_Init
<LI><a href="#[8f]">&gt;&gt;</a>&nbsp;&nbsp;&nbsp;Uart_SetMultiMode
<LI><a href="#[8e]">&gt;&gt;</a>&nbsp;&nbsp;&nbsp;Uart_SetMode
<LI><a href="#[8c]">&gt;&gt;</a>&nbsp;&nbsp;&nbsp;Uart_GetStatus
<LI><a href="#[89]">&gt;&gt;</a>&nbsp;&nbsp;&nbsp;UartInitNvic
<LI><a href="#[86]">&gt;&gt;</a>&nbsp;&nbsp;&nbsp;UartDeInitNvic
</UL>

<P><STRONG><a name="[cc]"></a>__assert</STRONG> (Thumb, 0 bytes, Stack size 16 bytes, assert.o(.text), UNUSED)

<P><STRONG><a name="[49]"></a>_memset_w</STRONG> (Thumb, 26 bytes, Stack size 0 bytes, rt_memclr.o(.text), UNUSED)
<BR><BR>[Called By]<UL><LI><a href="#[4b]">&gt;&gt;</a>&nbsp;&nbsp;&nbsp;__rt_memclr_w
<LI><a href="#[48]">&gt;&gt;</a>&nbsp;&nbsp;&nbsp;_memset
</UL>

<P><STRONG><a name="[48]"></a>_memset</STRONG> (Thumb, 30 bytes, Stack size 0 bytes, rt_memclr.o(.text), UNUSED)
<BR><BR>[Calls]<UL><LI><a href="#[49]">&gt;&gt;</a>&nbsp;&nbsp;&nbsp;_memset_w
</UL>
<BR>[Called By]<UL><LI><a href="#[4a]">&gt;&gt;</a>&nbsp;&nbsp;&nbsp;__aeabi_memclr
</UL>

<P><STRONG><a name="[4a]"></a>__aeabi_memclr</STRONG> (Thumb, 4 bytes, Stack size 0 bytes, rt_memclr.o(.text), UNUSED)
<BR><BR>[Calls]<UL><LI><a href="#[48]">&gt;&gt;</a>&nbsp;&nbsp;&nbsp;_memset
</UL>

<P><STRONG><a name="[cd]"></a>__rt_memclr</STRONG> (Thumb, 0 bytes, Stack size 0 bytes, rt_memclr.o(.text), UNUSED)

<P><STRONG><a name="[a1]"></a>__aeabi_memclr4</STRONG> (Thumb, 0 bytes, Stack size 0 bytes, rt_memclr.o(.text))
<BR><BR>[Called By]<UL><LI><a href="#[98]">&gt;&gt;</a>&nbsp;&nbsp;&nbsp;reset_host_rx_buf
</UL>

<P><STRONG><a name="[ce]"></a>__aeabi_memclr8</STRONG> (Thumb, 0 bytes, Stack size 0 bytes, rt_memclr.o(.text), UNUSED)

<P><STRONG><a name="[4b]"></a>__rt_memclr_w</STRONG> (Thumb, 4 bytes, Stack size 0 bytes, rt_memclr.o(.text), UNUSED)
<BR><BR>[Calls]<UL><LI><a href="#[49]">&gt;&gt;</a>&nbsp;&nbsp;&nbsp;_memset_w
</UL>

<P><STRONG><a name="[cf]"></a>__aeabi_uidiv</STRONG> (Thumb, 0 bytes, Stack size 0 bytes, aeabi_sdiv.o(.text), UNUSED)

<P><STRONG><a name="[92]"></a>__aeabi_uidivmod</STRONG> (Thumb, 20 bytes, Stack size 0 bytes, aeabi_sdiv.o(.text))
<BR><BR>[Called By]<UL><LI><a href="#[94]">&gt;&gt;</a>&nbsp;&nbsp;&nbsp;delay1ms
<LI><a href="#[91]">&gt;&gt;</a>&nbsp;&nbsp;&nbsp;Uart_SetBaudRate
</UL>

<P><STRONG><a name="[d0]"></a>__aeabi_idiv</STRONG> (Thumb, 0 bytes, Stack size 8 bytes, aeabi_sdiv.o(.text), UNUSED)

<P><STRONG><a name="[46]"></a>__aeabi_idivmod</STRONG> (Thumb, 326 bytes, Stack size 8 bytes, aeabi_sdiv.o(.text))
<BR><BR>[Stack]<UL><LI>Max Depth = 8<LI>Call Chain = __aeabi_idivmod
</UL>
<BR>[Called By]<UL><LI><a href="#[44]">&gt;&gt;</a>&nbsp;&nbsp;&nbsp;__aeabi_assert
</UL>

<P><STRONG><a name="[d1]"></a>__use_two_region_memory</STRONG> (Thumb, 2 bytes, Stack size 0 bytes, heapauxi.o(.text), UNUSED)

<P><STRONG><a name="[d2]"></a>__rt_heap_escrow$2region</STRONG> (Thumb, 2 bytes, Stack size 0 bytes, heapauxi.o(.text), UNUSED)

<P><STRONG><a name="[d3]"></a>__rt_heap_expand$2region</STRONG> (Thumb, 2 bytes, Stack size 0 bytes, heapauxi.o(.text), UNUSED)

<P><STRONG><a name="[d4]"></a>__I$use$semihosting</STRONG> (Thumb, 0 bytes, Stack size 0 bytes, use_no_semi.o(.text), UNUSED)

<P><STRONG><a name="[d5]"></a>__use_no_semihosting_swi</STRONG> (Thumb, 2 bytes, Stack size 0 bytes, use_no_semi.o(.text), UNUSED)

<P><STRONG><a name="[47]"></a>abort</STRONG> (Thumb, 20 bytes, Stack size 8 bytes, abort.o(.text))
<BR><BR>[Stack]<UL><LI>Max Depth = 40 + Unknown Stack Size
<LI>Call Chain = abort &rArr; __rt_SIGABRT &rArr; __rt_SIGABRT_inner &rArr; __default_signal_display
</UL>
<BR>[Calls]<UL><LI><a href="#[41]">&gt;&gt;</a>&nbsp;&nbsp;&nbsp;__rt_lib_shutdown
<LI><a href="#[4c]">&gt;&gt;</a>&nbsp;&nbsp;&nbsp;__rt_SIGABRT
<LI><a href="#[43]">&gt;&gt;</a>&nbsp;&nbsp;&nbsp;_sys_exit
</UL>
<BR>[Called By]<UL><LI><a href="#[44]">&gt;&gt;</a>&nbsp;&nbsp;&nbsp;__aeabi_assert
</UL>

<P><STRONG><a name="[45]"></a>__assert_puts</STRONG> (Thumb, 20 bytes, Stack size 8 bytes, assert_puts.o(.text))
<BR><BR>[Stack]<UL><LI>Max Depth = 8<LI>Call Chain = __assert_puts
</UL>
<BR>[Calls]<UL><LI><a href="#[4d]">&gt;&gt;</a>&nbsp;&nbsp;&nbsp;_ttywrch
</UL>
<BR>[Called By]<UL><LI><a href="#[44]">&gt;&gt;</a>&nbsp;&nbsp;&nbsp;__aeabi_assert
</UL>

<P><STRONG><a name="[4c]"></a>__rt_SIGABRT</STRONG> (Thumb, 12 bytes, Stack size 8 bytes, defsig_abrt_outer.o(.text))
<BR><BR>[Stack]<UL><LI>Max Depth = 32<LI>Call Chain = __rt_SIGABRT &rArr; __rt_SIGABRT_inner &rArr; __default_signal_display
</UL>
<BR>[Calls]<UL><LI><a href="#[4e]">&gt;&gt;</a>&nbsp;&nbsp;&nbsp;__rt_SIGABRT_inner
<LI><a href="#[4f]">&gt;&gt;</a>&nbsp;&nbsp;&nbsp;__sig_exit
</UL>
<BR>[Called By]<UL><LI><a href="#[47]">&gt;&gt;</a>&nbsp;&nbsp;&nbsp;abort
</UL>

<P><STRONG><a name="[3a]"></a>__user_setup_stackheap</STRONG> (Thumb, 62 bytes, Stack size 8 bytes, sys_stackheap_outer.o(.text))
<BR><BR>[Stack]<UL><LI>Max Depth = 8 + Unknown Stack Size
<LI>Call Chain = __user_setup_stackheap
</UL>
<BR>[Calls]<UL><LI><a href="#[51]">&gt;&gt;</a>&nbsp;&nbsp;&nbsp;__user_initial_stackheap
<LI><a href="#[50]">&gt;&gt;</a>&nbsp;&nbsp;&nbsp;__user_perproc_libspace
</UL>
<BR>[Called By]<UL><LI><a href="#[39]">&gt;&gt;</a>&nbsp;&nbsp;&nbsp;__rt_entry_sh
</UL>

<P><STRONG><a name="[3f]"></a>exit</STRONG> (Thumb, 16 bytes, Stack size 8 bytes, exit.o(.text))
<BR><BR>[Stack]<UL><LI>Max Depth = 8 + Unknown Stack Size
<LI>Call Chain = exit
</UL>
<BR>[Calls]<UL><LI><a href="#[53]">&gt;&gt;</a>&nbsp;&nbsp;&nbsp;__rt_exit
<LI><a href="#[52]">&gt;&gt;</a>&nbsp;&nbsp;&nbsp;_call_atexit_fns (Weak Reference)
</UL>
<BR>[Called By]<UL><LI><a href="#[3d]">&gt;&gt;</a>&nbsp;&nbsp;&nbsp;__rt_entry_main
</UL>

<P><STRONG><a name="[4f]"></a>__sig_exit</STRONG> (Thumb, 12 bytes, Stack size 8 bytes, defsig_exit.o(.text))
<BR><BR>[Stack]<UL><LI>Max Depth = 8<LI>Call Chain = __sig_exit
</UL>
<BR>[Calls]<UL><LI><a href="#[43]">&gt;&gt;</a>&nbsp;&nbsp;&nbsp;_sys_exit
</UL>
<BR>[Called By]<UL><LI><a href="#[4c]">&gt;&gt;</a>&nbsp;&nbsp;&nbsp;__rt_SIGABRT
</UL>

<P><STRONG><a name="[4e]"></a>__rt_SIGABRT_inner</STRONG> (Thumb, 14 bytes, Stack size 8 bytes, defsig_abrt_inner.o(.text))
<BR><BR>[Stack]<UL><LI>Max Depth = 24<LI>Call Chain = __rt_SIGABRT_inner &rArr; __default_signal_display
</UL>
<BR>[Calls]<UL><LI><a href="#[54]">&gt;&gt;</a>&nbsp;&nbsp;&nbsp;__default_signal_display
</UL>
<BR>[Called By]<UL><LI><a href="#[4c]">&gt;&gt;</a>&nbsp;&nbsp;&nbsp;__rt_SIGABRT
</UL>

<P><STRONG><a name="[d6]"></a>__user_libspace</STRONG> (Thumb, 8 bytes, Stack size 0 bytes, libspace.o(.text), UNUSED)

<P><STRONG><a name="[50]"></a>__user_perproc_libspace</STRONG> (Thumb, 0 bytes, Stack size 0 bytes, libspace.o(.text))
<BR><BR>[Called By]<UL><LI><a href="#[3a]">&gt;&gt;</a>&nbsp;&nbsp;&nbsp;__user_setup_stackheap
</UL>

<P><STRONG><a name="[d7]"></a>__user_perthread_libspace</STRONG> (Thumb, 0 bytes, Stack size 0 bytes, libspace.o(.text), UNUSED)

<P><STRONG><a name="[54]"></a>__default_signal_display</STRONG> (Thumb, 52 bytes, Stack size 16 bytes, defsig_general.o(.text))
<BR><BR>[Stack]<UL><LI>Max Depth = 16<LI>Call Chain = __default_signal_display
</UL>
<BR>[Calls]<UL><LI><a href="#[4d]">&gt;&gt;</a>&nbsp;&nbsp;&nbsp;_ttywrch
</UL>
<BR>[Called By]<UL><LI><a href="#[4e]">&gt;&gt;</a>&nbsp;&nbsp;&nbsp;__rt_SIGABRT_inner
</UL>

<P><STRONG><a name="[2d]"></a>Bt2Int</STRONG> (Thumb, 118 bytes, Stack size 8 bytes, btimer.o(i.Bt2Int))
<BR><BR>[Stack]<UL><LI>Max Depth = 72 + Unknown Stack Size
<LI>Call Chain = Bt2Int &rArr; Bt_GetIntFlag &rArr; __aeabi_assert &rArr; abort &rArr; __rt_SIGABRT &rArr; __rt_SIGABRT_inner &rArr; __default_signal_display
</UL>
<BR>[Calls]<UL><LI><a href="#[55]">&gt;&gt;</a>&nbsp;&nbsp;&nbsp;Bt_GetIntFlag
<LI><a href="#[56]">&gt;&gt;</a>&nbsp;&nbsp;&nbsp;Bt_ClearIntFlag
</UL>
<BR>[Address Reference Count : 1]<UL><LI> btimer.o(i.BtTimerTest1ms)
</UL>
<P><STRONG><a name="[57]"></a>BtTimerTest1ms</STRONG> (Thumb, 90 bytes, Stack size 32 bytes, btimer.o(i.BtTimerTest1ms))
<BR><BR>[Stack]<UL><LI>Max Depth = 112 + Unknown Stack Size
<LI>Call Chain = BtTimerTest1ms &rArr; Bt_Init &rArr; __aeabi_assert &rArr; abort &rArr; __rt_SIGABRT &rArr; __rt_SIGABRT_inner &rArr; __default_signal_display
</UL>
<BR>[Calls]<UL><LI><a href="#[59]">&gt;&gt;</a>&nbsp;&nbsp;&nbsp;EnableNvic
<LI><a href="#[5a]">&gt;&gt;</a>&nbsp;&nbsp;&nbsp;Bt_EnableIrq
<LI><a href="#[58]">&gt;&gt;</a>&nbsp;&nbsp;&nbsp;Clk_SetPeripheralGate
<LI><a href="#[5e]">&gt;&gt;</a>&nbsp;&nbsp;&nbsp;Bt_Run
<LI><a href="#[5b]">&gt;&gt;</a>&nbsp;&nbsp;&nbsp;Bt_Init
<LI><a href="#[5d]">&gt;&gt;</a>&nbsp;&nbsp;&nbsp;Bt_Cnt16Set
<LI><a href="#[5c]">&gt;&gt;</a>&nbsp;&nbsp;&nbsp;Bt_ARRSet
</UL>
<BR>[Called By]<UL><LI><a href="#[3e]">&gt;&gt;</a>&nbsp;&nbsp;&nbsp;main
</UL>

<P><STRONG><a name="[5c]"></a>Bt_ARRSet</STRONG> (Thumb, 88 bytes, Stack size 8 bytes, bt.o(i.Bt_ARRSet))
<BR><BR>[Stack]<UL><LI>Max Depth = 64 + Unknown Stack Size
<LI>Call Chain = Bt_ARRSet &rArr; __aeabi_assert &rArr; abort &rArr; __rt_SIGABRT &rArr; __rt_SIGABRT_inner &rArr; __default_signal_display
</UL>
<BR>[Calls]<UL><LI><a href="#[44]">&gt;&gt;</a>&nbsp;&nbsp;&nbsp;__aeabi_assert
</UL>
<BR>[Called By]<UL><LI><a href="#[9d]">&gt;&gt;</a>&nbsp;&nbsp;&nbsp;uart_host_init
<LI><a href="#[9c]">&gt;&gt;</a>&nbsp;&nbsp;&nbsp;rn8209_init
<LI><a href="#[57]">&gt;&gt;</a>&nbsp;&nbsp;&nbsp;BtTimerTest1ms
</UL>

<P><STRONG><a name="[56]"></a>Bt_ClearIntFlag</STRONG> (Thumb, 80 bytes, Stack size 8 bytes, bt.o(i.Bt_ClearIntFlag))
<BR><BR>[Stack]<UL><LI>Max Depth = 64 + Unknown Stack Size
<LI>Call Chain = Bt_ClearIntFlag &rArr; __aeabi_assert &rArr; abort &rArr; __rt_SIGABRT &rArr; __rt_SIGABRT_inner &rArr; __default_signal_display
</UL>
<BR>[Calls]<UL><LI><a href="#[44]">&gt;&gt;</a>&nbsp;&nbsp;&nbsp;__aeabi_assert
</UL>
<BR>[Called By]<UL><LI><a href="#[2d]">&gt;&gt;</a>&nbsp;&nbsp;&nbsp;Bt2Int
</UL>

<P><STRONG><a name="[5d]"></a>Bt_Cnt16Set</STRONG> (Thumb, 88 bytes, Stack size 8 bytes, bt.o(i.Bt_Cnt16Set))
<BR><BR>[Stack]<UL><LI>Max Depth = 64 + Unknown Stack Size
<LI>Call Chain = Bt_Cnt16Set &rArr; __aeabi_assert &rArr; abort &rArr; __rt_SIGABRT &rArr; __rt_SIGABRT_inner &rArr; __default_signal_display
</UL>
<BR>[Calls]<UL><LI><a href="#[44]">&gt;&gt;</a>&nbsp;&nbsp;&nbsp;__aeabi_assert
</UL>
<BR>[Called By]<UL><LI><a href="#[9d]">&gt;&gt;</a>&nbsp;&nbsp;&nbsp;uart_host_init
<LI><a href="#[9c]">&gt;&gt;</a>&nbsp;&nbsp;&nbsp;rn8209_init
<LI><a href="#[57]">&gt;&gt;</a>&nbsp;&nbsp;&nbsp;BtTimerTest1ms
</UL>

<P><STRONG><a name="[5a]"></a>Bt_EnableIrq</STRONG> (Thumb, 76 bytes, Stack size 8 bytes, bt.o(i.Bt_EnableIrq))
<BR><BR>[Stack]<UL><LI>Max Depth = 64 + Unknown Stack Size
<LI>Call Chain = Bt_EnableIrq &rArr; __aeabi_assert &rArr; abort &rArr; __rt_SIGABRT &rArr; __rt_SIGABRT_inner &rArr; __default_signal_display
</UL>
<BR>[Calls]<UL><LI><a href="#[44]">&gt;&gt;</a>&nbsp;&nbsp;&nbsp;__aeabi_assert
</UL>
<BR>[Called By]<UL><LI><a href="#[57]">&gt;&gt;</a>&nbsp;&nbsp;&nbsp;BtTimerTest1ms
</UL>

<P><STRONG><a name="[55]"></a>Bt_GetIntFlag</STRONG> (Thumb, 70 bytes, Stack size 8 bytes, bt.o(i.Bt_GetIntFlag))
<BR><BR>[Stack]<UL><LI>Max Depth = 64 + Unknown Stack Size
<LI>Call Chain = Bt_GetIntFlag &rArr; __aeabi_assert &rArr; abort &rArr; __rt_SIGABRT &rArr; __rt_SIGABRT_inner &rArr; __default_signal_display
</UL>
<BR>[Calls]<UL><LI><a href="#[44]">&gt;&gt;</a>&nbsp;&nbsp;&nbsp;__aeabi_assert
</UL>
<BR>[Called By]<UL><LI><a href="#[2d]">&gt;&gt;</a>&nbsp;&nbsp;&nbsp;Bt2Int
</UL>

<P><STRONG><a name="[5b]"></a>Bt_Init</STRONG> (Thumb, 348 bytes, Stack size 24 bytes, bt.o(i.Bt_Init))
<BR><BR>[Stack]<UL><LI>Max Depth = 80 + Unknown Stack Size
<LI>Call Chain = Bt_Init &rArr; __aeabi_assert &rArr; abort &rArr; __rt_SIGABRT &rArr; __rt_SIGABRT_inner &rArr; __default_signal_display
</UL>
<BR>[Calls]<UL><LI><a href="#[44]">&gt;&gt;</a>&nbsp;&nbsp;&nbsp;__aeabi_assert
</UL>
<BR>[Called By]<UL><LI><a href="#[9d]">&gt;&gt;</a>&nbsp;&nbsp;&nbsp;uart_host_init
<LI><a href="#[9c]">&gt;&gt;</a>&nbsp;&nbsp;&nbsp;rn8209_init
<LI><a href="#[57]">&gt;&gt;</a>&nbsp;&nbsp;&nbsp;BtTimerTest1ms
</UL>

<P><STRONG><a name="[5e]"></a>Bt_Run</STRONG> (Thumb, 78 bytes, Stack size 8 bytes, bt.o(i.Bt_Run))
<BR><BR>[Stack]<UL><LI>Max Depth = 64 + Unknown Stack Size
<LI>Call Chain = Bt_Run &rArr; __aeabi_assert &rArr; abort &rArr; __rt_SIGABRT &rArr; __rt_SIGABRT_inner &rArr; __default_signal_display
</UL>
<BR>[Calls]<UL><LI><a href="#[44]">&gt;&gt;</a>&nbsp;&nbsp;&nbsp;__aeabi_assert
</UL>
<BR>[Called By]<UL><LI><a href="#[9d]">&gt;&gt;</a>&nbsp;&nbsp;&nbsp;uart_host_init
<LI><a href="#[9c]">&gt;&gt;</a>&nbsp;&nbsp;&nbsp;rn8209_init
<LI><a href="#[57]">&gt;&gt;</a>&nbsp;&nbsp;&nbsp;BtTimerTest1ms
</UL>

<P><STRONG><a name="[99]"></a>ChkHostSum</STRONG> (Thumb, 22 bytes, Stack size 0 bytes, main.o(i.ChkHostSum))
<BR><BR>[Called By]<UL><LI><a href="#[9b]">&gt;&gt;</a>&nbsp;&nbsp;&nbsp;host_send_data
<LI><a href="#[95]">&gt;&gt;</a>&nbsp;&nbsp;&nbsp;host_receive_task
</UL>

<P><STRONG><a name="[a7]"></a>ChkRnSum</STRONG> (Thumb, 20 bytes, Stack size 0 bytes, main.o(i.ChkRnSum))
<BR><BR>[Called By]<UL><LI><a href="#[9f]">&gt;&gt;</a>&nbsp;&nbsp;&nbsp;rn_uart_task
</UL>

<P><STRONG><a name="[5f]"></a>Clk_Enable</STRONG> (Thumb, 182 bytes, Stack size 24 bytes, clk.o(i.Clk_Enable))
<BR><BR>[Stack]<UL><LI>Max Depth = 24<LI>Call Chain = Clk_Enable
</UL>
<BR>[Calls]<UL><LI><a href="#[61]">&gt;&gt;</a>&nbsp;&nbsp;&nbsp;ClkWriteDummy
<LI><a href="#[60]">&gt;&gt;</a>&nbsp;&nbsp;&nbsp;ClkUnlock
</UL>
<BR>[Called By]<UL><LI><a href="#[65]">&gt;&gt;</a>&nbsp;&nbsp;&nbsp;Clk_SwitchTo
<LI><a href="#[2b]">&gt;&gt;</a>&nbsp;&nbsp;&nbsp;SystemInit
</UL>

<P><STRONG><a name="[6f]"></a>Clk_GetClkRdy</STRONG> (Thumb, 54 bytes, Stack size 0 bytes, clk.o(i.Clk_GetClkRdy))
<BR><BR>[Called By]<UL><LI><a href="#[65]">&gt;&gt;</a>&nbsp;&nbsp;&nbsp;Clk_SwitchTo
</UL>

<P><STRONG><a name="[63]"></a>Clk_GetHClkFreq</STRONG> (Thumb, 94 bytes, Stack size 12 bytes, clk.o(i.Clk_GetHClkFreq))
<BR><BR>[Stack]<UL><LI>Max Depth = 12<LI>Call Chain = Clk_GetHClkFreq
</UL>
<BR>[Called By]<UL><LI><a href="#[62]">&gt;&gt;</a>&nbsp;&nbsp;&nbsp;Clk_GetPClkFreq
<LI><a href="#[70]">&gt;&gt;</a>&nbsp;&nbsp;&nbsp;SystemCoreClockUpdate
</UL>

<P><STRONG><a name="[62]"></a>Clk_GetPClkFreq</STRONG> (Thumb, 18 bytes, Stack size 4 bytes, clk.o(i.Clk_GetPClkFreq))
<BR><BR>[Stack]<UL><LI>Max Depth = 16<LI>Call Chain = Clk_GetPClkFreq &rArr; Clk_GetHClkFreq
</UL>
<BR>[Calls]<UL><LI><a href="#[63]">&gt;&gt;</a>&nbsp;&nbsp;&nbsp;Clk_GetHClkFreq
</UL>
<BR>[Called By]<UL><LI><a href="#[9d]">&gt;&gt;</a>&nbsp;&nbsp;&nbsp;uart_host_init
<LI><a href="#[9c]">&gt;&gt;</a>&nbsp;&nbsp;&nbsp;rn8209_init
</UL>

<P><STRONG><a name="[64]"></a>Clk_Init</STRONG> (Thumb, 78 bytes, Stack size 8 bytes, clk.o(i.Clk_Init))
<BR><BR>[Stack]<UL><LI>Max Depth = 64 + Unknown Stack Size
<LI>Call Chain = Clk_Init &rArr; __aeabi_assert &rArr; abort &rArr; __rt_SIGABRT &rArr; __rt_SIGABRT_inner &rArr; __default_signal_display
</UL>
<BR>[Calls]<UL><LI><a href="#[65]">&gt;&gt;</a>&nbsp;&nbsp;&nbsp;Clk_SwitchTo
<LI><a href="#[67]">&gt;&gt;</a>&nbsp;&nbsp;&nbsp;Clk_SetPClkDiv
<LI><a href="#[66]">&gt;&gt;</a>&nbsp;&nbsp;&nbsp;Clk_SetHClkDiv
<LI><a href="#[44]">&gt;&gt;</a>&nbsp;&nbsp;&nbsp;__aeabi_assert
</UL>
<BR>[Called By]<UL><LI><a href="#[3e]">&gt;&gt;</a>&nbsp;&nbsp;&nbsp;main
</UL>

<P><STRONG><a name="[66]"></a>Clk_SetHClkDiv</STRONG> (Thumb, 76 bytes, Stack size 8 bytes, clk.o(i.Clk_SetHClkDiv))
<BR><BR>[Stack]<UL><LI>Max Depth = 8<LI>Call Chain = Clk_SetHClkDiv
</UL>
<BR>[Calls]<UL><LI><a href="#[68]">&gt;&gt;</a>&nbsp;&nbsp;&nbsp;Log2
<LI><a href="#[60]">&gt;&gt;</a>&nbsp;&nbsp;&nbsp;ClkUnlock
</UL>
<BR>[Called By]<UL><LI><a href="#[64]">&gt;&gt;</a>&nbsp;&nbsp;&nbsp;Clk_Init
</UL>

<P><STRONG><a name="[67]"></a>Clk_SetPClkDiv</STRONG> (Thumb, 56 bytes, Stack size 8 bytes, clk.o(i.Clk_SetPClkDiv))
<BR><BR>[Stack]<UL><LI>Max Depth = 8<LI>Call Chain = Clk_SetPClkDiv
</UL>
<BR>[Calls]<UL><LI><a href="#[68]">&gt;&gt;</a>&nbsp;&nbsp;&nbsp;Log2
<LI><a href="#[60]">&gt;&gt;</a>&nbsp;&nbsp;&nbsp;ClkUnlock
</UL>
<BR>[Called By]<UL><LI><a href="#[64]">&gt;&gt;</a>&nbsp;&nbsp;&nbsp;Clk_Init
</UL>

<P><STRONG><a name="[58]"></a>Clk_SetPeripheralGate</STRONG> (Thumb, 42 bytes, Stack size 8 bytes, clk.o(i.Clk_SetPeripheralGate))
<BR><BR>[Stack]<UL><LI>Max Depth = 8<LI>Call Chain = Clk_SetPeripheralGate
</UL>
<BR>[Called By]<UL><LI><a href="#[9d]">&gt;&gt;</a>&nbsp;&nbsp;&nbsp;uart_host_init
<LI><a href="#[9c]">&gt;&gt;</a>&nbsp;&nbsp;&nbsp;rn8209_init
<LI><a href="#[57]">&gt;&gt;</a>&nbsp;&nbsp;&nbsp;BtTimerTest1ms
</UL>

<P><STRONG><a name="[69]"></a>Clk_SetRCHFreq</STRONG> (Thumb, 126 bytes, Stack size 8 bytes, clk.o(i.Clk_SetRCHFreq))
<BR><BR>[Stack]<UL><LI>Max Depth = 16<LI>Call Chain = Clk_SetRCHFreq &rArr; __ARM_common_switch8
</UL>
<BR>[Calls]<UL><LI><a href="#[6a]">&gt;&gt;</a>&nbsp;&nbsp;&nbsp;__ARM_common_switch8
</UL>
<BR>[Called By]<UL><LI><a href="#[3e]">&gt;&gt;</a>&nbsp;&nbsp;&nbsp;main
<LI><a href="#[2b]">&gt;&gt;</a>&nbsp;&nbsp;&nbsp;SystemInit
</UL>

<P><STRONG><a name="[6d]"></a>Clk_SetRCL_StableTime</STRONG> (Thumb, 74 bytes, Stack size 0 bytes, clk.o(i.Clk_SetRCL_StableTime))
<BR><BR>[Called By]<UL><LI><a href="#[65]">&gt;&gt;</a>&nbsp;&nbsp;&nbsp;Clk_SwitchTo
</UL>

<P><STRONG><a name="[6b]"></a>Clk_SetSource</STRONG> (Thumb, 54 bytes, Stack size 16 bytes, clk.o(i.Clk_SetSource))
<BR><BR>[Stack]<UL><LI>Max Depth = 16<LI>Call Chain = Clk_SetSource
</UL>
<BR>[Calls]<UL><LI><a href="#[61]">&gt;&gt;</a>&nbsp;&nbsp;&nbsp;ClkWriteDummy
<LI><a href="#[60]">&gt;&gt;</a>&nbsp;&nbsp;&nbsp;ClkUnlock
</UL>
<BR>[Called By]<UL><LI><a href="#[65]">&gt;&gt;</a>&nbsp;&nbsp;&nbsp;Clk_SwitchTo
</UL>

<P><STRONG><a name="[6c]"></a>Clk_SetXTH_StableTime</STRONG> (Thumb, 64 bytes, Stack size 0 bytes, clk.o(i.Clk_SetXTH_StableTime))
<BR><BR>[Called By]<UL><LI><a href="#[65]">&gt;&gt;</a>&nbsp;&nbsp;&nbsp;Clk_SwitchTo
</UL>

<P><STRONG><a name="[6e]"></a>Clk_SetXTL_StableTime</STRONG> (Thumb, 64 bytes, Stack size 0 bytes, clk.o(i.Clk_SetXTL_StableTime))
<BR><BR>[Called By]<UL><LI><a href="#[65]">&gt;&gt;</a>&nbsp;&nbsp;&nbsp;Clk_SwitchTo
</UL>

<P><STRONG><a name="[65]"></a>Clk_SwitchTo</STRONG> (Thumb, 112 bytes, Stack size 16 bytes, clk.o(i.Clk_SwitchTo))
<BR><BR>[Stack]<UL><LI>Max Depth = 40<LI>Call Chain = Clk_SwitchTo &rArr; Clk_Enable
</UL>
<BR>[Calls]<UL><LI><a href="#[6e]">&gt;&gt;</a>&nbsp;&nbsp;&nbsp;Clk_SetXTL_StableTime
<LI><a href="#[6c]">&gt;&gt;</a>&nbsp;&nbsp;&nbsp;Clk_SetXTH_StableTime
<LI><a href="#[6b]">&gt;&gt;</a>&nbsp;&nbsp;&nbsp;Clk_SetSource
<LI><a href="#[6d]">&gt;&gt;</a>&nbsp;&nbsp;&nbsp;Clk_SetRCL_StableTime
<LI><a href="#[6f]">&gt;&gt;</a>&nbsp;&nbsp;&nbsp;Clk_GetClkRdy
<LI><a href="#[5f]">&gt;&gt;</a>&nbsp;&nbsp;&nbsp;Clk_Enable
<LI><a href="#[70]">&gt;&gt;</a>&nbsp;&nbsp;&nbsp;SystemCoreClockUpdate
</UL>
<BR>[Called By]<UL><LI><a href="#[64]">&gt;&gt;</a>&nbsp;&nbsp;&nbsp;Clk_Init
</UL>

<P><STRONG><a name="[82]"></a>Clk_SysTickConfig</STRONG> (Thumb, 138 bytes, Stack size 0 bytes, clk.o(i.Clk_SysTickConfig))
<BR><BR>[Called By]<UL><LI><a href="#[2b]">&gt;&gt;</a>&nbsp;&nbsp;&nbsp;SystemInit
</UL>

<P><STRONG><a name="[a3]"></a>Count_setbit</STRONG> (Thumb, 24 bytes, Stack size 0 bytes, alg.o(i.Count_setbit))
<BR><BR>[Called By]<UL><LI><a href="#[a4]">&gt;&gt;</a>&nbsp;&nbsp;&nbsp;rn_write
<LI><a href="#[9e]">&gt;&gt;</a>&nbsp;&nbsp;&nbsp;rn_read
</UL>

<P><STRONG><a name="[59]"></a>EnableNvic</STRONG> (Thumb, 112 bytes, Stack size 16 bytes, interrupts_hc32f003.o(i.EnableNvic))
<BR><BR>[Stack]<UL><LI>Max Depth = 16<LI>Call Chain = EnableNvic
</UL>
<BR>[Called By]<UL><LI><a href="#[57]">&gt;&gt;</a>&nbsp;&nbsp;&nbsp;BtTimerTest1ms
</UL>

<P><STRONG><a name="[30]"></a>ErrIntCallback</STRONG> (Thumb, 10 bytes, Stack size 0 bytes, rn8209.o(i.ErrIntCallback))
<BR>[Address Reference Count : 1]<UL><LI> rn8209.o(i.rn8209_init)
</UL>
<P><STRONG><a name="[71]"></a>Gpio_InitIOExt</STRONG> (Thumb, 152 bytes, Stack size 20 bytes, gpio.o(i.Gpio_InitIOExt))
<BR><BR>[Stack]<UL><LI>Max Depth = 28<LI>Call Chain = Gpio_InitIOExt &rArr; Gpio_SetAnalog
</UL>
<BR>[Calls]<UL><LI><a href="#[72]">&gt;&gt;</a>&nbsp;&nbsp;&nbsp;Gpio_SetAnalog
</UL>
<BR>[Called By]<UL><LI><a href="#[9d]">&gt;&gt;</a>&nbsp;&nbsp;&nbsp;uart_host_init
<LI><a href="#[9c]">&gt;&gt;</a>&nbsp;&nbsp;&nbsp;rn8209_init
</UL>

<P><STRONG><a name="[72]"></a>Gpio_SetAnalog</STRONG> (Thumb, 34 bytes, Stack size 8 bytes, gpio.o(i.Gpio_SetAnalog))
<BR><BR>[Stack]<UL><LI>Max Depth = 8<LI>Call Chain = Gpio_SetAnalog
</UL>
<BR>[Called By]<UL><LI><a href="#[71]">&gt;&gt;</a>&nbsp;&nbsp;&nbsp;Gpio_InitIOExt
</UL>

<P><STRONG><a name="[7]"></a>HardFault_Handler</STRONG> (Thumb, 14 bytes, Stack size 8 bytes, interrupts_hc32f003.o(i.HardFault_Handler))
<BR><BR>[Stack]<UL><LI>Max Depth = 8<LI>Call Chain = HardFault_Handler
</UL>
<BR>[Address Reference Count : 1]<UL><LI> startup_hc32f003.o(RESET)
</UL>
<P><STRONG><a name="[33]"></a>HostErrIntCallback</STRONG> (Thumb, 10 bytes, Stack size 0 bytes, uart_host.o(i.HostErrIntCallback))
<BR>[Address Reference Count : 1]<UL><LI> uart_host.o(i.uart_host_init)
</UL>
<P><STRONG><a name="[96]"></a>HostRS232GetChar</STRONG> (Thumb, 44 bytes, Stack size 0 bytes, uart_host.o(i.HostRS232GetChar))
<BR><BR>[Called By]<UL><LI><a href="#[95]">&gt;&gt;</a>&nbsp;&nbsp;&nbsp;host_receive_task
</UL>

<P><STRONG><a name="[97]"></a>HostRS232RXBufferCount</STRONG> (Thumb, 6 bytes, Stack size 0 bytes, uart_host.o(i.HostRS232RXBufferCount))
<BR><BR>[Called By]<UL><LI><a href="#[95]">&gt;&gt;</a>&nbsp;&nbsp;&nbsp;host_receive_task
</UL>

<P><STRONG><a name="[31]"></a>HostRxIntCallback</STRONG> (Thumb, 42 bytes, Stack size 8 bytes, uart_host.o(i.HostRxIntCallback))
<BR><BR>[Stack]<UL><LI>Max Depth = 72 + Unknown Stack Size
<LI>Call Chain = HostRxIntCallback &rArr; Uart_ReceiveData &rArr; __aeabi_assert &rArr; abort &rArr; __rt_SIGABRT &rArr; __rt_SIGABRT_inner &rArr; __default_signal_display
</UL>
<BR>[Calls]<UL><LI><a href="#[73]">&gt;&gt;</a>&nbsp;&nbsp;&nbsp;Uart_ReceiveData
</UL>
<BR>[Address Reference Count : 1]<UL><LI> uart_host.o(i.uart_host_init)
</UL>
<P><STRONG><a name="[32]"></a>HostTxIntCallback</STRONG> (Thumb, 2 bytes, Stack size 0 bytes, uart_host.o(i.HostTxIntCallback))
<BR>[Address Reference Count : 1]<UL><LI> uart_host.o(i.uart_host_init)
</UL>
<P><STRONG><a name="[b]"></a>IRQ000_Handler</STRONG> (Thumb, 10 bytes, Stack size 8 bytes, interrupts_hc32f003.o(i.IRQ000_Handler))
<BR><BR>[Stack]<UL><LI>Max Depth = 8<LI>Call Chain = IRQ000_Handler
</UL>
<BR>[Calls]<UL><LI><a href="#[74]">&gt;&gt;</a>&nbsp;&nbsp;&nbsp;Gpio_IRQHandler (Weak Reference)
</UL>
<BR>[Address Reference Count : 1]<UL><LI> startup_hc32f003.o(RESET)
</UL>
<P><STRONG><a name="[c]"></a>IRQ001_Handler</STRONG> (Thumb, 10 bytes, Stack size 8 bytes, interrupts_hc32f003.o(i.IRQ001_Handler))
<BR><BR>[Stack]<UL><LI>Max Depth = 8<LI>Call Chain = IRQ001_Handler
</UL>
<BR>[Calls]<UL><LI><a href="#[74]">&gt;&gt;</a>&nbsp;&nbsp;&nbsp;Gpio_IRQHandler (Weak Reference)
</UL>
<BR>[Address Reference Count : 1]<UL><LI> startup_hc32f003.o(RESET)
</UL>
<P><STRONG><a name="[d]"></a>IRQ002_Handler</STRONG> (Thumb, 10 bytes, Stack size 8 bytes, interrupts_hc32f003.o(i.IRQ002_Handler))
<BR><BR>[Stack]<UL><LI>Max Depth = 8<LI>Call Chain = IRQ002_Handler
</UL>
<BR>[Calls]<UL><LI><a href="#[74]">&gt;&gt;</a>&nbsp;&nbsp;&nbsp;Gpio_IRQHandler (Weak Reference)
</UL>
<BR>[Address Reference Count : 1]<UL><LI> startup_hc32f003.o(RESET)
</UL>
<P><STRONG><a name="[e]"></a>IRQ003_Handler</STRONG> (Thumb, 10 bytes, Stack size 8 bytes, interrupts_hc32f003.o(i.IRQ003_Handler))
<BR><BR>[Stack]<UL><LI>Max Depth = 8<LI>Call Chain = IRQ003_Handler
</UL>
<BR>[Calls]<UL><LI><a href="#[74]">&gt;&gt;</a>&nbsp;&nbsp;&nbsp;Gpio_IRQHandler (Weak Reference)
</UL>
<BR>[Address Reference Count : 1]<UL><LI> startup_hc32f003.o(RESET)
</UL>
<P><STRONG><a name="[11]"></a>IRQ006_Handler</STRONG> (Thumb, 10 bytes, Stack size 8 bytes, interrupts_hc32f003.o(i.IRQ006_Handler))
<BR><BR>[Stack]<UL><LI>Max Depth = 88 + Unknown Stack Size
<LI>Call Chain = IRQ006_Handler &rArr; Uart_IRQHandler &rArr; Uart_ClrStatus &rArr; __aeabi_assert &rArr; abort &rArr; __rt_SIGABRT &rArr; __rt_SIGABRT_inner &rArr; __default_signal_display
</UL>
<BR>[Calls]<UL><LI><a href="#[75]">&gt;&gt;</a>&nbsp;&nbsp;&nbsp;Uart_IRQHandler
</UL>
<BR>[Address Reference Count : 1]<UL><LI> startup_hc32f003.o(RESET)
</UL>
<P><STRONG><a name="[12]"></a>IRQ007_Handler</STRONG> (Thumb, 10 bytes, Stack size 8 bytes, interrupts_hc32f003.o(i.IRQ007_Handler))
<BR><BR>[Stack]<UL><LI>Max Depth = 88 + Unknown Stack Size
<LI>Call Chain = IRQ007_Handler &rArr; Uart_IRQHandler &rArr; Uart_ClrStatus &rArr; __aeabi_assert &rArr; abort &rArr; __rt_SIGABRT &rArr; __rt_SIGABRT_inner &rArr; __default_signal_display
</UL>
<BR>[Calls]<UL><LI><a href="#[75]">&gt;&gt;</a>&nbsp;&nbsp;&nbsp;Uart_IRQHandler
</UL>
<BR>[Address Reference Count : 1]<UL><LI> startup_hc32f003.o(RESET)
</UL>
<P><STRONG><a name="[15]"></a>IRQ010_Handler</STRONG> (Thumb, 10 bytes, Stack size 8 bytes, interrupts_hc32f003.o(i.IRQ010_Handler))
<BR><BR>[Stack]<UL><LI>Max Depth = 8<LI>Call Chain = IRQ010_Handler
</UL>
<BR>[Calls]<UL><LI><a href="#[76]">&gt;&gt;</a>&nbsp;&nbsp;&nbsp;Spi_IRQHandler (Weak Reference)
</UL>
<BR>[Address Reference Count : 1]<UL><LI> startup_hc32f003.o(RESET)
</UL>
<P><STRONG><a name="[17]"></a>IRQ012_Handler</STRONG> (Thumb, 10 bytes, Stack size 8 bytes, interrupts_hc32f003.o(i.IRQ012_Handler))
<BR><BR>[Stack]<UL><LI>Max Depth = 8<LI>Call Chain = IRQ012_Handler
</UL>
<BR>[Calls]<UL><LI><a href="#[77]">&gt;&gt;</a>&nbsp;&nbsp;&nbsp;I2c_IRQHandler (Weak Reference)
</UL>
<BR>[Address Reference Count : 1]<UL><LI> startup_hc32f003.o(RESET)
</UL>
<P><STRONG><a name="[19]"></a>IRQ014_Handler</STRONG> (Thumb, 10 bytes, Stack size 8 bytes, interrupts_hc32f003.o(i.IRQ014_Handler))
<BR><BR>[Stack]<UL><LI>Max Depth = 8<LI>Call Chain = IRQ014_Handler
</UL>
<BR>[Calls]<UL><LI><a href="#[78]">&gt;&gt;</a>&nbsp;&nbsp;&nbsp;Tim_IRQHandler
</UL>
<BR>[Address Reference Count : 1]<UL><LI> startup_hc32f003.o(RESET)
</UL>
<P><STRONG><a name="[1a]"></a>IRQ015_Handler</STRONG> (Thumb, 10 bytes, Stack size 8 bytes, interrupts_hc32f003.o(i.IRQ015_Handler))
<BR><BR>[Stack]<UL><LI>Max Depth = 8<LI>Call Chain = IRQ015_Handler
</UL>
<BR>[Calls]<UL><LI><a href="#[78]">&gt;&gt;</a>&nbsp;&nbsp;&nbsp;Tim_IRQHandler
</UL>
<BR>[Address Reference Count : 1]<UL><LI> startup_hc32f003.o(RESET)
</UL>
<P><STRONG><a name="[1b]"></a>IRQ016_Handler</STRONG> (Thumb, 10 bytes, Stack size 8 bytes, interrupts_hc32f003.o(i.IRQ016_Handler))
<BR><BR>[Stack]<UL><LI>Max Depth = 8<LI>Call Chain = IRQ016_Handler
</UL>
<BR>[Calls]<UL><LI><a href="#[78]">&gt;&gt;</a>&nbsp;&nbsp;&nbsp;Tim_IRQHandler
</UL>
<BR>[Address Reference Count : 1]<UL><LI> startup_hc32f003.o(RESET)
</UL>
<P><STRONG><a name="[1d]"></a>IRQ018_Handler</STRONG> (Thumb, 10 bytes, Stack size 8 bytes, interrupts_hc32f003.o(i.IRQ018_Handler))
<BR><BR>[Stack]<UL><LI>Max Depth = 8<LI>Call Chain = IRQ018_Handler
</UL>
<BR>[Calls]<UL><LI><a href="#[79]">&gt;&gt;</a>&nbsp;&nbsp;&nbsp;Adt_IRQHandler (Weak Reference)
</UL>
<BR>[Address Reference Count : 1]<UL><LI> startup_hc32f003.o(RESET)
</UL>
<P><STRONG><a name="[1e]"></a>IRQ019_Handler</STRONG> (Thumb, 10 bytes, Stack size 8 bytes, interrupts_hc32f003.o(i.IRQ019_Handler))
<BR><BR>[Stack]<UL><LI>Max Depth = 8<LI>Call Chain = IRQ019_Handler
</UL>
<BR>[Calls]<UL><LI><a href="#[79]">&gt;&gt;</a>&nbsp;&nbsp;&nbsp;Adt_IRQHandler (Weak Reference)
</UL>
<BR>[Address Reference Count : 1]<UL><LI> startup_hc32f003.o(RESET)
</UL>
<P><STRONG><a name="[1f]"></a>IRQ020_Handler</STRONG> (Thumb, 10 bytes, Stack size 8 bytes, interrupts_hc32f003.o(i.IRQ020_Handler))
<BR><BR>[Stack]<UL><LI>Max Depth = 8<LI>Call Chain = IRQ020_Handler
</UL>
<BR>[Calls]<UL><LI><a href="#[79]">&gt;&gt;</a>&nbsp;&nbsp;&nbsp;Adt_IRQHandler (Weak Reference)
</UL>
<BR>[Address Reference Count : 1]<UL><LI> startup_hc32f003.o(RESET)
</UL>
<P><STRONG><a name="[20]"></a>IRQ021_Handler</STRONG> (Thumb, 10 bytes, Stack size 8 bytes, interrupts_hc32f003.o(i.IRQ021_Handler))
<BR><BR>[Stack]<UL><LI>Max Depth = 8<LI>Call Chain = IRQ021_Handler
</UL>
<BR>[Calls]<UL><LI><a href="#[7a]">&gt;&gt;</a>&nbsp;&nbsp;&nbsp;Pca_IRQHandler (Weak Reference)
</UL>
<BR>[Address Reference Count : 1]<UL><LI> startup_hc32f003.o(RESET)
</UL>
<P><STRONG><a name="[21]"></a>IRQ022_Handler</STRONG> (Thumb, 10 bytes, Stack size 8 bytes, interrupts_hc32f003.o(i.IRQ022_Handler))
<BR><BR>[Stack]<UL><LI>Max Depth = 8<LI>Call Chain = IRQ022_Handler
</UL>
<BR>[Calls]<UL><LI><a href="#[7b]">&gt;&gt;</a>&nbsp;&nbsp;&nbsp;Wdt_IRQHandler (Weak Reference)
</UL>
<BR>[Address Reference Count : 1]<UL><LI> startup_hc32f003.o(RESET)
</UL>
<P><STRONG><a name="[23]"></a>IRQ024_Handler</STRONG> (Thumb, 10 bytes, Stack size 8 bytes, interrupts_hc32f003.o(i.IRQ024_Handler))
<BR><BR>[Stack]<UL><LI>Max Depth = 8<LI>Call Chain = IRQ024_Handler
</UL>
<BR>[Calls]<UL><LI><a href="#[7c]">&gt;&gt;</a>&nbsp;&nbsp;&nbsp;Adc_IRQHandler (Weak Reference)
</UL>
<BR>[Address Reference Count : 1]<UL><LI> startup_hc32f003.o(RESET)
</UL>
<P><STRONG><a name="[25]"></a>IRQ026_Handler</STRONG> (Thumb, 10 bytes, Stack size 8 bytes, interrupts_hc32f003.o(i.IRQ026_Handler))
<BR><BR>[Stack]<UL><LI>Max Depth = 8<LI>Call Chain = IRQ026_Handler
</UL>
<BR>[Calls]<UL><LI><a href="#[7d]">&gt;&gt;</a>&nbsp;&nbsp;&nbsp;Vc_IRQHandler (Weak Reference)
</UL>
<BR>[Address Reference Count : 1]<UL><LI> startup_hc32f003.o(RESET)
</UL>
<P><STRONG><a name="[26]"></a>IRQ027_Handler</STRONG> (Thumb, 10 bytes, Stack size 8 bytes, interrupts_hc32f003.o(i.IRQ027_Handler))
<BR><BR>[Stack]<UL><LI>Max Depth = 8<LI>Call Chain = IRQ027_Handler
</UL>
<BR>[Calls]<UL><LI><a href="#[7d]">&gt;&gt;</a>&nbsp;&nbsp;&nbsp;Vc_IRQHandler (Weak Reference)
</UL>
<BR>[Address Reference Count : 1]<UL><LI> startup_hc32f003.o(RESET)
</UL>
<P><STRONG><a name="[27]"></a>IRQ028_Handler</STRONG> (Thumb, 10 bytes, Stack size 8 bytes, interrupts_hc32f003.o(i.IRQ028_Handler))
<BR><BR>[Stack]<UL><LI>Max Depth = 8<LI>Call Chain = IRQ028_Handler
</UL>
<BR>[Calls]<UL><LI><a href="#[7e]">&gt;&gt;</a>&nbsp;&nbsp;&nbsp;Lvd_IRQHandler (Weak Reference)
</UL>
<BR>[Address Reference Count : 1]<UL><LI> startup_hc32f003.o(RESET)
</UL>
<P><STRONG><a name="[29]"></a>IRQ030_Handler</STRONG> (Thumb, 10 bytes, Stack size 8 bytes, interrupts_hc32f003.o(i.IRQ030_Handler))
<BR><BR>[Stack]<UL><LI>Max Depth = 8<LI>Call Chain = IRQ030_Handler
</UL>
<BR>[Calls]<UL><LI><a href="#[7f]">&gt;&gt;</a>&nbsp;&nbsp;&nbsp;EfRam_IRQHandler (Weak Reference)
</UL>
<BR>[Address Reference Count : 1]<UL><LI> startup_hc32f003.o(RESET)
</UL>
<P><STRONG><a name="[2a]"></a>IRQ031_Handler</STRONG> (Thumb, 10 bytes, Stack size 8 bytes, interrupts_hc32f003.o(i.IRQ031_Handler))
<BR><BR>[Stack]<UL><LI>Max Depth = 8<LI>Call Chain = IRQ031_Handler
</UL>
<BR>[Calls]<UL><LI><a href="#[80]">&gt;&gt;</a>&nbsp;&nbsp;&nbsp;ClkTrim_IRQHandler (Weak Reference)
</UL>
<BR>[Address Reference Count : 1]<UL><LI> startup_hc32f003.o(RESET)
</UL>
<P><STRONG><a name="[68]"></a>Log2</STRONG> (Thumb, 20 bytes, Stack size 0 bytes, ddl.o(i.Log2))
<BR><BR>[Called By]<UL><LI><a href="#[67]">&gt;&gt;</a>&nbsp;&nbsp;&nbsp;Clk_SetPClkDiv
<LI><a href="#[66]">&gt;&gt;</a>&nbsp;&nbsp;&nbsp;Clk_SetHClkDiv
</UL>

<P><STRONG><a name="[a5]"></a>RnRS232GetChar</STRONG> (Thumb, 44 bytes, Stack size 0 bytes, rn8209.o(i.RnRS232GetChar))
<BR><BR>[Called By]<UL><LI><a href="#[9f]">&gt;&gt;</a>&nbsp;&nbsp;&nbsp;rn_uart_task
</UL>

<P><STRONG><a name="[a6]"></a>RnRS232RXBufferCount</STRONG> (Thumb, 6 bytes, Stack size 0 bytes, rn8209.o(i.RnRS232RXBufferCount))
<BR><BR>[Called By]<UL><LI><a href="#[9f]">&gt;&gt;</a>&nbsp;&nbsp;&nbsp;rn_uart_task
</UL>

<P><STRONG><a name="[2e]"></a>RxIntCallback</STRONG> (Thumb, 42 bytes, Stack size 8 bytes, rn8209.o(i.RxIntCallback))
<BR><BR>[Stack]<UL><LI>Max Depth = 72 + Unknown Stack Size
<LI>Call Chain = RxIntCallback &rArr; Uart_ReceiveData &rArr; __aeabi_assert &rArr; abort &rArr; __rt_SIGABRT &rArr; __rt_SIGABRT_inner &rArr; __default_signal_display
</UL>
<BR>[Calls]<UL><LI><a href="#[73]">&gt;&gt;</a>&nbsp;&nbsp;&nbsp;Uart_ReceiveData
</UL>
<BR>[Address Reference Count : 1]<UL><LI> rn8209.o(i.rn8209_init)
</UL>
<P><STRONG><a name="[70]"></a>SystemCoreClockUpdate</STRONG> (Thumb, 12 bytes, Stack size 8 bytes, system_hc32f003.o(i.SystemCoreClockUpdate))
<BR><BR>[Stack]<UL><LI>Max Depth = 20<LI>Call Chain = SystemCoreClockUpdate &rArr; Clk_GetHClkFreq
</UL>
<BR>[Calls]<UL><LI><a href="#[63]">&gt;&gt;</a>&nbsp;&nbsp;&nbsp;Clk_GetHClkFreq
</UL>
<BR>[Called By]<UL><LI><a href="#[65]">&gt;&gt;</a>&nbsp;&nbsp;&nbsp;Clk_SwitchTo
<LI><a href="#[2b]">&gt;&gt;</a>&nbsp;&nbsp;&nbsp;SystemInit
</UL>

<P><STRONG><a name="[2b]"></a>SystemInit</STRONG> (Thumb, 46 bytes, Stack size 16 bytes, system_hc32f003.o(i.SystemInit))
<BR><BR>[Stack]<UL><LI>Max Depth = 40<LI>Call Chain = SystemInit &rArr; Clk_Enable
</UL>
<BR>[Calls]<UL><LI><a href="#[81]">&gt;&gt;</a>&nbsp;&nbsp;&nbsp;ddl_memclr
<LI><a href="#[82]">&gt;&gt;</a>&nbsp;&nbsp;&nbsp;Clk_SysTickConfig
<LI><a href="#[69]">&gt;&gt;</a>&nbsp;&nbsp;&nbsp;Clk_SetRCHFreq
<LI><a href="#[5f]">&gt;&gt;</a>&nbsp;&nbsp;&nbsp;Clk_Enable
<LI><a href="#[70]">&gt;&gt;</a>&nbsp;&nbsp;&nbsp;SystemCoreClockUpdate
</UL>
<BR>[Address Reference Count : 1]<UL><LI> startup_hc32f003.o(.text)
</UL>
<P><STRONG><a name="[78]"></a>Tim_IRQHandler</STRONG> (Thumb, 28 bytes, Stack size 0 bytes, bt.o(i.Tim_IRQHandler))
<BR><BR>[Called By]<UL><LI><a href="#[1b]">&gt;&gt;</a>&nbsp;&nbsp;&nbsp;IRQ016_Handler
<LI><a href="#[1a]">&gt;&gt;</a>&nbsp;&nbsp;&nbsp;IRQ015_Handler
<LI><a href="#[19]">&gt;&gt;</a>&nbsp;&nbsp;&nbsp;IRQ014_Handler
</UL>

<P><STRONG><a name="[2f]"></a>TxIntCallback</STRONG> (Thumb, 54 bytes, Stack size 8 bytes, rn8209.o(i.TxIntCallback))
<BR><BR>[Stack]<UL><LI>Max Depth = 72 + Unknown Stack Size
<LI>Call Chain = TxIntCallback &rArr; Uart_EnableIrq &rArr; __aeabi_assert &rArr; abort &rArr; __rt_SIGABRT &rArr; __rt_SIGABRT_inner &rArr; __default_signal_display
</UL>
<BR>[Calls]<UL><LI><a href="#[85]">&gt;&gt;</a>&nbsp;&nbsp;&nbsp;Uart_EnableIrq
<LI><a href="#[84]">&gt;&gt;</a>&nbsp;&nbsp;&nbsp;Uart_DisableIrq
<LI><a href="#[83]">&gt;&gt;</a>&nbsp;&nbsp;&nbsp;Uart_ClrStatus
</UL>
<BR>[Address Reference Count : 1]<UL><LI> rn8209.o(i.rn8209_init)
</UL>
<P><STRONG><a name="[83]"></a>Uart_ClrStatus</STRONG> (Thumb, 114 bytes, Stack size 8 bytes, uart.o(i.Uart_ClrStatus))
<BR><BR>[Stack]<UL><LI>Max Depth = 64 + Unknown Stack Size
<LI>Call Chain = Uart_ClrStatus &rArr; __aeabi_assert &rArr; abort &rArr; __rt_SIGABRT &rArr; __rt_SIGABRT_inner &rArr; __default_signal_display
</UL>
<BR>[Calls]<UL><LI><a href="#[44]">&gt;&gt;</a>&nbsp;&nbsp;&nbsp;__aeabi_assert
<LI><a href="#[8a]">&gt;&gt;</a>&nbsp;&nbsp;&nbsp;UartGetInternDataPtr
</UL>
<BR>[Called By]<UL><LI><a href="#[90]">&gt;&gt;</a>&nbsp;&nbsp;&nbsp;Uart_SendData
<LI><a href="#[2f]">&gt;&gt;</a>&nbsp;&nbsp;&nbsp;TxIntCallback
<LI><a href="#[9e]">&gt;&gt;</a>&nbsp;&nbsp;&nbsp;rn_read
<LI><a href="#[3e]">&gt;&gt;</a>&nbsp;&nbsp;&nbsp;main
<LI><a href="#[75]">&gt;&gt;</a>&nbsp;&nbsp;&nbsp;Uart_IRQHandler
</UL>

<P><STRONG><a name="[84]"></a>Uart_DisableIrq</STRONG> (Thumb, 90 bytes, Stack size 8 bytes, uart.o(i.Uart_DisableIrq))
<BR><BR>[Stack]<UL><LI>Max Depth = 64 + Unknown Stack Size
<LI>Call Chain = Uart_DisableIrq &rArr; __aeabi_assert &rArr; abort &rArr; __rt_SIGABRT &rArr; __rt_SIGABRT_inner &rArr; __default_signal_display
</UL>
<BR>[Calls]<UL><LI><a href="#[44]">&gt;&gt;</a>&nbsp;&nbsp;&nbsp;__aeabi_assert
<LI><a href="#[8a]">&gt;&gt;</a>&nbsp;&nbsp;&nbsp;UartGetInternDataPtr
</UL>
<BR>[Called By]<UL><LI><a href="#[2f]">&gt;&gt;</a>&nbsp;&nbsp;&nbsp;TxIntCallback
<LI><a href="#[9d]">&gt;&gt;</a>&nbsp;&nbsp;&nbsp;uart_host_init
</UL>

<P><STRONG><a name="[8b]"></a>Uart_EnableFunc</STRONG> (Thumb, 56 bytes, Stack size 8 bytes, uart.o(i.Uart_EnableFunc))
<BR><BR>[Stack]<UL><LI>Max Depth = 64 + Unknown Stack Size
<LI>Call Chain = Uart_EnableFunc &rArr; __aeabi_assert &rArr; abort &rArr; __rt_SIGABRT &rArr; __rt_SIGABRT_inner &rArr; __default_signal_display
</UL>
<BR>[Calls]<UL><LI><a href="#[44]">&gt;&gt;</a>&nbsp;&nbsp;&nbsp;__aeabi_assert
<LI><a href="#[8a]">&gt;&gt;</a>&nbsp;&nbsp;&nbsp;UartGetInternDataPtr
</UL>
<BR>[Called By]<UL><LI><a href="#[9d]">&gt;&gt;</a>&nbsp;&nbsp;&nbsp;uart_host_init
<LI><a href="#[9c]">&gt;&gt;</a>&nbsp;&nbsp;&nbsp;rn8209_init
</UL>

<P><STRONG><a name="[85]"></a>Uart_EnableIrq</STRONG> (Thumb, 90 bytes, Stack size 8 bytes, uart.o(i.Uart_EnableIrq))
<BR><BR>[Stack]<UL><LI>Max Depth = 64 + Unknown Stack Size
<LI>Call Chain = Uart_EnableIrq &rArr; __aeabi_assert &rArr; abort &rArr; __rt_SIGABRT &rArr; __rt_SIGABRT_inner &rArr; __default_signal_display
</UL>
<BR>[Calls]<UL><LI><a href="#[44]">&gt;&gt;</a>&nbsp;&nbsp;&nbsp;__aeabi_assert
<LI><a href="#[8a]">&gt;&gt;</a>&nbsp;&nbsp;&nbsp;UartGetInternDataPtr
</UL>
<BR>[Called By]<UL><LI><a href="#[2f]">&gt;&gt;</a>&nbsp;&nbsp;&nbsp;TxIntCallback
<LI><a href="#[9d]">&gt;&gt;</a>&nbsp;&nbsp;&nbsp;uart_host_init
<LI><a href="#[9c]">&gt;&gt;</a>&nbsp;&nbsp;&nbsp;rn8209_init
</UL>

<P><STRONG><a name="[8c]"></a>Uart_GetStatus</STRONG> (Thumb, 108 bytes, Stack size 16 bytes, uart.o(i.Uart_GetStatus))
<BR><BR>[Stack]<UL><LI>Max Depth = 72 + Unknown Stack Size
<LI>Call Chain = Uart_GetStatus &rArr; __aeabi_assert &rArr; abort &rArr; __rt_SIGABRT &rArr; __rt_SIGABRT_inner &rArr; __default_signal_display
</UL>
<BR>[Calls]<UL><LI><a href="#[44]">&gt;&gt;</a>&nbsp;&nbsp;&nbsp;__aeabi_assert
<LI><a href="#[8a]">&gt;&gt;</a>&nbsp;&nbsp;&nbsp;UartGetInternDataPtr
</UL>
<BR>[Called By]<UL><LI><a href="#[90]">&gt;&gt;</a>&nbsp;&nbsp;&nbsp;Uart_SendData
</UL>

<P><STRONG><a name="[75]"></a>Uart_IRQHandler</STRONG> (Thumb, 90 bytes, Stack size 16 bytes, uart.o(i.Uart_IRQHandler))
<BR><BR>[Stack]<UL><LI>Max Depth = 80 + Unknown Stack Size
<LI>Call Chain = Uart_IRQHandler &rArr; Uart_ClrStatus &rArr; __aeabi_assert &rArr; abort &rArr; __rt_SIGABRT &rArr; __rt_SIGABRT_inner &rArr; __default_signal_display
</UL>
<BR>[Calls]<UL><LI><a href="#[83]">&gt;&gt;</a>&nbsp;&nbsp;&nbsp;Uart_ClrStatus
<LI><a href="#[8a]">&gt;&gt;</a>&nbsp;&nbsp;&nbsp;UartGetInternDataPtr
</UL>
<BR>[Called By]<UL><LI><a href="#[12]">&gt;&gt;</a>&nbsp;&nbsp;&nbsp;IRQ007_Handler
<LI><a href="#[11]">&gt;&gt;</a>&nbsp;&nbsp;&nbsp;IRQ006_Handler
</UL>

<P><STRONG><a name="[8d]"></a>Uart_Init</STRONG> (Thumb, 114 bytes, Stack size 16 bytes, uart.o(i.Uart_Init))
<BR><BR>[Stack]<UL><LI>Max Depth = 80 + Unknown Stack Size
<LI>Call Chain = Uart_Init &rArr; Uart_SetMultiMode &rArr; __aeabi_assert &rArr; abort &rArr; __rt_SIGABRT &rArr; __rt_SIGABRT_inner &rArr; __default_signal_display
</UL>
<BR>[Calls]<UL><LI><a href="#[44]">&gt;&gt;</a>&nbsp;&nbsp;&nbsp;__aeabi_assert
<LI><a href="#[8f]">&gt;&gt;</a>&nbsp;&nbsp;&nbsp;Uart_SetMultiMode
<LI><a href="#[8e]">&gt;&gt;</a>&nbsp;&nbsp;&nbsp;Uart_SetMode
<LI><a href="#[89]">&gt;&gt;</a>&nbsp;&nbsp;&nbsp;UartInitNvic
<LI><a href="#[8a]">&gt;&gt;</a>&nbsp;&nbsp;&nbsp;UartGetInternDataPtr
<LI><a href="#[86]">&gt;&gt;</a>&nbsp;&nbsp;&nbsp;UartDeInitNvic
</UL>
<BR>[Called By]<UL><LI><a href="#[9d]">&gt;&gt;</a>&nbsp;&nbsp;&nbsp;uart_host_init
<LI><a href="#[9c]">&gt;&gt;</a>&nbsp;&nbsp;&nbsp;rn8209_init
</UL>

<P><STRONG><a name="[73]"></a>Uart_ReceiveData</STRONG> (Thumb, 42 bytes, Stack size 8 bytes, uart.o(i.Uart_ReceiveData))
<BR><BR>[Stack]<UL><LI>Max Depth = 64 + Unknown Stack Size
<LI>Call Chain = Uart_ReceiveData &rArr; __aeabi_assert &rArr; abort &rArr; __rt_SIGABRT &rArr; __rt_SIGABRT_inner &rArr; __default_signal_display
</UL>
<BR>[Calls]<UL><LI><a href="#[44]">&gt;&gt;</a>&nbsp;&nbsp;&nbsp;__aeabi_assert
<LI><a href="#[8a]">&gt;&gt;</a>&nbsp;&nbsp;&nbsp;UartGetInternDataPtr
</UL>
<BR>[Called By]<UL><LI><a href="#[31]">&gt;&gt;</a>&nbsp;&nbsp;&nbsp;HostRxIntCallback
<LI><a href="#[2e]">&gt;&gt;</a>&nbsp;&nbsp;&nbsp;RxIntCallback
</UL>

<P><STRONG><a name="[90]"></a>Uart_SendData</STRONG> (Thumb, 68 bytes, Stack size 16 bytes, uart.o(i.Uart_SendData))
<BR><BR>[Stack]<UL><LI>Max Depth = 88 + Unknown Stack Size
<LI>Call Chain = Uart_SendData &rArr; Uart_GetStatus &rArr; __aeabi_assert &rArr; abort &rArr; __rt_SIGABRT &rArr; __rt_SIGABRT_inner &rArr; __default_signal_display
</UL>
<BR>[Calls]<UL><LI><a href="#[83]">&gt;&gt;</a>&nbsp;&nbsp;&nbsp;Uart_ClrStatus
<LI><a href="#[44]">&gt;&gt;</a>&nbsp;&nbsp;&nbsp;__aeabi_assert
<LI><a href="#[8c]">&gt;&gt;</a>&nbsp;&nbsp;&nbsp;Uart_GetStatus
<LI><a href="#[8a]">&gt;&gt;</a>&nbsp;&nbsp;&nbsp;UartGetInternDataPtr
</UL>
<BR>[Called By]<UL><LI><a href="#[a4]">&gt;&gt;</a>&nbsp;&nbsp;&nbsp;rn_write
<LI><a href="#[9e]">&gt;&gt;</a>&nbsp;&nbsp;&nbsp;rn_read
<LI><a href="#[9a]">&gt;&gt;</a>&nbsp;&nbsp;&nbsp;host_rs232_send_bytes
</UL>

<P><STRONG><a name="[91]"></a>Uart_SetBaudRate</STRONG> (Thumb, 110 bytes, Stack size 16 bytes, uart.o(i.Uart_SetBaudRate))
<BR><BR>[Stack]<UL><LI>Max Depth = 72 + Unknown Stack Size
<LI>Call Chain = Uart_SetBaudRate &rArr; __aeabi_assert &rArr; abort &rArr; __rt_SIGABRT &rArr; __rt_SIGABRT_inner &rArr; __default_signal_display
</UL>
<BR>[Calls]<UL><LI><a href="#[92]">&gt;&gt;</a>&nbsp;&nbsp;&nbsp;__aeabi_uidivmod
<LI><a href="#[44]">&gt;&gt;</a>&nbsp;&nbsp;&nbsp;__aeabi_assert
<LI><a href="#[8a]">&gt;&gt;</a>&nbsp;&nbsp;&nbsp;UartGetInternDataPtr
</UL>
<BR>[Called By]<UL><LI><a href="#[9d]">&gt;&gt;</a>&nbsp;&nbsp;&nbsp;uart_host_init
<LI><a href="#[9c]">&gt;&gt;</a>&nbsp;&nbsp;&nbsp;rn8209_init
</UL>

<P><STRONG><a name="[93]"></a>Uart_SetMMDOrCk</STRONG> (Thumb, 56 bytes, Stack size 8 bytes, uart.o(i.Uart_SetMMDOrCk))
<BR><BR>[Stack]<UL><LI>Max Depth = 64 + Unknown Stack Size
<LI>Call Chain = Uart_SetMMDOrCk &rArr; __aeabi_assert &rArr; abort &rArr; __rt_SIGABRT &rArr; __rt_SIGABRT_inner &rArr; __default_signal_display
</UL>
<BR>[Calls]<UL><LI><a href="#[44]">&gt;&gt;</a>&nbsp;&nbsp;&nbsp;__aeabi_assert
<LI><a href="#[8a]">&gt;&gt;</a>&nbsp;&nbsp;&nbsp;UartGetInternDataPtr
</UL>
<BR>[Called By]<UL><LI><a href="#[a4]">&gt;&gt;</a>&nbsp;&nbsp;&nbsp;rn_write
<LI><a href="#[9e]">&gt;&gt;</a>&nbsp;&nbsp;&nbsp;rn_read
<LI><a href="#[9c]">&gt;&gt;</a>&nbsp;&nbsp;&nbsp;rn8209_init
</UL>

<P><STRONG><a name="[8e]"></a>Uart_SetMode</STRONG> (Thumb, 80 bytes, Stack size 8 bytes, uart.o(i.Uart_SetMode))
<BR><BR>[Stack]<UL><LI>Max Depth = 64 + Unknown Stack Size
<LI>Call Chain = Uart_SetMode &rArr; __aeabi_assert &rArr; abort &rArr; __rt_SIGABRT &rArr; __rt_SIGABRT_inner &rArr; __default_signal_display
</UL>
<BR>[Calls]<UL><LI><a href="#[44]">&gt;&gt;</a>&nbsp;&nbsp;&nbsp;__aeabi_assert
<LI><a href="#[8a]">&gt;&gt;</a>&nbsp;&nbsp;&nbsp;UartGetInternDataPtr
</UL>
<BR>[Called By]<UL><LI><a href="#[8d]">&gt;&gt;</a>&nbsp;&nbsp;&nbsp;Uart_Init
</UL>

<P><STRONG><a name="[8f]"></a>Uart_SetMultiMode</STRONG> (Thumb, 80 bytes, Stack size 8 bytes, uart.o(i.Uart_SetMultiMode))
<BR><BR>[Stack]<UL><LI>Max Depth = 64 + Unknown Stack Size
<LI>Call Chain = Uart_SetMultiMode &rArr; __aeabi_assert &rArr; abort &rArr; __rt_SIGABRT &rArr; __rt_SIGABRT_inner &rArr; __default_signal_display
</UL>
<BR>[Calls]<UL><LI><a href="#[44]">&gt;&gt;</a>&nbsp;&nbsp;&nbsp;__aeabi_assert
<LI><a href="#[8a]">&gt;&gt;</a>&nbsp;&nbsp;&nbsp;UartGetInternDataPtr
</UL>
<BR>[Called By]<UL><LI><a href="#[8d]">&gt;&gt;</a>&nbsp;&nbsp;&nbsp;Uart_Init
</UL>

<P><STRONG><a name="[6a]"></a>__ARM_common_switch8</STRONG> (Thumb, 26 bytes, Stack size 8 bytes, clk.o(i.__ARM_common_switch8))
<BR><BR>[Stack]<UL><LI>Max Depth = 8<LI>Call Chain = __ARM_common_switch8
</UL>
<BR>[Called By]<UL><LI><a href="#[69]">&gt;&gt;</a>&nbsp;&nbsp;&nbsp;Clk_SetRCHFreq
</UL>

<P><STRONG><a name="[43]"></a>_sys_exit</STRONG> (Thumb, 2 bytes, Stack size 0 bytes, ddl.o(i._sys_exit))
<BR><BR>[Called By]<UL><LI><a href="#[42]">&gt;&gt;</a>&nbsp;&nbsp;&nbsp;__rt_exit_exit
<LI><a href="#[4f]">&gt;&gt;</a>&nbsp;&nbsp;&nbsp;__sig_exit
<LI><a href="#[47]">&gt;&gt;</a>&nbsp;&nbsp;&nbsp;abort
</UL>

<P><STRONG><a name="[4d]"></a>_ttywrch</STRONG> (Thumb, 2 bytes, Stack size 0 bytes, ddl.o(i._ttywrch))
<BR><BR>[Called By]<UL><LI><a href="#[54]">&gt;&gt;</a>&nbsp;&nbsp;&nbsp;__default_signal_display
<LI><a href="#[45]">&gt;&gt;</a>&nbsp;&nbsp;&nbsp;__assert_puts
</UL>

<P><STRONG><a name="[81]"></a>ddl_memclr</STRONG> (Thumb, 20 bytes, Stack size 0 bytes, ddl.o(i.ddl_memclr))
<BR><BR>[Called By]<UL><LI><a href="#[9d]">&gt;&gt;</a>&nbsp;&nbsp;&nbsp;uart_host_init
<LI><a href="#[9c]">&gt;&gt;</a>&nbsp;&nbsp;&nbsp;rn8209_init
<LI><a href="#[2b]">&gt;&gt;</a>&nbsp;&nbsp;&nbsp;SystemInit
</UL>

<P><STRONG><a name="[94]"></a>delay1ms</STRONG> (Thumb, 48 bytes, Stack size 24 bytes, ddl.o(i.delay1ms))
<BR><BR>[Stack]<UL><LI>Max Depth = 24<LI>Call Chain = delay1ms
</UL>
<BR>[Calls]<UL><LI><a href="#[92]">&gt;&gt;</a>&nbsp;&nbsp;&nbsp;__aeabi_uidivmod
</UL>
<BR>[Called By]<UL><LI><a href="#[9c]">&gt;&gt;</a>&nbsp;&nbsp;&nbsp;rn8209_init
</UL>

<P><STRONG><a name="[95]"></a>host_receive_task</STRONG> (Thumb, 76 bytes, Stack size 16 bytes, main.o(i.host_receive_task))
<BR><BR>[Stack]<UL><LI>Max Depth = 24<LI>Call Chain = host_receive_task &rArr; reset_host_rx_buf
</UL>
<BR>[Calls]<UL><LI><a href="#[98]">&gt;&gt;</a>&nbsp;&nbsp;&nbsp;reset_host_rx_buf
<LI><a href="#[97]">&gt;&gt;</a>&nbsp;&nbsp;&nbsp;HostRS232RXBufferCount
<LI><a href="#[96]">&gt;&gt;</a>&nbsp;&nbsp;&nbsp;HostRS232GetChar
<LI><a href="#[99]">&gt;&gt;</a>&nbsp;&nbsp;&nbsp;ChkHostSum
</UL>
<BR>[Called By]<UL><LI><a href="#[3e]">&gt;&gt;</a>&nbsp;&nbsp;&nbsp;main
</UL>

<P><STRONG><a name="[9a]"></a>host_rs232_send_bytes</STRONG> (Thumb, 28 bytes, Stack size 16 bytes, uart_host.o(i.host_rs232_send_bytes))
<BR><BR>[Stack]<UL><LI>Max Depth = 104 + Unknown Stack Size
<LI>Call Chain = host_rs232_send_bytes &rArr; Uart_SendData &rArr; Uart_GetStatus &rArr; __aeabi_assert &rArr; abort &rArr; __rt_SIGABRT &rArr; __rt_SIGABRT_inner &rArr; __default_signal_display
</UL>
<BR>[Calls]<UL><LI><a href="#[90]">&gt;&gt;</a>&nbsp;&nbsp;&nbsp;Uart_SendData
</UL>
<BR>[Called By]<UL><LI><a href="#[9b]">&gt;&gt;</a>&nbsp;&nbsp;&nbsp;host_send_data
</UL>

<P><STRONG><a name="[9b]"></a>host_send_data</STRONG> (Thumb, 36 bytes, Stack size 8 bytes, main.o(i.host_send_data))
<BR><BR>[Stack]<UL><LI>Max Depth = 112 + Unknown Stack Size
<LI>Call Chain = host_send_data &rArr; host_rs232_send_bytes &rArr; Uart_SendData &rArr; Uart_GetStatus &rArr; __aeabi_assert &rArr; abort &rArr; __rt_SIGABRT &rArr; __rt_SIGABRT_inner &rArr; __default_signal_display
</UL>
<BR>[Calls]<UL><LI><a href="#[9a]">&gt;&gt;</a>&nbsp;&nbsp;&nbsp;host_rs232_send_bytes
<LI><a href="#[99]">&gt;&gt;</a>&nbsp;&nbsp;&nbsp;ChkHostSum
</UL>
<BR>[Called By]<UL><LI><a href="#[3e]">&gt;&gt;</a>&nbsp;&nbsp;&nbsp;main
</UL>

<P><STRONG><a name="[3e]"></a>main</STRONG> (Thumb, 252 bytes, Stack size 8 bytes, main.o(i.main))
<BR><BR>[Stack]<UL><LI>Max Depth = 248 + Unknown Stack Size
<LI>Call Chain = main &rArr; rn8209_init &rArr; rn_reset &rArr; rn_write &rArr; Uart_SendData &rArr; Uart_GetStatus &rArr; __aeabi_assert &rArr; abort &rArr; __rt_SIGABRT &rArr; __rt_SIGABRT_inner &rArr; __default_signal_display
</UL>
<BR>[Calls]<UL><LI><a href="#[9d]">&gt;&gt;</a>&nbsp;&nbsp;&nbsp;uart_host_init
<LI><a href="#[9e]">&gt;&gt;</a>&nbsp;&nbsp;&nbsp;rn_read
<LI><a href="#[9c]">&gt;&gt;</a>&nbsp;&nbsp;&nbsp;rn8209_init
<LI><a href="#[83]">&gt;&gt;</a>&nbsp;&nbsp;&nbsp;Uart_ClrStatus
<LI><a href="#[64]">&gt;&gt;</a>&nbsp;&nbsp;&nbsp;Clk_Init
<LI><a href="#[57]">&gt;&gt;</a>&nbsp;&nbsp;&nbsp;BtTimerTest1ms
<LI><a href="#[9f]">&gt;&gt;</a>&nbsp;&nbsp;&nbsp;rn_uart_task
<LI><a href="#[9b]">&gt;&gt;</a>&nbsp;&nbsp;&nbsp;host_send_data
<LI><a href="#[95]">&gt;&gt;</a>&nbsp;&nbsp;&nbsp;host_receive_task
<LI><a href="#[a0]">&gt;&gt;</a>&nbsp;&nbsp;&nbsp;CALCULATERPARAMETER
<LI><a href="#[69]">&gt;&gt;</a>&nbsp;&nbsp;&nbsp;Clk_SetRCHFreq
</UL>
<BR>[Called By]<UL><LI><a href="#[3d]">&gt;&gt;</a>&nbsp;&nbsp;&nbsp;__rt_entry_main
</UL>

<P><STRONG><a name="[98]"></a>reset_host_rx_buf</STRONG> (Thumb, 12 bytes, Stack size 8 bytes, uart_host.o(i.reset_host_rx_buf))
<BR><BR>[Stack]<UL><LI>Max Depth = 8<LI>Call Chain = reset_host_rx_buf
</UL>
<BR>[Calls]<UL><LI><a href="#[a1]">&gt;&gt;</a>&nbsp;&nbsp;&nbsp;__aeabi_memclr4
</UL>
<BR>[Called By]<UL><LI><a href="#[95]">&gt;&gt;</a>&nbsp;&nbsp;&nbsp;host_receive_task
</UL>

<P><STRONG><a name="[9c]"></a>rn8209_init</STRONG> (Thumb, 306 bytes, Stack size 96 bytes, rn8209.o(i.rn8209_init))
<BR><BR>[Stack]<UL><LI>Max Depth = 240 + Unknown Stack Size
<LI>Call Chain = rn8209_init &rArr; rn_reset &rArr; rn_write &rArr; Uart_SendData &rArr; Uart_GetStatus &rArr; __aeabi_assert &rArr; abort &rArr; __rt_SIGABRT &rArr; __rt_SIGABRT_inner &rArr; __default_signal_display
</UL>
<BR>[Calls]<UL><LI><a href="#[94]">&gt;&gt;</a>&nbsp;&nbsp;&nbsp;delay1ms
<LI><a href="#[93]">&gt;&gt;</a>&nbsp;&nbsp;&nbsp;Uart_SetMMDOrCk
<LI><a href="#[91]">&gt;&gt;</a>&nbsp;&nbsp;&nbsp;Uart_SetBaudRate
<LI><a href="#[8d]">&gt;&gt;</a>&nbsp;&nbsp;&nbsp;Uart_Init
<LI><a href="#[85]">&gt;&gt;</a>&nbsp;&nbsp;&nbsp;Uart_EnableIrq
<LI><a href="#[8b]">&gt;&gt;</a>&nbsp;&nbsp;&nbsp;Uart_EnableFunc
<LI><a href="#[71]">&gt;&gt;</a>&nbsp;&nbsp;&nbsp;Gpio_InitIOExt
<LI><a href="#[58]">&gt;&gt;</a>&nbsp;&nbsp;&nbsp;Clk_SetPeripheralGate
<LI><a href="#[62]">&gt;&gt;</a>&nbsp;&nbsp;&nbsp;Clk_GetPClkFreq
<LI><a href="#[5e]">&gt;&gt;</a>&nbsp;&nbsp;&nbsp;Bt_Run
<LI><a href="#[5b]">&gt;&gt;</a>&nbsp;&nbsp;&nbsp;Bt_Init
<LI><a href="#[5d]">&gt;&gt;</a>&nbsp;&nbsp;&nbsp;Bt_Cnt16Set
<LI><a href="#[5c]">&gt;&gt;</a>&nbsp;&nbsp;&nbsp;Bt_ARRSet
<LI><a href="#[a2]">&gt;&gt;</a>&nbsp;&nbsp;&nbsp;rn_reset
<LI><a href="#[81]">&gt;&gt;</a>&nbsp;&nbsp;&nbsp;ddl_memclr
</UL>
<BR>[Called By]<UL><LI><a href="#[3e]">&gt;&gt;</a>&nbsp;&nbsp;&nbsp;main
</UL>

<P><STRONG><a name="[9e]"></a>rn_read</STRONG> (Thumb, 60 bytes, Stack size 16 bytes, rn8209.o(i.rn_read))
<BR><BR>[Stack]<UL><LI>Max Depth = 104 + Unknown Stack Size
<LI>Call Chain = rn_read &rArr; Uart_SendData &rArr; Uart_GetStatus &rArr; __aeabi_assert &rArr; abort &rArr; __rt_SIGABRT &rArr; __rt_SIGABRT_inner &rArr; __default_signal_display
</UL>
<BR>[Calls]<UL><LI><a href="#[93]">&gt;&gt;</a>&nbsp;&nbsp;&nbsp;Uart_SetMMDOrCk
<LI><a href="#[90]">&gt;&gt;</a>&nbsp;&nbsp;&nbsp;Uart_SendData
<LI><a href="#[a3]">&gt;&gt;</a>&nbsp;&nbsp;&nbsp;Count_setbit
<LI><a href="#[83]">&gt;&gt;</a>&nbsp;&nbsp;&nbsp;Uart_ClrStatus
</UL>
<BR>[Called By]<UL><LI><a href="#[3e]">&gt;&gt;</a>&nbsp;&nbsp;&nbsp;main
</UL>

<P><STRONG><a name="[a2]"></a>rn_reset</STRONG> (Thumb, 14 bytes, Stack size 8 bytes, rn8209.o(i.rn_reset))
<BR><BR>[Stack]<UL><LI>Max Depth = 144 + Unknown Stack Size
<LI>Call Chain = rn_reset &rArr; rn_write &rArr; Uart_SendData &rArr; Uart_GetStatus &rArr; __aeabi_assert &rArr; abort &rArr; __rt_SIGABRT &rArr; __rt_SIGABRT_inner &rArr; __default_signal_display
</UL>
<BR>[Calls]<UL><LI><a href="#[a4]">&gt;&gt;</a>&nbsp;&nbsp;&nbsp;rn_write
</UL>
<BR>[Called By]<UL><LI><a href="#[9c]">&gt;&gt;</a>&nbsp;&nbsp;&nbsp;rn8209_init
</UL>

<P><STRONG><a name="[9f]"></a>rn_uart_task</STRONG> (Thumb, 100 bytes, Stack size 32 bytes, main.o(i.rn_uart_task))
<BR><BR>[Stack]<UL><LI>Max Depth = 32<LI>Call Chain = rn_uart_task
</UL>
<BR>[Calls]<UL><LI><a href="#[a6]">&gt;&gt;</a>&nbsp;&nbsp;&nbsp;RnRS232RXBufferCount
<LI><a href="#[a5]">&gt;&gt;</a>&nbsp;&nbsp;&nbsp;RnRS232GetChar
<LI><a href="#[a7]">&gt;&gt;</a>&nbsp;&nbsp;&nbsp;ChkRnSum
</UL>
<BR>[Called By]<UL><LI><a href="#[3e]">&gt;&gt;</a>&nbsp;&nbsp;&nbsp;main
</UL>

<P><STRONG><a name="[a4]"></a>rn_write</STRONG> (Thumb, 92 bytes, Stack size 48 bytes, rn8209.o(i.rn_write))
<BR><BR>[Stack]<UL><LI>Max Depth = 136 + Unknown Stack Size
<LI>Call Chain = rn_write &rArr; Uart_SendData &rArr; Uart_GetStatus &rArr; __aeabi_assert &rArr; abort &rArr; __rt_SIGABRT &rArr; __rt_SIGABRT_inner &rArr; __default_signal_display
</UL>
<BR>[Calls]<UL><LI><a href="#[93]">&gt;&gt;</a>&nbsp;&nbsp;&nbsp;Uart_SetMMDOrCk
<LI><a href="#[90]">&gt;&gt;</a>&nbsp;&nbsp;&nbsp;Uart_SendData
<LI><a href="#[a3]">&gt;&gt;</a>&nbsp;&nbsp;&nbsp;Count_setbit
</UL>
<BR>[Called By]<UL><LI><a href="#[a2]">&gt;&gt;</a>&nbsp;&nbsp;&nbsp;rn_reset
</UL>

<P><STRONG><a name="[9d]"></a>uart_host_init</STRONG> (Thumb, 268 bytes, Stack size 88 bytes, uart_host.o(i.uart_host_init))
<BR><BR>[Stack]<UL><LI>Max Depth = 168 + Unknown Stack Size
<LI>Call Chain = uart_host_init &rArr; Uart_Init &rArr; Uart_SetMultiMode &rArr; __aeabi_assert &rArr; abort &rArr; __rt_SIGABRT &rArr; __rt_SIGABRT_inner &rArr; __default_signal_display
</UL>
<BR>[Calls]<UL><LI><a href="#[91]">&gt;&gt;</a>&nbsp;&nbsp;&nbsp;Uart_SetBaudRate
<LI><a href="#[8d]">&gt;&gt;</a>&nbsp;&nbsp;&nbsp;Uart_Init
<LI><a href="#[85]">&gt;&gt;</a>&nbsp;&nbsp;&nbsp;Uart_EnableIrq
<LI><a href="#[8b]">&gt;&gt;</a>&nbsp;&nbsp;&nbsp;Uart_EnableFunc
<LI><a href="#[84]">&gt;&gt;</a>&nbsp;&nbsp;&nbsp;Uart_DisableIrq
<LI><a href="#[71]">&gt;&gt;</a>&nbsp;&nbsp;&nbsp;Gpio_InitIOExt
<LI><a href="#[58]">&gt;&gt;</a>&nbsp;&nbsp;&nbsp;Clk_SetPeripheralGate
<LI><a href="#[62]">&gt;&gt;</a>&nbsp;&nbsp;&nbsp;Clk_GetPClkFreq
<LI><a href="#[5e]">&gt;&gt;</a>&nbsp;&nbsp;&nbsp;Bt_Run
<LI><a href="#[5b]">&gt;&gt;</a>&nbsp;&nbsp;&nbsp;Bt_Init
<LI><a href="#[5d]">&gt;&gt;</a>&nbsp;&nbsp;&nbsp;Bt_Cnt16Set
<LI><a href="#[5c]">&gt;&gt;</a>&nbsp;&nbsp;&nbsp;Bt_ARRSet
<LI><a href="#[81]">&gt;&gt;</a>&nbsp;&nbsp;&nbsp;ddl_memclr
</UL>
<BR>[Called By]<UL><LI><a href="#[3e]">&gt;&gt;</a>&nbsp;&nbsp;&nbsp;main
</UL>
<P>
<H3>
Local Symbols
</H3>
<P><STRONG><a name="[a0]"></a>CALCULATERPARAMETER</STRONG> (Thumb, 36 bytes, Stack size 8 bytes, main.o(i.CALCULATERPARAMETER))
<BR><BR>[Stack]<UL><LI>Max Depth = 8<LI>Call Chain = CALCULATERPARAMETER
</UL>
<BR>[Called By]<UL><LI><a href="#[3e]">&gt;&gt;</a>&nbsp;&nbsp;&nbsp;main
</UL>

<P><STRONG><a name="[60]"></a>ClkUnlock</STRONG> (Thumb, 12 bytes, Stack size 0 bytes, clk.o(i.ClkUnlock))
<BR><BR>[Called By]<UL><LI><a href="#[6b]">&gt;&gt;</a>&nbsp;&nbsp;&nbsp;Clk_SetSource
<LI><a href="#[67]">&gt;&gt;</a>&nbsp;&nbsp;&nbsp;Clk_SetPClkDiv
<LI><a href="#[66]">&gt;&gt;</a>&nbsp;&nbsp;&nbsp;Clk_SetHClkDiv
<LI><a href="#[5f]">&gt;&gt;</a>&nbsp;&nbsp;&nbsp;Clk_Enable
</UL>

<P><STRONG><a name="[61]"></a>ClkWriteDummy</STRONG> (Thumb, 14 bytes, Stack size 0 bytes, clk.o(i.ClkWriteDummy))
<BR><BR>[Called By]<UL><LI><a href="#[6b]">&gt;&gt;</a>&nbsp;&nbsp;&nbsp;Clk_SetSource
<LI><a href="#[5f]">&gt;&gt;</a>&nbsp;&nbsp;&nbsp;Clk_Enable
</UL>

<P><STRONG><a name="[86]"></a>UartDeInitNvic</STRONG> (Thumb, 66 bytes, Stack size 8 bytes, uart.o(i.UartDeInitNvic))
<BR><BR>[Stack]<UL><LI>Max Depth = 64 + Unknown Stack Size
<LI>Call Chain = UartDeInitNvic &rArr; __aeabi_assert &rArr; abort &rArr; __rt_SIGABRT &rArr; __rt_SIGABRT_inner &rArr; __default_signal_display
</UL>
<BR>[Calls]<UL><LI><a href="#[44]">&gt;&gt;</a>&nbsp;&nbsp;&nbsp;__aeabi_assert
<LI><a href="#[88]">&gt;&gt;</a>&nbsp;&nbsp;&nbsp;__NVIC_SetPriority
<LI><a href="#[87]">&gt;&gt;</a>&nbsp;&nbsp;&nbsp;__NVIC_ClearPendingIRQ
</UL>
<BR>[Called By]<UL><LI><a href="#[8d]">&gt;&gt;</a>&nbsp;&nbsp;&nbsp;Uart_Init
</UL>

<P><STRONG><a name="[8a]"></a>UartGetInternDataPtr</STRONG> (Thumb, 38 bytes, Stack size 8 bytes, uart.o(i.UartGetInternDataPtr))
<BR><BR>[Stack]<UL><LI>Max Depth = 8<LI>Call Chain = UartGetInternDataPtr
</UL>
<BR>[Called By]<UL><LI><a href="#[93]">&gt;&gt;</a>&nbsp;&nbsp;&nbsp;Uart_SetMMDOrCk
<LI><a href="#[91]">&gt;&gt;</a>&nbsp;&nbsp;&nbsp;Uart_SetBaudRate
<LI><a href="#[90]">&gt;&gt;</a>&nbsp;&nbsp;&nbsp;Uart_SendData
<LI><a href="#[73]">&gt;&gt;</a>&nbsp;&nbsp;&nbsp;Uart_ReceiveData
<LI><a href="#[8d]">&gt;&gt;</a>&nbsp;&nbsp;&nbsp;Uart_Init
<LI><a href="#[85]">&gt;&gt;</a>&nbsp;&nbsp;&nbsp;Uart_EnableIrq
<LI><a href="#[8b]">&gt;&gt;</a>&nbsp;&nbsp;&nbsp;Uart_EnableFunc
<LI><a href="#[84]">&gt;&gt;</a>&nbsp;&nbsp;&nbsp;Uart_DisableIrq
<LI><a href="#[83]">&gt;&gt;</a>&nbsp;&nbsp;&nbsp;Uart_ClrStatus
<LI><a href="#[8f]">&gt;&gt;</a>&nbsp;&nbsp;&nbsp;Uart_SetMultiMode
<LI><a href="#[8e]">&gt;&gt;</a>&nbsp;&nbsp;&nbsp;Uart_SetMode
<LI><a href="#[8c]">&gt;&gt;</a>&nbsp;&nbsp;&nbsp;Uart_GetStatus
<LI><a href="#[75]">&gt;&gt;</a>&nbsp;&nbsp;&nbsp;Uart_IRQHandler
</UL>

<P><STRONG><a name="[89]"></a>UartInitNvic</STRONG> (Thumb, 58 bytes, Stack size 8 bytes, uart.o(i.UartInitNvic))
<BR><BR>[Stack]<UL><LI>Max Depth = 64 + Unknown Stack Size
<LI>Call Chain = UartInitNvic &rArr; __aeabi_assert &rArr; abort &rArr; __rt_SIGABRT &rArr; __rt_SIGABRT_inner &rArr; __default_signal_display
</UL>
<BR>[Calls]<UL><LI><a href="#[44]">&gt;&gt;</a>&nbsp;&nbsp;&nbsp;__aeabi_assert
<LI><a href="#[88]">&gt;&gt;</a>&nbsp;&nbsp;&nbsp;__NVIC_SetPriority
<LI><a href="#[87]">&gt;&gt;</a>&nbsp;&nbsp;&nbsp;__NVIC_ClearPendingIRQ
</UL>
<BR>[Called By]<UL><LI><a href="#[8d]">&gt;&gt;</a>&nbsp;&nbsp;&nbsp;Uart_Init
</UL>

<P><STRONG><a name="[87]"></a>__NVIC_ClearPendingIRQ</STRONG> (Thumb, 18 bytes, Stack size 0 bytes, uart.o(i.__NVIC_ClearPendingIRQ))
<BR><BR>[Called By]<UL><LI><a href="#[89]">&gt;&gt;</a>&nbsp;&nbsp;&nbsp;UartInitNvic
<LI><a href="#[86]">&gt;&gt;</a>&nbsp;&nbsp;&nbsp;UartDeInitNvic
</UL>

<P><STRONG><a name="[88]"></a>__NVIC_SetPriority</STRONG> (Thumb, 60 bytes, Stack size 0 bytes, uart.o(i.__NVIC_SetPriority))
<BR><BR>[Called By]<UL><LI><a href="#[89]">&gt;&gt;</a>&nbsp;&nbsp;&nbsp;UartInitNvic
<LI><a href="#[86]">&gt;&gt;</a>&nbsp;&nbsp;&nbsp;UartDeInitNvic
</UL>
<P>
<H3>
Undefined Global Symbols
</H3>
<P><STRONG><a name="[7c]"></a>Adc_IRQHandler</STRONG> (ARM, 0 bytes, Stack size 0 bytes, UNDEFINED)
<BR><BR>[Called By]<UL><LI><a href="#[23]">&gt;&gt;</a>&nbsp;&nbsp;&nbsp;IRQ024_Handler
</UL>

<P><STRONG><a name="[79]"></a>Adt_IRQHandler</STRONG> (ARM, 0 bytes, Stack size 0 bytes, UNDEFINED)
<BR><BR>[Called By]<UL><LI><a href="#[1f]">&gt;&gt;</a>&nbsp;&nbsp;&nbsp;IRQ020_Handler
<LI><a href="#[1e]">&gt;&gt;</a>&nbsp;&nbsp;&nbsp;IRQ019_Handler
<LI><a href="#[1d]">&gt;&gt;</a>&nbsp;&nbsp;&nbsp;IRQ018_Handler
</UL>

<P><STRONG><a name="[80]"></a>ClkTrim_IRQHandler</STRONG> (ARM, 0 bytes, Stack size 0 bytes, UNDEFINED)
<BR><BR>[Called By]<UL><LI><a href="#[2a]">&gt;&gt;</a>&nbsp;&nbsp;&nbsp;IRQ031_Handler
</UL>

<P><STRONG><a name="[7f]"></a>EfRam_IRQHandler</STRONG> (ARM, 0 bytes, Stack size 0 bytes, UNDEFINED)
<BR><BR>[Called By]<UL><LI><a href="#[29]">&gt;&gt;</a>&nbsp;&nbsp;&nbsp;IRQ030_Handler
</UL>

<P><STRONG><a name="[74]"></a>Gpio_IRQHandler</STRONG> (ARM, 0 bytes, Stack size 0 bytes, UNDEFINED)
<BR><BR>[Called By]<UL><LI><a href="#[e]">&gt;&gt;</a>&nbsp;&nbsp;&nbsp;IRQ003_Handler
<LI><a href="#[d]">&gt;&gt;</a>&nbsp;&nbsp;&nbsp;IRQ002_Handler
<LI><a href="#[c]">&gt;&gt;</a>&nbsp;&nbsp;&nbsp;IRQ001_Handler
<LI><a href="#[b]">&gt;&gt;</a>&nbsp;&nbsp;&nbsp;IRQ000_Handler
</UL>

<P><STRONG><a name="[77]"></a>I2c_IRQHandler</STRONG> (ARM, 0 bytes, Stack size 0 bytes, UNDEFINED)
<BR><BR>[Called By]<UL><LI><a href="#[17]">&gt;&gt;</a>&nbsp;&nbsp;&nbsp;IRQ012_Handler
</UL>

<P><STRONG><a name="[7e]"></a>Lvd_IRQHandler</STRONG> (ARM, 0 bytes, Stack size 0 bytes, UNDEFINED)
<BR><BR>[Called By]<UL><LI><a href="#[27]">&gt;&gt;</a>&nbsp;&nbsp;&nbsp;IRQ028_Handler
</UL>

<P><STRONG><a name="[7a]"></a>Pca_IRQHandler</STRONG> (ARM, 0 bytes, Stack size 0 bytes, UNDEFINED)
<BR><BR>[Called By]<UL><LI><a href="#[20]">&gt;&gt;</a>&nbsp;&nbsp;&nbsp;IRQ021_Handler
</UL>

<P><STRONG><a name="[76]"></a>Spi_IRQHandler</STRONG> (ARM, 0 bytes, Stack size 0 bytes, UNDEFINED)
<BR><BR>[Called By]<UL><LI><a href="#[15]">&gt;&gt;</a>&nbsp;&nbsp;&nbsp;IRQ010_Handler
</UL>

<P><STRONG><a name="[7d]"></a>Vc_IRQHandler</STRONG> (ARM, 0 bytes, Stack size 0 bytes, UNDEFINED)
<BR><BR>[Called By]<UL><LI><a href="#[26]">&gt;&gt;</a>&nbsp;&nbsp;&nbsp;IRQ027_Handler
<LI><a href="#[25]">&gt;&gt;</a>&nbsp;&nbsp;&nbsp;IRQ026_Handler
</UL>

<P><STRONG><a name="[7b]"></a>Wdt_IRQHandler</STRONG> (ARM, 0 bytes, Stack size 0 bytes, UNDEFINED)
<BR><BR>[Called By]<UL><LI><a href="#[21]">&gt;&gt;</a>&nbsp;&nbsp;&nbsp;IRQ022_Handler
</UL>

<P><STRONG><a name="[52]"></a>_call_atexit_fns</STRONG> (ARM, 0 bytes, Stack size 0 bytes, UNDEFINED)
<BR><BR>[Called By]<UL><LI><a href="#[3f]">&gt;&gt;</a>&nbsp;&nbsp;&nbsp;exit
</UL>
<HR></body></html>
